#-----------------------------------------------------------
# Vivado v2023.2 (64-bit)
# SW Build 4029153 on Fri Oct 13 20:14:34 MDT 2023
# IP Build 4028589 on Sat Oct 14 00:45:43 MDT 2023
# SharedData Build 4025554 on Tue Oct 10 17:18:54 MDT 2023
# Start of session at: Sun May  3 03:14:34 2026
# Process ID: 38112
# Current directory: E:/JYD2025_Contest-rv32i55555/JYD2025_Contest-rv32i
# Command line: vivado.exe -gui_launcher_event rodinguilauncherevent39904 E:\JYD2025_Contest-rv32i55555\JYD2025_Contest-rv32i\digital_twin.xpr
# Log file: E:/JYD2025_Contest-rv32i55555/JYD2025_Contest-rv32i/vivado.log
# Journal file: E:/JYD2025_Contest-rv32i55555/JYD2025_Contest-rv32i\vivado.jou
# Running On: o, OS: Windows, CPU Frequency: 3094 MHz, CPU Physical cores: 16, Host memory: 16849 MB
#-----------------------------------------------------------
start_gui
open_project E:/JYD2025_Contest-rv32i55555/JYD2025_Contest-rv32i/digital_twin.xpr
WARNING: [Board 49-26] cannot add Board Part xilinx.com:kcu116:part0:1.4 available at E:/Xilinx/Vivado/2023.2/data/xhub/boards/XilinxBoardStore/boards/Xilinx/kcu116/1.4/board.xml as part xcku5p-ffvb676-2-e specified in board_part file is either invalid or not available
WARNING: [Board 49-26] cannot add Board Part xilinx.com:kcu116:part0:1.5 available at E:/Xilinx/Vivado/2023.2/data/xhub/boards/XilinxBoardStore/boards/Xilinx/kcu116/1.5/board.xml as part xcku5p-ffvb676-2-e specified in board_part file is either invalid or not available
WARNING: [Board 49-26] cannot add Board Part xilinx.com:vck190:part0:2.2 available at E:/Xilinx/Vivado/2023.2/data/xhub/boards/XilinxBoardStore/boards/Xilinx/vck190/production/2.2/board.xml as part xcvc1902-vsva2197-2mp-e-s specified in board_part file is either invalid or not available
WARNING: [Board 49-26] cannot add Board Part xilinx.com:vck190:part0:3.0 available at E:/Xilinx/Vivado/2023.2/data/xhub/boards/XilinxBoardStore/boards/Xilinx/vck190/production/3.0/board.xml as part xcvc1902-vsva2197-2mp-e-s specified in board_part file is either invalid or not available
WARNING: [Board 49-26] cannot add Board Part xilinx.com:vck190:part0:3.1 available at E:/Xilinx/Vivado/2023.2/data/xhub/boards/XilinxBoardStore/boards/Xilinx/vck190/production/3.1/board.xml as part xcvc1902-vsva2197-2mp-e-s specified in board_part file is either invalid or not available
WARNING: [Board 49-26] cannot add Board Part xilinx.com:vck190:part0:3.2 available at E:/Xilinx/Vivado/2023.2/data/xhub/boards/XilinxBoardStore/boards/Xilinx/vck190/production/3.2/board.xml as part xcvc1902-vsva2197-2mp-e-s specified in board_part file is either invalid or not available
WARNING: [Board 49-26] cannot add Board Part xilinx.com:vck190_newl:part0:1.0 available at E:/Xilinx/Vivado/2023.2/data/xhub/boards/XilinxBoardStore/boards/Xilinx/vck190_newl/production/1.0/board.xml as part xcvc1902-vsva2197-2mp-e-s specified in board_part file is either invalid or not available
WARNING: [Board 49-26] cannot add Board Part xilinx.com:vck190_newl:part0:1.1 available at E:/Xilinx/Vivado/2023.2/data/xhub/boards/XilinxBoardStore/boards/Xilinx/vck190_newl/production/1.1/board.xml as part xcvc1902-vsva2197-2mp-e-s specified in board_part file is either invalid or not available
WARNING: [Board 49-26] cannot add Board Part xilinx.com:vek280:part0:1.0 available at E:/Xilinx/Vivado/2023.2/data/xhub/boards/XilinxBoardStore/boards/Xilinx/vek280/production/1.0/board.xml as part xcve2802-vsvh1760-2mp-e-s specified in board_part file is either invalid or not available
WARNING: [Board 49-26] cannot add Board Part xilinx.com:vek280_es:part0:1.0 available at E:/Xilinx/Vivado/2023.2/data/xhub/boards/XilinxBoardStore/boards/Xilinx/vek280/es/rev_a/1.0/board.xml as part xcve2802-vsvh1760-2lp-e-s-es1 specified in board_part file is either invalid or not available
WARNING: [Board 49-26] cannot add Board Part xilinx.com:vek280_es:part0:1.1 available at E:/Xilinx/Vivado/2023.2/data/xhub/boards/XilinxBoardStore/boards/Xilinx/vek280/es/rev_a/1.1/board.xml as part xcve2802-vsvh1760-2lp-e-s-es1 specified in board_part file is either invalid or not available
WARNING: [Board 49-26] cannot add Board Part xilinx.com:vek280_es_revb:part0:1.0 available at E:/Xilinx/Vivado/2023.2/data/xhub/boards/XilinxBoardStore/boards/Xilinx/vek280/es/rev_b/1.0/board.xml as part xcve2802-vsvh1760-2mp-e-s-es1 specified in board_part file is either invalid or not available
WARNING: [Board 49-26] cannot add Board Part xilinx.com:vek280_es_revb:part0:1.1 available at E:/Xilinx/Vivado/2023.2/data/xhub/boards/XilinxBoardStore/boards/Xilinx/vek280/es/rev_b/1.1/board.xml as part xcve2802-vsvh1760-2mp-e-s-es1 specified in board_part file is either invalid or not available
WARNING: [Board 49-26] cannot add Board Part xilinx.com:vermeo_t1_mpsoc:part0:1.0 available at E:/Xilinx/Vivado/2023.2/data/xhub/boards/XilinxBoardStore/boards/Xilinx/vermeo_t1_mpsoc/1.0/board.xml as part xczu19eg-ffvd1760-2l-e specified in board_part file is either invalid or not available
WARNING: [Board 49-26] cannot add Board Part xilinx.com:vermeo_t1_rfsoc:part0:1.0 available at E:/Xilinx/Vivado/2023.2/data/xhub/boards/XilinxBoardStore/boards/Xilinx/vermeo_t1_rfsoc/1.0/board.xml as part xczu21dr-ffvd1156-2l-e specified in board_part file is either invalid or not available
WARNING: [Board 49-26] cannot add Board Part xilinx.com:vhk158:part0:1.0 available at E:/Xilinx/Vivado/2023.2/data/xhub/boards/XilinxBoardStore/boards/Xilinx/vhk158/production/1.0/board.xml as part xcvh1582-vsva3697-2mp-e-s specified in board_part file is either invalid or not available
WARNING: [Board 49-26] cannot add Board Part xilinx.com:vhk158:part0:1.1 available at E:/Xilinx/Vivado/2023.2/data/xhub/boards/XilinxBoardStore/boards/Xilinx/vhk158/production/1.1/board.xml as part xcvh1582-vsva3697-2mp-e-s specified in board_part file is either invalid or not available
WARNING: [Board 49-26] cannot add Board Part xilinx.com:vhk158_es:part0:1.0 available at E:/Xilinx/Vivado/2023.2/data/xhub/boards/XilinxBoardStore/boards/Xilinx/vhk158/es/1.0/board.xml as part xcvh1582-vsva3697-2mp-e-s-es1 specified in board_part file is either invalid or not available
WARNING: [Board 49-26] cannot add Board Part xilinx.com:vhk158_es:part0:1.1 available at E:/Xilinx/Vivado/2023.2/data/xhub/boards/XilinxBoardStore/boards/Xilinx/vhk158/es/1.1/board.xml as part xcvh1582-vsva3697-2mp-e-s-es1 specified in board_part file is either invalid or not available
WARNING: [Board 49-26] cannot add Board Part xilinx.com:vmk180:part0:2.2 available at E:/Xilinx/Vivado/2023.2/data/xhub/boards/XilinxBoardStore/boards/Xilinx/vmk180/production/2.2/board.xml as part xcvm1802-vsva2197-2mp-e-s specified in board_part file is either invalid or not available
WARNING: [Board 49-26] cannot add Board Part xilinx.com:vmk180:part0:3.0 available at E:/Xilinx/Vivado/2023.2/data/xhub/boards/XilinxBoardStore/boards/Xilinx/vmk180/production/3.0/board.xml as part xcvm1802-vsva2197-2mp-e-s specified in board_part file is either invalid or not available
WARNING: [Board 49-26] cannot add Board Part xilinx.com:vmk180:part0:3.1 available at E:/Xilinx/Vivado/2023.2/data/xhub/boards/XilinxBoardStore/boards/Xilinx/vmk180/production/3.1/board.xml as part xcvm1802-vsva2197-2mp-e-s specified in board_part file is either invalid or not available
WARNING: [Board 49-26] cannot add Board Part xilinx.com:vmk180:part0:3.2 available at E:/Xilinx/Vivado/2023.2/data/xhub/boards/XilinxBoardStore/boards/Xilinx/vmk180/production/3.2/board.xml as part xcvm1802-vsva2197-2mp-e-s specified in board_part file is either invalid or not available
WARNING: [Board 49-26] cannot add Board Part xilinx.com:vmk180_newl:part0:1.0 available at E:/Xilinx/Vivado/2023.2/data/xhub/boards/XilinxBoardStore/boards/Xilinx/vmk180_newl/production/1.0/board.xml as part xcvm1802-vsva2197-2mp-e-s specified in board_part file is either invalid or not available
WARNING: [Board 49-26] cannot add Board Part xilinx.com:vmk180_newl:part0:1.1 available at E:/Xilinx/Vivado/2023.2/data/xhub/boards/XilinxBoardStore/boards/Xilinx/vmk180_newl/production/1.1/board.xml as part xcvm1802-vsva2197-2mp-e-s specified in board_part file is either invalid or not available
WARNING: [Board 49-26] cannot add Board Part xilinx.com:vpk120:part0:1.0 available at E:/Xilinx/Vivado/2023.2/data/xhub/boards/XilinxBoardStore/boards/Xilinx/vpk120/production/1.0/board.xml as part xcvp1202-vsva2785-2mp-e-s specified in board_part file is either invalid or not available
WARNING: [Board 49-26] cannot add Board Part xilinx.com:vpk120:part0:1.1 available at E:/Xilinx/Vivado/2023.2/data/xhub/boards/XilinxBoardStore/boards/Xilinx/vpk120/production/1.1/board.xml as part xcvp1202-vsva2785-2mp-e-s specified in board_part file is either invalid or not available
WARNING: [Board 49-26] cannot add Board Part xilinx.com:vpk120:part0:1.2 available at E:/Xilinx/Vivado/2023.2/data/xhub/boards/XilinxBoardStore/boards/Xilinx/vpk120/production/1.2/board.xml as part xcvp1202-vsva2785-2mp-e-s specified in board_part file is either invalid or not available
WARNING: [Board 49-26] cannot add Board Part xilinx.com:vpk180:part0:1.0 available at E:/Xilinx/Vivado/2023.2/data/xhub/boards/XilinxBoardStore/boards/Xilinx/vpk180/production/1.0/board.xml as part xcvp1802-lsvc4072-2mp-e-s specified in board_part file is either invalid or not available
WARNING: [Board 49-26] cannot add Board Part xilinx.com:vpk180:part0:1.1 available at E:/Xilinx/Vivado/2023.2/data/xhub/boards/XilinxBoardStore/boards/Xilinx/vpk180/production/1.1/board.xml as part xcvp1802-lsvc4072-2mp-e-s specified in board_part file is either invalid or not available
WARNING: [Board 49-26] cannot add Board Part xilinx.com:zc702:part0:1.4 available at E:/Xilinx/Vivado/2023.2/data/xhub/boards/XilinxBoardStore/boards/Xilinx/zc702/1.4/board.xml as part xc7z020clg484-1 specified in board_part file is either invalid or not available
WARNING: [Board 49-26] cannot add Board Part xilinx.com:zc706:part0:1.4 available at E:/Xilinx/Vivado/2023.2/data/xhub/boards/XilinxBoardStore/boards/Xilinx/zc706/1.4/board.xml as part xc7z045ffg900-2 specified in board_part file is either invalid or not available
WARNING: [Board 49-26] cannot add Board Part xilinx.com:zcu102:part0:3.3 available at E:/Xilinx/Vivado/2023.2/data/xhub/boards/XilinxBoardStore/boards/Xilinx/zcu102/3.3/board.xml as part xczu9eg-ffvb1156-2-e specified in board_part file is either invalid or not available
WARNING: [Board 49-26] cannot add Board Part xilinx.com:zcu102:part0:3.4 available at E:/Xilinx/Vivado/2023.2/data/xhub/boards/XilinxBoardStore/boards/Xilinx/zcu102/3.4/board.xml as part xczu9eg-ffvb1156-2-e specified in board_part file is either invalid or not available
WARNING: [Board 49-26] cannot add Board Part xilinx.com:zcu104:part0:1.1 available at E:/Xilinx/Vivado/2023.2/data/xhub/boards/XilinxBoardStore/boards/Xilinx/zcu104/1.1/board.xml as part xczu7ev-ffvc1156-2-e specified in board_part file is either invalid or not available
WARNING: [Board 49-26] cannot add Board Part xilinx.com:zcu106:part0:2.4 available at E:/Xilinx/Vivado/2023.2/data/xhub/boards/XilinxBoardStore/boards/Xilinx/zcu106/2.4/board.xml as part xczu7ev-ffvc1156-2-e specified in board_part file is either invalid or not available
WARNING: [Board 49-26] cannot add Board Part xilinx.com:zcu106:part0:2.5 available at E:/Xilinx/Vivado/2023.2/data/xhub/boards/XilinxBoardStore/boards/Xilinx/zcu106/2.5/board.xml as part xczu7ev-ffvc1156-2-e specified in board_part file is either invalid or not available
WARNING: [Board 49-26] cannot add Board Part xilinx.com:zcu106:part0:2.6 available at E:/Xilinx/Vivado/2023.2/data/xhub/boards/XilinxBoardStore/boards/Xilinx/zcu106/2.6/board.xml as part xczu7ev-ffvc1156-2-e specified in board_part file is either invalid or not available
WARNING: [Board 49-26] cannot add Board Part xilinx.com:zcu111:part0:1.2 available at E:/Xilinx/Vivado/2023.2/data/xhub/boards/XilinxBoardStore/boards/Xilinx/zcu111/1.2/board.xml as part xczu28dr-ffvg1517-2-e specified in board_part file is either invalid or not available
WARNING: [Board 49-26] cannot add Board Part xilinx.com:zcu111:part0:1.3 available at E:/Xilinx/Vivado/2023.2/data/xhub/boards/XilinxBoardStore/boards/Xilinx/zcu111/1.3/board.xml as part xczu28dr-ffvg1517-2-e specified in board_part file is either invalid or not available
WARNING: [Board 49-26] cannot add Board Part xilinx.com:zcu111:part0:1.4 available at E:/Xilinx/Vivado/2023.2/data/xhub/boards/XilinxBoardStore/boards/Xilinx/zcu111/1.4/board.xml as part xczu28dr-ffvg1517-2-e specified in board_part file is either invalid or not available
WARNING: [Board 49-26] cannot add Board Part xilinx.com:zcu1275:part0:1.0 available at E:/Xilinx/Vivado/2023.2/data/xhub/boards/XilinxBoardStore/boards/Xilinx/zcu1275/1.0/board.xml as part xczu29dr-ffvf1760-2-e specified in board_part file is either invalid or not available
WARNING: [Board 49-26] cannot add Board Part xilinx.com:zcu1285:part0:1.0 available at E:/Xilinx/Vivado/2023.2/data/xhub/boards/XilinxBoardStore/boards/Xilinx/zcu1285/1.0/board.xml as part xczu39dr-ffvf1760-2-i specified in board_part file is either invalid or not available
WARNING: [Board 49-26] cannot add Board Part xilinx.com:zcu208:part0:2.0 available at E:/Xilinx/Vivado/2023.2/data/xhub/boards/XilinxBoardStore/boards/Xilinx/zcu208/production/2.0/board.xml as part xczu48dr-fsvg1517-2-e specified in board_part file is either invalid or not available
WARNING: [Board 49-26] cannot add Board Part xilinx.com:zcu208ld:part0:2.0 available at E:/Xilinx/Vivado/2023.2/data/xhub/boards/XilinxBoardStore/boards/Xilinx/zcu208ld/production/2.0/board.xml as part xczu58dr-fsvg1517-2-i specified in board_part file is either invalid or not available
WARNING: [Board 49-26] cannot add Board Part xilinx.com:zcu216:part0:2.0 available at E:/Xilinx/Vivado/2023.2/data/xhub/boards/XilinxBoardStore/boards/Xilinx/zcu216/production/2.0/board.xml as part xczu49dr-ffvf1760-2-e specified in board_part file is either invalid or not available
WARNING: [Board 49-26] cannot add Board Part xilinx.com:zcu216ld:part0:2.0 available at E:/Xilinx/Vivado/2023.2/data/xhub/boards/XilinxBoardStore/boards/Xilinx/zcu216ld/production/2.0/board.xml as part xczu59dr-ffvf1760-2-i specified in board_part file is either invalid or not available
WARNING: [Board 49-26] cannot add Board Part xilinx.com:zcu670:part0:2.0 available at E:/Xilinx/Vivado/2023.2/data/xhub/boards/XilinxBoardStore/boards/Xilinx/zcu670/2.0/board.xml as part xczu67dr-fsve1156-2-i specified in board_part file is either invalid or not available
WARNING: [Board 49-26] cannot add Board Part xilinx.com:zcu670ld:part0:1.0 available at E:/Xilinx/Vivado/2023.2/data/xhub/boards/XilinxBoardStore/boards/Xilinx/zcu670ld/1.0/board.xml as part xczu57dr-fsve1156-2-i specified in board_part file is either invalid or not available
WARNING: [filemgmt 56-3] IP Repository Path: Could not find the directory 'E:/../AppData/Roaming/Xilinx/ip_repo'.
Scanning sources...
Finished scanning sources
INFO: [IP_Flow 19-234] Refreshing IP repositories
WARNING: [IP_Flow 19-2248] Failed to load user IP repository 'e:AppData/Roaming/Xilinx/ip_repo'; Can't find the specified path.
If this directory should no longer be in your list of user repositories, go to the IP Settings dialog and remove it.
INFO: [IP_Flow 19-2313] Loaded Vivado IP repository 'E:/Xilinx/Vivado/2023.2/data/ip'.
open_project: Time (s): cpu = 00:00:29 ; elapsed = 00:00:13 . Memory (MB): peak = 1539.297 ; gain = 413.605
update_compile_order -fileset sources_1
launch_simulation
Command: launch_simulation 
INFO: [Vivado 12-12493] Simulation top is 'tb_myCPU'
WARNING: [Vivado 12-13340] Unable to auto find GCC executables from simulator install path! (path not set)
INFO: [Vivado 12-5698] Checking validity of IPs in the design for the 'XSim' simulator...
INFO: [Vivado 12-5682] Launching behavioral simulation in 'E:/JYD2025_Contest-rv32i55555/JYD2025_Contest-rv32i/digital_twin.sim/sim_1/behav/xsim'
INFO: [Vivado 12-13660] Precompiled IP simulation library mode is enabled (default). The design IP libraries will be referenced from the compiled library path. Please note that if the precompiled version of the library is not found from the path or the IP is in locked state, then the library source files for these IPs will be compiled locally as part of the compile order.
INFO: [Vivado 12-4795] Using compiled simulation libraries for IPs
INFO: [SIM-utils-51] Simulation object is 'sim_1'
INFO: [SIM-utils-72] Using boost library from 'E:/Xilinx/Vivado/2023.2/tps/boost_1_72_0'
INFO: [USF-XSim-7] Finding pre-compiled libraries...
INFO: [USF-XSim-11] File 'E:/Xilinx/Vivado/2023.2/data/xsim/xsim.ini' copied to run dir:'E:/JYD2025_Contest-rv32i55555/JYD2025_Contest-rv32i/digital_twin.sim/sim_1/behav/xsim'
INFO: [SIM-utils-54] Inspecting design source files for 'tb_myCPU' in fileset 'sim_1'...
INFO: [SIM-utils-43] Exported 'E:/JYD2025_Contest-rv32i55555/JYD2025_Contest-rv32i/digital_twin.sim/sim_1/behav/xsim/DRAM.mif'
INFO: [SIM-utils-43] Exported 'E:/JYD2025_Contest-rv32i55555/JYD2025_Contest-rv32i/digital_twin.sim/sim_1/behav/xsim/dram.coe'
INFO: [SIM-utils-43] Exported 'E:/JYD2025_Contest-rv32i55555/JYD2025_Contest-rv32i/digital_twin.sim/sim_1/behav/xsim/DRAM_BRAM.mif'
INFO: [SIM-utils-43] Exported 'E:/JYD2025_Contest-rv32i55555/JYD2025_Contest-rv32i/digital_twin.sim/sim_1/behav/xsim/dram.coe'
INFO: [SIM-utils-43] Exported 'E:/JYD2025_Contest-rv32i55555/JYD2025_Contest-rv32i/digital_twin.sim/sim_1/behav/xsim/IROM.mif'
INFO: [SIM-utils-43] Exported 'E:/JYD2025_Contest-rv32i55555/JYD2025_Contest-rv32i/digital_twin.sim/sim_1/behav/xsim/irom.coe'
INFO: [SIM-utils-43] Exported 'E:/JYD2025_Contest-rv32i55555/JYD2025_Contest-rv32i/digital_twin.sim/sim_1/behav/xsim/dram.coe'
INFO: [SIM-utils-43] Exported 'E:/JYD2025_Contest-rv32i55555/JYD2025_Contest-rv32i/digital_twin.sim/sim_1/behav/xsim/irom.coe'
INFO: [SIM-utils-43] Exported 'E:/JYD2025_Contest-rv32i55555/JYD2025_Contest-rv32i/digital_twin.sim/sim_1/behav/xsim/irom.coe'
INFO: [SIM-utils-43] Exported 'E:/JYD2025_Contest-rv32i55555/JYD2025_Contest-rv32i/digital_twin.sim/sim_1/behav/xsim/dram.coe'
INFO: [SIM-utils-43] Exported 'E:/JYD2025_Contest-rv32i55555/JYD2025_Contest-rv32i/digital_twin.sim/sim_1/behav/xsim/irom.coe'
INFO: [USF-XSim-97] Finding global include files...
INFO: [USF-XSim-98] Fetching design files from 'sim_1'...
INFO: [USF-XSim-2] XSim::Compile design
INFO: [USF-XSim-61] Executing 'COMPILE and ANALYZE' step in 'E:/JYD2025_Contest-rv32i55555/JYD2025_Contest-rv32i/digital_twin.sim/sim_1/behav/xsim'
"xvlog --incr --relax -L uvm -prj tb_myCPU_vlog.prj"
ECHO 处于关闭状态。
ECHO 处于关闭状态。
INFO: [VRFC 10-2263] Analyzing Verilog file "E:/JYD2025_Contest-rv32i55555/JYD2025_Contest-rv32i/digital_twin.gen/sources_1/ip/DRAM_BRAM/sim/DRAM_BRAM.v" into library xil_defaultlib
INFO: [VRFC 10-311] analyzing module DRAM_BRAM
INFO: [VRFC 10-2263] Analyzing Verilog file "E:/JYD2025_Contest-rv32i55555/JYD2025_Contest-rv32i/digital_twin.gen/sources_1/ip/IROM/sim/IROM.v" into library xil_defaultlib
INFO: [VRFC 10-311] analyzing module IROM
INFO: [VRFC 10-2263] Analyzing Verilog file "E:/JYD2025_Contest-rv32i55555/JYD2025_Contest-rv32i/digital_twin.gen/sources_1/ip/pll/pll_clk_wiz.v" into library xil_defaultlib
INFO: [VRFC 10-311] analyzing module pll_clk_wiz
INFO: [VRFC 10-2263] Analyzing Verilog file "E:/JYD2025_Contest-rv32i55555/JYD2025_Contest-rv32i/digital_twin.gen/sources_1/ip/pll/pll.v" into library xil_defaultlib
INFO: [VRFC 10-311] analyzing module pll
INFO: [VRFC 10-2263] Analyzing SystemVerilog file "E:/JYD2025_Contest-rv32i55555/JYD2025_Contest-rv32i/digital_twin.srcs/sources_1/imports/new/ACTL.sv" into library xil_defaultlib
INFO: [VRFC 10-311] analyzing module ACTL
INFO: [VRFC 10-2263] Analyzing SystemVerilog file "E:/JYD2025_Contest-rv32i55555/JYD2025_Contest-rv32i/digital_twin.srcs/sources_1/imports/new/ALU.sv" into library xil_defaultlib
INFO: [VRFC 10-311] analyzing module ALU
INFO: [VRFC 10-2263] Analyzing SystemVerilog file "E:/JYD2025_Contest-rv32i55555/JYD2025_Contest-rv32i/digital_twin.srcs/sources_1/imports/new/Control.sv" into library xil_defaultlib
INFO: [VRFC 10-311] analyzing module Control
INFO: [VRFC 10-2263] Analyzing SystemVerilog file "E:/JYD2025_Contest-rv32i55555/JYD2025_Contest-rv32i/digital_twin.srcs/sources_1/imports/new/IMMGEN.sv" into library xil_defaultlib
INFO: [VRFC 10-311] analyzing module IMMGEN
INFO: [VRFC 10-2263] Analyzing SystemVerilog file "E:/JYD2025_Contest-rv32igitttttt/JYD2025_Contest-rv32i/digital_twin.srcs/sources_1/imports/new/MUX4_1.sv" into library xil_defaultlib
INFO: [VRFC 10-311] analyzing module MUX4_1
INFO: [VRFC 10-2263] Analyzing SystemVerilog file "E:/JYD2025_Contest-rv32i55555/JYD2025_Contest-rv32i/digital_twin.srcs/sources_1/imports/new/Mask.sv" into library xil_defaultlib
INFO: [VRFC 10-311] analyzing module Mask
INFO: [VRFC 10-2263] Analyzing SystemVerilog file "E:/JYD2025_Contest-rv32i55555/JYD2025_Contest-rv32i/digital_twin.srcs/sources_1/imports/new/PC.sv" into library xil_defaultlib
INFO: [VRFC 10-311] analyzing module PC
INFO: [VRFC 10-2263] Analyzing SystemVerilog file "E:/JYD2025_Contest-rv32i55555/JYD2025_Contest-rv32i/digital_twin.srcs/sources_1/imports/new/RF.sv" into library xil_defaultlib
INFO: [VRFC 10-311] analyzing module RF
INFO: [VRFC 10-2263] Analyzing SystemVerilog file "E:/JYD2025_Contest-rv32i55555/JYD2025_Contest-rv32i/digital_twin.srcs/sources_1/new/counter.sv" into library xil_defaultlib
INFO: [VRFC 10-311] analyzing module counter
INFO: [VRFC 10-2263] Analyzing SystemVerilog file "E:/JYD2025_Contest-rv32i55555/JYD2025_Contest-rv32i/digital_twin.srcs/sources_1/new/display_seg.sv" into library xil_defaultlib
INFO: [VRFC 10-311] analyzing module display_seg
INFO: [VRFC 10-2263] Analyzing SystemVerilog file "E:/JYD2025_Contest-rv32i55555/JYD2025_Contest-rv32i/digital_twin.srcs/sources_1/new/dram_driver.sv" into library xil_defaultlib
INFO: [VRFC 10-311] analyzing module dram_driver
INFO: [VRFC 10-2263] Analyzing SystemVerilog file "E:/JYD2025_Contest-rv32i55555/JYD2025_Contest-rv32i/digital_twin.srcs/sources_1/imports/new/myCPU.sv" into library xil_defaultlib
INFO: [VRFC 10-311] analyzing module myCPU
INFO: [VRFC 10-2263] Analyzing SystemVerilog file "E:/JYD2025_Contest-rv32i55555/JYD2025_Contest-rv32i/digital_twin.srcs/sources_1/new/perip_bridge.sv" into library xil_defaultlib
INFO: [VRFC 10-311] analyzing module perip_bridge
INFO: [VRFC 10-2263] Analyzing SystemVerilog file "E:/JYD2025_Contest-rv32i55555/JYD2025_Contest-rv32i/digital_twin.srcs/sources_1/new/seg7.sv" into library xil_defaultlib
INFO: [VRFC 10-311] analyzing module seg7
INFO: [VRFC 10-2263] Analyzing SystemVerilog file "E:/JYD2025_Contest-rv32i55555/JYD2025_Contest-rv32i/digital_twin.srcs/sources_1/new/stage_EX.sv" into library xil_defaultlib
INFO: [VRFC 10-311] analyzing module stage_EX
INFO: [VRFC 10-2263] Analyzing SystemVerilog file "E:/JYD2025_Contest-rv32i55555/JYD2025_Contest-rv32i/digital_twin.srcs/sources_1/new/stage_ID.sv" into library xil_defaultlib
INFO: [VRFC 10-311] analyzing module stage_ID
INFO: [VRFC 10-2263] Analyzing SystemVerilog file "E:/JYD2025_Contest-rv32i55555/JYD2025_Contest-rv32i/digital_twin.srcs/sources_1/new/stage_IF.sv" into library xil_defaultlib
INFO: [VRFC 10-311] analyzing module stage_IF
INFO: [VRFC 10-2263] Analyzing SystemVerilog file "E:/JYD2025_Contest-rv32i55555/JYD2025_Contest-rv32i/digital_twin.srcs/sources_1/new/stage_MEM.sv" into library xil_defaultlib
INFO: [VRFC 10-311] analyzing module stage_MEM
WARNING: [VRFC 10-3380] identifier 'mem_valid_eff' is used before its declaration [E:/JYD2025_Contest-rv32i55555/JYD2025_Contest-rv32i/digital_twin.srcs/sources_1/new/stage_MEM.sv:94]
INFO: [VRFC 10-2263] Analyzing SystemVerilog file "E:/JYD2025_Contest-rv32i55555/JYD2025_Contest-rv32i/digital_twin.srcs/sources_1/new/stage_WB.sv" into library xil_defaultlib
INFO: [VRFC 10-311] analyzing module stage_WB
INFO: [VRFC 10-2263] Analyzing SystemVerilog file "E:/JYD2025_Contest-rv32i55555/JYD2025_Contest-rv32i/digital_twin.srcs/sources_1/new/student_top.sv" into library xil_defaultlib
INFO: [VRFC 10-311] analyzing module student_top
INFO: [VRFC 10-2263] Analyzing SystemVerilog file "E:/JYD2025_Contest-rv32i55555/JYD2025_Contest-rv32i/digital_twin.srcs/sources_1/new/top.sv" into library xil_defaultlib
INFO: [VRFC 10-311] analyzing module top
INFO: [VRFC 10-2263] Analyzing SystemVerilog file "E:/JYD2025_Contest-rv32i55555/JYD2025_Contest-rv32i/digital_twin.srcs/sources_1/new/twin_controller.sv" into library xil_defaultlib
INFO: [VRFC 10-311] analyzing module twin_controller
INFO: [VRFC 10-2263] Analyzing SystemVerilog file "E:/JYD2025_Contest-rv32i55555/JYD2025_Contest-rv32i/digital_twin.srcs/sources_1/new/uart.sv" into library xil_defaultlib
INFO: [VRFC 10-311] analyzing module uart
INFO: [VRFC 10-2263] Analyzing SystemVerilog file "E:/JYD2025_Contest-rv32i55555/JYD2025_Contest-rv32i/digital_twin.srcs/sim_1/new/tb_myCPU.sv" into library xil_defaultlib
INFO: [VRFC 10-311] analyzing module tb_myCPU
INFO: [USF-XSim-69] 'compile' step finished in '3' seconds
INFO: [USF-XSim-3] XSim::Elaborate design
INFO: [USF-XSim-61] Executing 'ELABORATE' step in 'E:/JYD2025_Contest-rv32i55555/JYD2025_Contest-rv32i/digital_twin.sim/sim_1/behav/xsim'
"xelab --incr --debug typical --relax --mt 2 -L xil_defaultlib -L blk_mem_gen_v8_4_7 -L dist_mem_gen_v8_0_14 -L uvm -L unisims_ver -L unimacro_ver -L secureip -L xpm --snapshot tb_myCPU_behav xil_defaultlib.tb_myCPU xil_defaultlib.glbl -log elaborate.log"
ECHO 处于关闭状态。
ECHO 处于关闭状态。
Vivado Simulator v2023.2
Copyright 1986-2022 Xilinx, Inc. All Rights Reserved.
Copyright 2022-2023 Advanced Micro Devices, Inc. All Rights Reserved.
Running: E:/Xilinx/Vivado/2023.2/bin/unwrapped/win64.o/xelab.exe --incr --debug typical --relax --mt 2 -L xil_defaultlib -L blk_mem_gen_v8_4_7 -L dist_mem_gen_v8_0_14 -L uvm -L unisims_ver -L unimacro_ver -L secureip -L xpm --snapshot tb_myCPU_behav xil_defaultlib.tb_myCPU xil_defaultlib.glbl -log elaborate.log 
Using 2 slave threads.
Starting static elaboration
Pass Through NonSizing Optimizer
Completed static elaboration
Starting simulation data flow analysis
Completed simulation data flow analysis
Time Resolution for simulation is 1ps
Compiling module unisims_ver.IBUFDS
Compiling module unisims_ver.PLLE2_ADV(CLKFBOUT_MULT=9,CLKIN1...
Compiling module unisims_ver.BUFG
Compiling module xil_defaultlib.pll_clk_wiz
Compiling module xil_defaultlib.pll
Compiling module xil_defaultlib.uart(BAUD_RATE=9600)
Compiling module xil_defaultlib.twin_controller
Compiling module xil_defaultlib.PC
Compiling module xil_defaultlib.stage_IF
Compiling module xil_defaultlib.Control
Compiling module xil_defaultlib.IMMGEN
Compiling module xil_defaultlib.ACTL
Compiling module xil_defaultlib.stage_ID
Compiling module xil_defaultlib.ALU
Compiling module xil_defaultlib.stage_EX
Compiling module xil_defaultlib.Mask
Compiling module xil_defaultlib.stage_MEM
Compiling module xil_defaultlib.MUX4_1
Compiling module xil_defaultlib.stage_WB
Compiling module xil_defaultlib.RF
Compiling module xil_defaultlib.myCPU
Compiling module dist_mem_gen_v8_0_14.dist_mem_gen_v8_0_14(C_FAMILY="k...
Compiling module xil_defaultlib.IROM
Compiling module xil_defaultlib.seg7
Compiling module xil_defaultlib.display_seg
Compiling module blk_mem_gen_v8_4_7.blk_mem_gen_v8_4_7_output_stage(...
Compiling module blk_mem_gen_v8_4_7.blk_mem_gen_v8_4_7_softecc_outpu...
Compiling module blk_mem_gen_v8_4_7.blk_mem_gen_v8_4_7_mem_module(C_...
Compiling module blk_mem_gen_v8_4_7.blk_mem_gen_v8_4_7(C_FAMILY="kin...
Compiling module xil_defaultlib.DRAM_BRAM
Compiling module xil_defaultlib.dram_driver
Compiling module xil_defaultlib.counter
Compiling module xil_defaultlib.perip_bridge
Compiling module xil_defaultlib.student_top
Compiling module xil_defaultlib.top
Compiling module xil_defaultlib.tb_myCPU
Compiling module xil_defaultlib.glbl
Built simulation snapshot tb_myCPU_behav
run_program: Time (s): cpu = 00:00:01 ; elapsed = 00:00:07 . Memory (MB): peak = 1580.375 ; gain = 0.000
INFO: [USF-XSim-69] 'elaborate' step finished in '7' seconds
INFO: [USF-XSim-4] XSim::Simulate design
INFO: [USF-XSim-61] Executing 'SIMULATE' step in 'E:/JYD2025_Contest-rv32i55555/JYD2025_Contest-rv32i/digital_twin.sim/sim_1/behav/xsim'
INFO: [USF-XSim-98] *** Running xsim
   with args "tb_myCPU_behav -key {Behavioral:sim_1:Functional:tb_myCPU} -tclbatch {tb_myCPU.tcl} -view {E:/JYD2025_Contest-rv32i55555/JYD2025_Contest-rv32i/digital_twin.srcs/sim_1/imports/JYD2025_Contest-rv32i-error/tb_uart_behav.wcfg} -view {E:/JYD2025_Contest-rv32i55555/JYD2025_Contest-rv32i/digital_twin.srcs/sim_1/imports/JYD2025_Contest-rv32i-error/tb_top_behav.wcfg} -view {E:/JYD2025_Contest-rv32i55555/JYD2025_Contest-rv32i/digital_twin.srcs/sim_1/imports/JYD2025_Contest-rv32i-error/tb_myCPU_behav.wcfg} -log {simulate.log}"
INFO: [USF-XSim-8] Loading simulator feature
Time resolution is 1 ps
open_wave_config E:/JYD2025_Contest-rv32i55555/JYD2025_Contest-rv32i/digital_twin.srcs/sim_1/imports/JYD2025_Contest-rv32i-error/tb_uart_behav.wcfg
WARNING: Simulation object /tb_uart/clk was not found in the design.
WARNING: Simulation object /tb_uart/rst_n was not found in the design.
WARNING: Simulation object /tb_uart/rx was not found in the design.
WARNING: Simulation object /tb_uart/rx_ready was not found in the design.
WARNING: Simulation object /tb_uart/rx_data was not found in the design.
WARNING: Simulation object /tb_uart/tx was not found in the design.
WARNING: Simulation object /tb_uart/tx_start was not found in the design.
WARNING: Simulation object /tb_uart/tx_data was not found in the design.
WARNING: Simulation object /tb_uart/tx_busy was not found in the design.
WARNING: Simulation object /tb_uart/BIT_PERIOD was not found in the design.
open_wave_config E:/JYD2025_Contest-rv32i55555/JYD2025_Contest-rv32i/digital_twin.srcs/sim_1/imports/JYD2025_Contest-rv32i-error/tb_top_behav.wcfg
WARNING: Simulation object /tb_top/clk was not found in the design.
WARNING: Simulation object /tb_top/serial_rx was not found in the design.
WARNING: Simulation object /tb_top/uut/uart_inst/rx was not found in the design.
WARNING: Simulation object /tb_top/uut/uart_inst/rx_ready was not found in the design.
WARNING: Simulation object /tb_top/uut/uart_inst/rx_data was not found in the design.
WARNING: Simulation object /tb_top/uut/uart_inst/rx_ready was not found in the design.
WARNING: Simulation object /tb_top/uut/uart_inst/rx_bit_cnt was not found in the design.
WARNING: Simulation object /tb_top/uut/uart_inst/tx was not found in the design.
WARNING: Simulation object /tb_top/serial_tx was not found in the design.
WARNING: Simulation object /tb_top/uut/uart_inst/tx_busy was not found in the design.
WARNING: Simulation object /tb_top/uut/uart_inst/tx_data was not found in the design.
WARNING: Simulation object /tb_top/uut/twin_controller_inst/current_state was not found in the design.
WARNING: Simulation object /tb_top/uut/twin_controller_inst/tx_busy was not found in the design.
WARNING: Simulation object /tb_top/uut/twin_controller_inst/tx_start_next was not found in the design.
WARNING: Simulation object /tb_top/uut/twin_controller_inst/send_cnt was not found in the design.
WARNING: Simulation object /tb_top/uut/twin_controller_inst/status_buffer was not found in the design.
WARNING: Simulation object /tb_top/uut/twin_controller_inst/tx_start was not found in the design.
WARNING: Simulation object /tb_top/uut/twin_controller_inst/tx_data was not found in the design.
WARNING: Simulation object /tb_top/uut/student_top_inst/w_clk_50Mhz was not found in the design.
WARNING: Simulation object /tb_top/uut/student_top_inst/w_clk_rst was not found in the design.
WARNING: Simulation object /tb_top/uut/student_top_inst/virtual_key was not found in the design.
WARNING: Simulation object /tb_top/uut/student_top_inst/virtual_sw was not found in the design.
WARNING: Simulation object /tb_top/uut/student_top_inst/virtual_led was not found in the design.
WARNING: Simulation object /tb_top/uut/student_top_inst/virtual_seg was not found in the design.
WARNING: Simulation object /tb_top/uut/student_top_inst/seg_driver/count was not found in the design.
WARNING: Simulation object /tb_top/uut/student_top_inst/seg_driver/ans was not found in the design.
open_wave_config E:/JYD2025_Contest-rv32i55555/JYD2025_Contest-rv32i/digital_twin.srcs/sim_1/imports/JYD2025_Contest-rv32i-error/tb_myCPU_behav.wcfg
WARNING: Simulation object /tb_myCPU/uut/student_top_inst/perip_addr was not found in the design.
WARNING: Simulation object /tb_myCPU/uut/student_top_inst/perip_wen was not found in the design.
WARNING: Simulation object /tb_myCPU/uut/student_top_inst/perip_wdata was not found in the design.
WARNING: Simulation object /tb_myCPU/uut/student_top_inst/perip_rdata was not found in the design.
WARNING: Simulation object /tb_myCPU/uut/student_top_inst/perip_mask was not found in the design.
WARNING: Simulation object /tb_myCPU/uut/student_top_inst/Core_cpu/rf_inst/reg_bank[18] was not found in the design.
WARNING: Simulation object /tb_myCPU/uut/student_top_inst/Core_cpu/rf_inst/reg_bank[19] was not found in the design.
WARNING: Simulation object /tb_myCPU/uut/student_top_inst/bridge_inst/counter_inst/cnt_ms was not found in the design.
WARNING: Simulation object /tb_myCPU/uut/student_top_inst/bridge_inst/counter_inst/start was not found in the design.
source tb_myCPU.tcl
# set curr_wave [current_wave_config]
# if { [string length $curr_wave] == 0 } {
#   if { [llength [get_objects]] > 0} {
#     add_wave /
#     set_property needs_save false [current_wave_config]
#   } else {
#      send_msg_id Add_Wave-1 WARNING "No top level signals found. Simulator will start without a wave window. If you want to open a wave window go to 'File->New Waveform Configuration' or type 'create_wave_config' in the TCL console."
#   }
# }
# log_wave -r /
WARNING: [Simtcl 6-197] One or more HDL objects could not be logged because of object type or size limitations.  To see details please rerun the command with -verbose (-v).
# run 1000ns
WARNING: This core is supplied with a behavioral model. To model cycle-accurate behavior you must run timing simulation.
 Block Memory Generator module loading initial data...
 Block Memory Generator data initialization complete.
Block Memory Generator module tb_myCPU.uut.student_top_inst.bridge_inst.dram_driver_inst.Mem_DRAM.inst.\native_mem_module.blk_mem_gen_v8_4_7_inst  is using a behavioral model for simulation which will not precisely model memory collision behavior.
xsim: Time (s): cpu = 00:00:15 ; elapsed = 00:00:06 . Memory (MB): peak = 1626.266 ; gain = 45.891
INFO: [USF-XSim-96] XSim completed. Design snapshot 'tb_myCPU_behav' loaded.
INFO: [USF-XSim-97] XSim simulation ran for 1000ns
launch_simulation: Time (s): cpu = 00:00:18 ; elapsed = 00:00:17 . Memory (MB): peak = 1626.266 ; gain = 45.988
run all
launch_runs impl_1 -to_step write_bitstream -jobs 16
INFO: [Vivado 12-4149] The synthesis checkpoint for IP 'E:/JYD2025_Contest-rv32i55555/JYD2025_Contest-rv32i/digital_twin.srcs/sources_1/ip/pll_1/pll.xci' is already up-to-date
[Sun May  3 03:15:51 2026] Launched impl_1...
Run output will be captured here: E:/JYD2025_Contest-rv32i55555/JYD2025_Contest-rv32i/digital_twin.runs/impl_1/runme.log
save_wave_config {E:/JYD2025_Contest-rv32i55555/JYD2025_Contest-rv32i/digital_twin.srcs/sim_1/imports/JYD2025_Contest-rv32i-error/tb_myCPU_behav.wcfg}
close_sim
INFO: [Simtcl 6-16] Simulation closed
exit
INFO: [Common 17-206] Exiting Vivado at Sun May  3 03:21:19 2026...
