#-----------------------------------------------------------
# Vivado v2023.2 (64-bit)
# SW Build 4029153 on Fri Oct 13 20:14:34 MDT 2023
# IP Build 4028589 on Sat Oct 14 00:45:43 MDT 2023
# SharedData Build 4025554 on Tue Oct 10 17:18:54 MDT 2023
# Start of session at: Mon May  4 23:14:46 2026
# Process ID: 47696
# Current directory: E:/JYD2025_Contest-rv32i55555/JYD2025_Contest-rv32i
# Command line: vivado.exe -gui_launcher_event rodinguilauncherevent8312 E:\JYD2025_Contest-rv32i55555\JYD2025_Contest-rv32i\digital_twin.xpr
# Log file: E:/JYD2025_Contest-rv32i55555/JYD2025_Contest-rv32i/vivado.log
# Journal file: E:/JYD2025_Contest-rv32i55555/JYD2025_Contest-rv32i\vivado.jou
# Running On: o, OS: Windows, CPU Frequency: 3094 MHz, CPU Physical cores: 16, Host memory: 16849 MB
#-----------------------------------------------------------
start_gui
open_project E:/JYD2025_Contest-rv32i55555/JYD2025_Contest-rv32i/digital_twin.xpr
WARNING: [Board 49-26] cannot add Board Part xilinx.com:kcu116:part0:1.4 available at E:/Xilinx/Vivado/2023.2/data/xhub/boards/XilinxBoardStore/boards/Xilinx/kcu116/1.4/board.xml as part xcku5p-ffvb676-2-e specified in board_part file is either invalid or not available
WARNING: [Board 49-26] cannot add Board Part xilinx.com:kcu116:part0:1.5 available at E:/Xilinx/Vivado/2023.2/data/xhub/boards/XilinxBoardStore/boards/Xilinx/kcu116/1.5/board.xml as part xcku5p-ffvb676-2-e specified in board_part file is either invalid or not available
WARNING: [Board 49-26] cannot add Board Part xilinx.com:vck190:part0:2.2 available at E:/Xilinx/Vivado/2023.2/data/xhub/boards/XilinxBoardStore/boards/Xilinx/vck190/production/2.2/board.xml as part xcvc1902-vsva2197-2mp-e-s specified in board_part file is either invalid or not available
WARNING: [Board 49-26] cannot add Board Part xilinx.com:vck190:part0:3.0 available at E:/Xilinx/Vivado/2023.2/data/xhub/boards/XilinxBoardStore/boards/Xilinx/vck190/production/3.0/board.xml as part xcvc1902-vsva2197-2mp-e-s specified in board_part file is either invalid or not available
WARNING: [Board 49-26] cannot add Board Part xilinx.com:vck190:part0:3.1 available at E:/Xilinx/Vivado/2023.2/data/xhub/boards/XilinxBoardStore/boards/Xilinx/vck190/production/3.1/board.xml as part xcvc1902-vsva2197-2mp-e-s specified in board_part file is either invalid or not available
WARNING: [Board 49-26] cannot add Board Part xilinx.com:vck190:part0:3.2 available at E:/Xilinx/Vivado/2023.2/data/xhub/boards/XilinxBoardStore/boards/Xilinx/vck190/production/3.2/board.xml as part xcvc1902-vsva2197-2mp-e-s specified in board_part file is either invalid or not available
WARNING: [Board 49-26] cannot add Board Part xilinx.com:vck190_newl:part0:1.0 available at E:/Xilinx/Vivado/2023.2/data/xhub/boards/XilinxBoardStore/boards/Xilinx/vck190_newl/production/1.0/board.xml as part xcvc1902-vsva2197-2mp-e-s specified in board_part file is either invalid or not available
WARNING: [Board 49-26] cannot add Board Part xilinx.com:vck190_newl:part0:1.1 available at E:/Xilinx/Vivado/2023.2/data/xhub/boards/XilinxBoardStore/boards/Xilinx/vck190_newl/production/1.1/board.xml as part xcvc1902-vsva2197-2mp-e-s specified in board_part file is either invalid or not available
WARNING: [Board 49-26] cannot add Board Part xilinx.com:vek280:part0:1.0 available at E:/Xilinx/Vivado/2023.2/data/xhub/boards/XilinxBoardStore/boards/Xilinx/vek280/production/1.0/board.xml as part xcve2802-vsvh1760-2mp-e-s specified in board_part file is either invalid or not available
WARNING: [Board 49-26] cannot add Board Part xilinx.com:vek280_es:part0:1.0 available at E:/Xilinx/Vivado/2023.2/data/xhub/boards/XilinxBoardStore/boards/Xilinx/vek280/es/rev_a/1.0/board.xml as part xcve2802-vsvh1760-2lp-e-s-es1 specified in board_part file is either invalid or not available
WARNING: [Board 49-26] cannot add Board Part xilinx.com:vek280_es:part0:1.1 available at E:/Xilinx/Vivado/2023.2/data/xhub/boards/XilinxBoardStore/boards/Xilinx/vek280/es/rev_a/1.1/board.xml as part xcve2802-vsvh1760-2lp-e-s-es1 specified in board_part file is either invalid or not available
WARNING: [Board 49-26] cannot add Board Part xilinx.com:vek280_es_revb:part0:1.0 available at E:/Xilinx/Vivado/2023.2/data/xhub/boards/XilinxBoardStore/boards/Xilinx/vek280/es/rev_b/1.0/board.xml as part xcve2802-vsvh1760-2mp-e-s-es1 specified in board_part file is either invalid or not available
WARNING: [Board 49-26] cannot add Board Part xilinx.com:vek280_es_revb:part0:1.1 available at E:/Xilinx/Vivado/2023.2/data/xhub/boards/XilinxBoardStore/boards/Xilinx/vek280/es/rev_b/1.1/board.xml as part xcve2802-vsvh1760-2mp-e-s-es1 specified in board_part file is either invalid or not available
WARNING: [Board 49-26] cannot add Board Part xilinx.com:vermeo_t1_mpsoc:part0:1.0 available at E:/Xilinx/Vivado/2023.2/data/xhub/boards/XilinxBoardStore/boards/Xilinx/vermeo_t1_mpsoc/1.0/board.xml as part xczu19eg-ffvd1760-2l-e specified in board_part file is either invalid or not available
WARNING: [Board 49-26] cannot add Board Part xilinx.com:vermeo_t1_rfsoc:part0:1.0 available at E:/Xilinx/Vivado/2023.2/data/xhub/boards/XilinxBoardStore/boards/Xilinx/vermeo_t1_rfsoc/1.0/board.xml as part xczu21dr-ffvd1156-2l-e specified in board_part file is either invalid or not available
WARNING: [Board 49-26] cannot add Board Part xilinx.com:vhk158:part0:1.0 available at E:/Xilinx/Vivado/2023.2/data/xhub/boards/XilinxBoardStore/boards/Xilinx/vhk158/production/1.0/board.xml as part xcvh1582-vsva3697-2mp-e-s specified in board_part file is either invalid or not available
WARNING: [Board 49-26] cannot add Board Part xilinx.com:vhk158:part0:1.1 available at E:/Xilinx/Vivado/2023.2/data/xhub/boards/XilinxBoardStore/boards/Xilinx/vhk158/production/1.1/board.xml as part xcvh1582-vsva3697-2mp-e-s specified in board_part file is either invalid or not available
WARNING: [Board 49-26] cannot add Board Part xilinx.com:vhk158_es:part0:1.0 available at E:/Xilinx/Vivado/2023.2/data/xhub/boards/XilinxBoardStore/boards/Xilinx/vhk158/es/1.0/board.xml as part xcvh1582-vsva3697-2mp-e-s-es1 specified in board_part file is either invalid or not available
WARNING: [Board 49-26] cannot add Board Part xilinx.com:vhk158_es:part0:1.1 available at E:/Xilinx/Vivado/2023.2/data/xhub/boards/XilinxBoardStore/boards/Xilinx/vhk158/es/1.1/board.xml as part xcvh1582-vsva3697-2mp-e-s-es1 specified in board_part file is either invalid or not available
WARNING: [Board 49-26] cannot add Board Part xilinx.com:vmk180:part0:2.2 available at E:/Xilinx/Vivado/2023.2/data/xhub/boards/XilinxBoardStore/boards/Xilinx/vmk180/production/2.2/board.xml as part xcvm1802-vsva2197-2mp-e-s specified in board_part file is either invalid or not available
WARNING: [Board 49-26] cannot add Board Part xilinx.com:vmk180:part0:3.0 available at E:/Xilinx/Vivado/2023.2/data/xhub/boards/XilinxBoardStore/boards/Xilinx/vmk180/production/3.0/board.xml as part xcvm1802-vsva2197-2mp-e-s specified in board_part file is either invalid or not available
WARNING: [Board 49-26] cannot add Board Part xilinx.com:vmk180:part0:3.1 available at E:/Xilinx/Vivado/2023.2/data/xhub/boards/XilinxBoardStore/boards/Xilinx/vmk180/production/3.1/board.xml as part xcvm1802-vsva2197-2mp-e-s specified in board_part file is either invalid or not available
WARNING: [Board 49-26] cannot add Board Part xilinx.com:vmk180:part0:3.2 available at E:/Xilinx/Vivado/2023.2/data/xhub/boards/XilinxBoardStore/boards/Xilinx/vmk180/production/3.2/board.xml as part xcvm1802-vsva2197-2mp-e-s specified in board_part file is either invalid or not available
WARNING: [Board 49-26] cannot add Board Part xilinx.com:vmk180_newl:part0:1.0 available at E:/Xilinx/Vivado/2023.2/data/xhub/boards/XilinxBoardStore/boards/Xilinx/vmk180_newl/production/1.0/board.xml as part xcvm1802-vsva2197-2mp-e-s specified in board_part file is either invalid or not available
WARNING: [Board 49-26] cannot add Board Part xilinx.com:vmk180_newl:part0:1.1 available at E:/Xilinx/Vivado/2023.2/data/xhub/boards/XilinxBoardStore/boards/Xilinx/vmk180_newl/production/1.1/board.xml as part xcvm1802-vsva2197-2mp-e-s specified in board_part file is either invalid or not available
WARNING: [Board 49-26] cannot add Board Part xilinx.com:vpk120:part0:1.0 available at E:/Xilinx/Vivado/2023.2/data/xhub/boards/XilinxBoardStore/boards/Xilinx/vpk120/production/1.0/board.xml as part xcvp1202-vsva2785-2mp-e-s specified in board_part file is either invalid or not available
WARNING: [Board 49-26] cannot add Board Part xilinx.com:vpk120:part0:1.1 available at E:/Xilinx/Vivado/2023.2/data/xhub/boards/XilinxBoardStore/boards/Xilinx/vpk120/production/1.1/board.xml as part xcvp1202-vsva2785-2mp-e-s specified in board_part file is either invalid or not available
WARNING: [Board 49-26] cannot add Board Part xilinx.com:vpk120:part0:1.2 available at E:/Xilinx/Vivado/2023.2/data/xhub/boards/XilinxBoardStore/boards/Xilinx/vpk120/production/1.2/board.xml as part xcvp1202-vsva2785-2mp-e-s specified in board_part file is either invalid or not available
WARNING: [Board 49-26] cannot add Board Part xilinx.com:vpk180:part0:1.0 available at E:/Xilinx/Vivado/2023.2/data/xhub/boards/XilinxBoardStore/boards/Xilinx/vpk180/production/1.0/board.xml as part xcvp1802-lsvc4072-2mp-e-s specified in board_part file is either invalid or not available
WARNING: [Board 49-26] cannot add Board Part xilinx.com:vpk180:part0:1.1 available at E:/Xilinx/Vivado/2023.2/data/xhub/boards/XilinxBoardStore/boards/Xilinx/vpk180/production/1.1/board.xml as part xcvp1802-lsvc4072-2mp-e-s specified in board_part file is either invalid or not available
WARNING: [Board 49-26] cannot add Board Part xilinx.com:zc702:part0:1.4 available at E:/Xilinx/Vivado/2023.2/data/xhub/boards/XilinxBoardStore/boards/Xilinx/zc702/1.4/board.xml as part xc7z020clg484-1 specified in board_part file is either invalid or not available
WARNING: [Board 49-26] cannot add Board Part xilinx.com:zc706:part0:1.4 available at E:/Xilinx/Vivado/2023.2/data/xhub/boards/XilinxBoardStore/boards/Xilinx/zc706/1.4/board.xml as part xc7z045ffg900-2 specified in board_part file is either invalid or not available
WARNING: [Board 49-26] cannot add Board Part xilinx.com:zcu102:part0:3.3 available at E:/Xilinx/Vivado/2023.2/data/xhub/boards/XilinxBoardStore/boards/Xilinx/zcu102/3.3/board.xml as part xczu9eg-ffvb1156-2-e specified in board_part file is either invalid or not available
WARNING: [Board 49-26] cannot add Board Part xilinx.com:zcu102:part0:3.4 available at E:/Xilinx/Vivado/2023.2/data/xhub/boards/XilinxBoardStore/boards/Xilinx/zcu102/3.4/board.xml as part xczu9eg-ffvb1156-2-e specified in board_part file is either invalid or not available
WARNING: [Board 49-26] cannot add Board Part xilinx.com:zcu104:part0:1.1 available at E:/Xilinx/Vivado/2023.2/data/xhub/boards/XilinxBoardStore/boards/Xilinx/zcu104/1.1/board.xml as part xczu7ev-ffvc1156-2-e specified in board_part file is either invalid or not available
WARNING: [Board 49-26] cannot add Board Part xilinx.com:zcu106:part0:2.4 available at E:/Xilinx/Vivado/2023.2/data/xhub/boards/XilinxBoardStore/boards/Xilinx/zcu106/2.4/board.xml as part xczu7ev-ffvc1156-2-e specified in board_part file is either invalid or not available
WARNING: [Board 49-26] cannot add Board Part xilinx.com:zcu106:part0:2.5 available at E:/Xilinx/Vivado/2023.2/data/xhub/boards/XilinxBoardStore/boards/Xilinx/zcu106/2.5/board.xml as part xczu7ev-ffvc1156-2-e specified in board_part file is either invalid or not available
WARNING: [Board 49-26] cannot add Board Part xilinx.com:zcu106:part0:2.6 available at E:/Xilinx/Vivado/2023.2/data/xhub/boards/XilinxBoardStore/boards/Xilinx/zcu106/2.6/board.xml as part xczu7ev-ffvc1156-2-e specified in board_part file is either invalid or not available
WARNING: [Board 49-26] cannot add Board Part xilinx.com:zcu111:part0:1.2 available at E:/Xilinx/Vivado/2023.2/data/xhub/boards/XilinxBoardStore/boards/Xilinx/zcu111/1.2/board.xml as part xczu28dr-ffvg1517-2-e specified in board_part file is either invalid or not available
WARNING: [Board 49-26] cannot add Board Part xilinx.com:zcu111:part0:1.3 available at E:/Xilinx/Vivado/2023.2/data/xhub/boards/XilinxBoardStore/boards/Xilinx/zcu111/1.3/board.xml as part xczu28dr-ffvg1517-2-e specified in board_part file is either invalid or not available
WARNING: [Board 49-26] cannot add Board Part xilinx.com:zcu111:part0:1.4 available at E:/Xilinx/Vivado/2023.2/data/xhub/boards/XilinxBoardStore/boards/Xilinx/zcu111/1.4/board.xml as part xczu28dr-ffvg1517-2-e specified in board_part file is either invalid or not available
WARNING: [Board 49-26] cannot add Board Part xilinx.com:zcu1275:part0:1.0 available at E:/Xilinx/Vivado/2023.2/data/xhub/boards/XilinxBoardStore/boards/Xilinx/zcu1275/1.0/board.xml as part xczu29dr-ffvf1760-2-e specified in board_part file is either invalid or not available
WARNING: [Board 49-26] cannot add Board Part xilinx.com:zcu1285:part0:1.0 available at E:/Xilinx/Vivado/2023.2/data/xhub/boards/XilinxBoardStore/boards/Xilinx/zcu1285/1.0/board.xml as part xczu39dr-ffvf1760-2-i specified in board_part file is either invalid or not available
WARNING: [Board 49-26] cannot add Board Part xilinx.com:zcu208:part0:2.0 available at E:/Xilinx/Vivado/2023.2/data/xhub/boards/XilinxBoardStore/boards/Xilinx/zcu208/production/2.0/board.xml as part xczu48dr-fsvg1517-2-e specified in board_part file is either invalid or not available
WARNING: [Board 49-26] cannot add Board Part xilinx.com:zcu208ld:part0:2.0 available at E:/Xilinx/Vivado/2023.2/data/xhub/boards/XilinxBoardStore/boards/Xilinx/zcu208ld/production/2.0/board.xml as part xczu58dr-fsvg1517-2-i specified in board_part file is either invalid or not available
WARNING: [Board 49-26] cannot add Board Part xilinx.com:zcu216:part0:2.0 available at E:/Xilinx/Vivado/2023.2/data/xhub/boards/XilinxBoardStore/boards/Xilinx/zcu216/production/2.0/board.xml as part xczu49dr-ffvf1760-2-e specified in board_part file is either invalid or not available
WARNING: [Board 49-26] cannot add Board Part xilinx.com:zcu216ld:part0:2.0 available at E:/Xilinx/Vivado/2023.2/data/xhub/boards/XilinxBoardStore/boards/Xilinx/zcu216ld/production/2.0/board.xml as part xczu59dr-ffvf1760-2-i specified in board_part file is either invalid or not available
WARNING: [Board 49-26] cannot add Board Part xilinx.com:zcu670:part0:2.0 available at E:/Xilinx/Vivado/2023.2/data/xhub/boards/XilinxBoardStore/boards/Xilinx/zcu670/2.0/board.xml as part xczu67dr-fsve1156-2-i specified in board_part file is either invalid or not available
WARNING: [Board 49-26] cannot add Board Part xilinx.com:zcu670ld:part0:1.0 available at E:/Xilinx/Vivado/2023.2/data/xhub/boards/XilinxBoardStore/boards/Xilinx/zcu670ld/1.0/board.xml as part xczu57dr-fsve1156-2-i specified in board_part file is either invalid or not available
WARNING: [filemgmt 56-3] IP Repository Path: Could not find the directory 'E:/../AppData/Roaming/Xilinx/ip_repo'.
Scanning sources...
Finished scanning sources
INFO: [IP_Flow 19-234] Refreshing IP repositories
WARNING: [IP_Flow 19-2248] Failed to load user IP repository 'e:AppData/Roaming/Xilinx/ip_repo'; Can't find the specified path.
If this directory should no longer be in your list of user repositories, go to the IP Settings dialog and remove it.
INFO: [IP_Flow 19-2313] Loaded Vivado IP repository 'E:/Xilinx/Vivado/2023.2/data/ip'.
open_project: Time (s): cpu = 00:00:23 ; elapsed = 00:00:12 . Memory (MB): peak = 1528.387 ; gain = 357.141
update_compile_order -fileset sources_1
launch_simulation
Command: launch_simulation 
INFO: [Vivado 12-12493] Simulation top is 'tb_myCPU'
WARNING: [Vivado 12-13340] Unable to auto find GCC executables from simulator install path! (path not set)
INFO: [Vivado 12-5698] Checking validity of IPs in the design for the 'XSim' simulator...
INFO: [Vivado 12-5682] Launching behavioral simulation in 'E:/JYD2025_Contest-rv32i55555/JYD2025_Contest-rv32i/digital_twin.sim/sim_1/behav/xsim'
INFO: [Vivado 12-13660] Precompiled IP simulation library mode is enabled (default). The design IP libraries will be referenced from the compiled library path. Please note that if the precompiled version of the library is not found from the path or the IP is in locked state, then the library source files for these IPs will be compiled locally as part of the compile order.
INFO: [Vivado 12-4795] Using compiled simulation libraries for IPs
INFO: [SIM-utils-51] Simulation object is 'sim_1'
INFO: [SIM-utils-72] Using boost library from 'E:/Xilinx/Vivado/2023.2/tps/boost_1_72_0'
INFO: [USF-XSim-7] Finding pre-compiled libraries...
INFO: [USF-XSim-11] File 'E:/Xilinx/Vivado/2023.2/data/xsim/xsim.ini' copied to run dir:'E:/JYD2025_Contest-rv32i55555/JYD2025_Contest-rv32i/digital_twin.sim/sim_1/behav/xsim'
INFO: [SIM-utils-54] Inspecting design source files for 'tb_myCPU' in fileset 'sim_1'...
INFO: [SIM-utils-43] Exported 'E:/JYD2025_Contest-rv32i55555/JYD2025_Contest-rv32i/digital_twin.sim/sim_1/behav/xsim/DRAM.mif'
INFO: [SIM-utils-43] Exported 'E:/JYD2025_Contest-rv32i55555/JYD2025_Contest-rv32i/digital_twin.sim/sim_1/behav/xsim/dram.coe'
INFO: [SIM-utils-43] Exported 'E:/JYD2025_Contest-rv32i55555/JYD2025_Contest-rv32i/digital_twin.sim/sim_1/behav/xsim/DRAM_BRAM.mif'
INFO: [SIM-utils-43] Exported 'E:/JYD2025_Contest-rv32i55555/JYD2025_Contest-rv32i/digital_twin.sim/sim_1/behav/xsim/dram.coe'
INFO: [SIM-utils-43] Exported 'E:/JYD2025_Contest-rv32i55555/JYD2025_Contest-rv32i/digital_twin.sim/sim_1/behav/xsim/IROM.mif'
INFO: [SIM-utils-43] Exported 'E:/JYD2025_Contest-rv32i55555/JYD2025_Contest-rv32i/digital_twin.sim/sim_1/behav/xsim/R.coe'
INFO: [SIM-utils-43] Exported 'E:/JYD2025_Contest-rv32i55555/JYD2025_Contest-rv32i/digital_twin.sim/sim_1/behav/xsim/dram.coe'
INFO: [SIM-utils-43] Exported 'E:/JYD2025_Contest-rv32i55555/JYD2025_Contest-rv32i/digital_twin.sim/sim_1/behav/xsim/irom.coe'
INFO: [SIM-utils-43] Exported 'E:/JYD2025_Contest-rv32i55555/JYD2025_Contest-rv32i/digital_twin.sim/sim_1/behav/xsim/irom.coe'
INFO: [SIM-utils-43] Exported 'E:/JYD2025_Contest-rv32i55555/JYD2025_Contest-rv32i/digital_twin.sim/sim_1/behav/xsim/irom.coe'
INFO: [SIM-utils-43] Exported 'E:/JYD2025_Contest-rv32i55555/JYD2025_Contest-rv32i/digital_twin.sim/sim_1/behav/xsim/irom.coe'
INFO: [SIM-utils-43] Exported 'E:/JYD2025_Contest-rv32i55555/JYD2025_Contest-rv32i/digital_twin.sim/sim_1/behav/xsim/dram.coe'
INFO: [SIM-utils-43] Exported 'E:/JYD2025_Contest-rv32i55555/JYD2025_Contest-rv32i/digital_twin.sim/sim_1/behav/xsim/irom.coe'
INFO: [SIM-utils-43] Exported 'E:/JYD2025_Contest-rv32i55555/JYD2025_Contest-rv32i/digital_twin.sim/sim_1/behav/xsim/dram.coe'
INFO: [SIM-utils-43] Exported 'E:/JYD2025_Contest-rv32i55555/JYD2025_Contest-rv32i/digital_twin.sim/sim_1/behav/xsim/irom.coe'
INFO: [SIM-utils-43] Exported 'E:/JYD2025_Contest-rv32i55555/JYD2025_Contest-rv32i/digital_twin.sim/sim_1/behav/xsim/dram.coe'
INFO: [USF-XSim-97] Finding global include files...
INFO: [USF-XSim-98] Fetching design files from 'sim_1'...
INFO: [USF-XSim-2] XSim::Compile design
INFO: [USF-XSim-61] Executing 'COMPILE and ANALYZE' step in 'E:/JYD2025_Contest-rv32i55555/JYD2025_Contest-rv32i/digital_twin.sim/sim_1/behav/xsim'
"xvlog --incr --relax -L uvm -prj tb_myCPU_vlog.prj"
ECHO 处于关闭状态。
ECHO 处于关闭状态。
INFO: [VRFC 10-2263] Analyzing Verilog file "E:/JYD2025_Contest-rv32i55555/JYD2025_Contest-rv32i/digital_twin.gen/sources_1/ip/DRAM_BRAM/sim/DRAM_BRAM.v" into library xil_defaultlib
INFO: [VRFC 10-311] analyzing module DRAM_BRAM
INFO: [VRFC 10-2263] Analyzing Verilog file "E:/JYD2025_Contest-rv32i55555/JYD2025_Contest-rv32i/digital_twin.gen/sources_1/ip/IROM/sim/IROM.v" into library xil_defaultlib
INFO: [VRFC 10-311] analyzing module IROM
INFO: [VRFC 10-2263] Analyzing Verilog file "E:/JYD2025_Contest-rv32i55555/JYD2025_Contest-rv32i/digital_twin.gen/sources_1/ip/pll/pll_clk_wiz.v" into library xil_defaultlib
INFO: [VRFC 10-311] analyzing module pll_clk_wiz
INFO: [VRFC 10-2263] Analyzing Verilog file "E:/JYD2025_Contest-rv32i55555/JYD2025_Contest-rv32i/digital_twin.gen/sources_1/ip/pll/pll.v" into library xil_defaultlib
INFO: [VRFC 10-311] analyzing module pll
INFO: [USF-XSim-69] 'compile' step finished in '2' seconds
INFO: [USF-XSim-3] XSim::Elaborate design
INFO: [USF-XSim-61] Executing 'ELABORATE' step in 'E:/JYD2025_Contest-rv32i55555/JYD2025_Contest-rv32i/digital_twin.sim/sim_1/behav/xsim'
"xelab --incr --debug typical --relax --mt 2 -L xil_defaultlib -L blk_mem_gen_v8_4_7 -L dist_mem_gen_v8_0_14 -L uvm -L unisims_ver -L unimacro_ver -L secureip -L xpm --snapshot tb_myCPU_behav xil_defaultlib.tb_myCPU xil_defaultlib.glbl -log elaborate.log"
ECHO 处于关闭状态。
ECHO 处于关闭状态。
Vivado Simulator v2023.2
Copyright 1986-2022 Xilinx, Inc. All Rights Reserved.
Copyright 2022-2023 Advanced Micro Devices, Inc. All Rights Reserved.
Running: E:/Xilinx/Vivado/2023.2/bin/unwrapped/win64.o/xelab.exe --incr --debug typical --relax --mt 2 -L xil_defaultlib -L blk_mem_gen_v8_4_7 -L dist_mem_gen_v8_0_14 -L uvm -L unisims_ver -L unimacro_ver -L secureip -L xpm --snapshot tb_myCPU_behav xil_defaultlib.tb_myCPU xil_defaultlib.glbl -log elaborate.log 
Using 2 slave threads.
Starting static elaboration
Pass Through NonSizing Optimizer
ERROR: [VRFC 10-2991] 'regs' is not declared under prefix 'rf' [E:/JYD2025_Contest-rv32i55555/JYD2025_Contest-rv32i/digital_twin.srcs/sim_1/new/tb_myCPU.sv:53]
ERROR: [XSIM 43-3322] Static elaboration of top level Verilog design unit(s) in library work failed.
INFO: [USF-XSim-69] 'elaborate' step finished in '2' seconds
INFO: [USF-XSim-99] Step results log file:'E:/JYD2025_Contest-rv32i55555/JYD2025_Contest-rv32i/digital_twin.sim/sim_1/behav/xsim/elaborate.log'
ERROR: [USF-XSim-62] 'elaborate' step failed with error(s). Please check the Tcl console output or 'E:/JYD2025_Contest-rv32i55555/JYD2025_Contest-rv32i/digital_twin.sim/sim_1/behav/xsim/elaborate.log' file for more information.
ERROR: [Vivado 12-4473] Detected error while running simulation. Please correct the issue and retry this operation.
launch_simulation: Time (s): cpu = 00:00:01 ; elapsed = 00:00:05 . Memory (MB): peak = 1564.391 ; gain = 0.000
ERROR: [Common 17-39] 'launch_simulation' failed due to earlier errors.
launch_simulation
Command: launch_simulation 
INFO: [Vivado 12-12493] Simulation top is 'tb_myCPU'
WARNING: [Vivado 12-13340] Unable to auto find GCC executables from simulator install path! (path not set)
INFO: [Vivado 12-5698] Checking validity of IPs in the design for the 'XSim' simulator...
INFO: [Vivado 12-5682] Launching behavioral simulation in 'E:/JYD2025_Contest-rv32i55555/JYD2025_Contest-rv32i/digital_twin.sim/sim_1/behav/xsim'
INFO: [Vivado 12-13660] Precompiled IP simulation library mode is enabled (default). The design IP libraries will be referenced from the compiled library path. Please note that if the precompiled version of the library is not found from the path or the IP is in locked state, then the library source files for these IPs will be compiled locally as part of the compile order.
INFO: [Vivado 12-4795] Using compiled simulation libraries for IPs
INFO: [SIM-utils-51] Simulation object is 'sim_1'
INFO: [SIM-utils-72] Using boost library from 'E:/Xilinx/Vivado/2023.2/tps/boost_1_72_0'
INFO: [USF-XSim-7] Finding pre-compiled libraries...
INFO: [USF-XSim-11] File 'E:/Xilinx/Vivado/2023.2/data/xsim/xsim.ini' copied to run dir:'E:/JYD2025_Contest-rv32i55555/JYD2025_Contest-rv32i/digital_twin.sim/sim_1/behav/xsim'
INFO: [SIM-utils-54] Inspecting design source files for 'tb_myCPU' in fileset 'sim_1'...
INFO: [SIM-utils-43] Exported 'E:/JYD2025_Contest-rv32i55555/JYD2025_Contest-rv32i/digital_twin.sim/sim_1/behav/xsim/DRAM.mif'
INFO: [SIM-utils-43] Exported 'E:/JYD2025_Contest-rv32i55555/JYD2025_Contest-rv32i/digital_twin.sim/sim_1/behav/xsim/dram.coe'
INFO: [SIM-utils-43] Exported 'E:/JYD2025_Contest-rv32i55555/JYD2025_Contest-rv32i/digital_twin.sim/sim_1/behav/xsim/DRAM_BRAM.mif'
INFO: [SIM-utils-43] Exported 'E:/JYD2025_Contest-rv32i55555/JYD2025_Contest-rv32i/digital_twin.sim/sim_1/behav/xsim/dram.coe'
INFO: [SIM-utils-43] Exported 'E:/JYD2025_Contest-rv32i55555/JYD2025_Contest-rv32i/digital_twin.sim/sim_1/behav/xsim/IROM.mif'
INFO: [SIM-utils-43] Exported 'E:/JYD2025_Contest-rv32i55555/JYD2025_Contest-rv32i/digital_twin.sim/sim_1/behav/xsim/R.coe'
INFO: [SIM-utils-43] Exported 'E:/JYD2025_Contest-rv32i55555/JYD2025_Contest-rv32i/digital_twin.sim/sim_1/behav/xsim/dram.coe'
INFO: [SIM-utils-43] Exported 'E:/JYD2025_Contest-rv32i55555/JYD2025_Contest-rv32i/digital_twin.sim/sim_1/behav/xsim/irom.coe'
INFO: [SIM-utils-43] Exported 'E:/JYD2025_Contest-rv32i55555/JYD2025_Contest-rv32i/digital_twin.sim/sim_1/behav/xsim/irom.coe'
INFO: [SIM-utils-43] Exported 'E:/JYD2025_Contest-rv32i55555/JYD2025_Contest-rv32i/digital_twin.sim/sim_1/behav/xsim/irom.coe'
INFO: [SIM-utils-43] Exported 'E:/JYD2025_Contest-rv32i55555/JYD2025_Contest-rv32i/digital_twin.sim/sim_1/behav/xsim/irom.coe'
INFO: [SIM-utils-43] Exported 'E:/JYD2025_Contest-rv32i55555/JYD2025_Contest-rv32i/digital_twin.sim/sim_1/behav/xsim/dram.coe'
INFO: [SIM-utils-43] Exported 'E:/JYD2025_Contest-rv32i55555/JYD2025_Contest-rv32i/digital_twin.sim/sim_1/behav/xsim/irom.coe'
INFO: [SIM-utils-43] Exported 'E:/JYD2025_Contest-rv32i55555/JYD2025_Contest-rv32i/digital_twin.sim/sim_1/behav/xsim/dram.coe'
INFO: [SIM-utils-43] Exported 'E:/JYD2025_Contest-rv32i55555/JYD2025_Contest-rv32i/digital_twin.sim/sim_1/behav/xsim/irom.coe'
INFO: [SIM-utils-43] Exported 'E:/JYD2025_Contest-rv32i55555/JYD2025_Contest-rv32i/digital_twin.sim/sim_1/behav/xsim/dram.coe'
INFO: [USF-XSim-97] Finding global include files...
INFO: [USF-XSim-98] Fetching design files from 'sim_1'...
INFO: [USF-XSim-2] XSim::Compile design
INFO: [USF-XSim-61] Executing 'COMPILE and ANALYZE' step in 'E:/JYD2025_Contest-rv32i55555/JYD2025_Contest-rv32i/digital_twin.sim/sim_1/behav/xsim'
"xvlog --incr --relax -L uvm -prj tb_myCPU_vlog.prj"
ECHO 处于关闭状态。
ECHO 处于关闭状态。
INFO: [VRFC 10-2263] Analyzing Verilog file "E:/JYD2025_Contest-rv32i55555/JYD2025_Contest-rv32i/digital_twin.gen/sources_1/ip/DRAM_BRAM/sim/DRAM_BRAM.v" into library xil_defaultlib
INFO: [VRFC 10-311] analyzing module DRAM_BRAM
INFO: [VRFC 10-2263] Analyzing Verilog file "E:/JYD2025_Contest-rv32i55555/JYD2025_Contest-rv32i/digital_twin.gen/sources_1/ip/IROM/sim/IROM.v" into library xil_defaultlib
INFO: [VRFC 10-311] analyzing module IROM
INFO: [VRFC 10-2263] Analyzing Verilog file "E:/JYD2025_Contest-rv32i55555/JYD2025_Contest-rv32i/digital_twin.gen/sources_1/ip/pll/pll_clk_wiz.v" into library xil_defaultlib
INFO: [VRFC 10-311] analyzing module pll_clk_wiz
INFO: [VRFC 10-2263] Analyzing Verilog file "E:/JYD2025_Contest-rv32i55555/JYD2025_Contest-rv32i/digital_twin.gen/sources_1/ip/pll/pll.v" into library xil_defaultlib
INFO: [VRFC 10-311] analyzing module pll
INFO: [USF-XSim-69] 'compile' step finished in '2' seconds
INFO: [USF-XSim-3] XSim::Elaborate design
INFO: [USF-XSim-61] Executing 'ELABORATE' step in 'E:/JYD2025_Contest-rv32i55555/JYD2025_Contest-rv32i/digital_twin.sim/sim_1/behav/xsim'
"xelab --incr --debug typical --relax --mt 2 -L xil_defaultlib -L blk_mem_gen_v8_4_7 -L dist_mem_gen_v8_0_14 -L uvm -L unisims_ver -L unimacro_ver -L secureip -L xpm --snapshot tb_myCPU_behav xil_defaultlib.tb_myCPU xil_defaultlib.glbl -log elaborate.log"
ECHO 处于关闭状态。
ECHO 处于关闭状态。
Vivado Simulator v2023.2
Copyright 1986-2022 Xilinx, Inc. All Rights Reserved.
Copyright 2022-2023 Advanced Micro Devices, Inc. All Rights Reserved.
Running: E:/Xilinx/Vivado/2023.2/bin/unwrapped/win64.o/xelab.exe --incr --debug typical --relax --mt 2 -L xil_defaultlib -L blk_mem_gen_v8_4_7 -L dist_mem_gen_v8_0_14 -L uvm -L unisims_ver -L unimacro_ver -L secureip -L xpm --snapshot tb_myCPU_behav xil_defaultlib.tb_myCPU xil_defaultlib.glbl -log elaborate.log 
Using 2 slave threads.
Starting static elaboration
Pass Through NonSizing Optimizer
ERROR: [VRFC 10-2991] 'regs' is not declared under prefix 'rf' [E:/JYD2025_Contest-rv32i55555/JYD2025_Contest-rv32i/digital_twin.srcs/sim_1/new/tb_myCPU.sv:53]
ERROR: [XSIM 43-3322] Static elaboration of top level Verilog design unit(s) in library work failed.
INFO: [USF-XSim-69] 'elaborate' step finished in '2' seconds
INFO: [USF-XSim-99] Step results log file:'E:/JYD2025_Contest-rv32i55555/JYD2025_Contest-rv32i/digital_twin.sim/sim_1/behav/xsim/elaborate.log'
ERROR: [USF-XSim-62] 'elaborate' step failed with error(s). Please check the Tcl console output or 'E:/JYD2025_Contest-rv32i55555/JYD2025_Contest-rv32i/digital_twin.sim/sim_1/behav/xsim/elaborate.log' file for more information.
ERROR: [Vivado 12-4473] Detected error while running simulation. Please correct the issue and retry this operation.
ERROR: [Common 17-39] 'launch_simulation' failed due to earlier errors.
set_property top tb_top [get_filesets sim_1]
set_property top_lib xil_defaultlib [get_filesets sim_1]
update_compile_order -fileset sim_1
launch_simulation
Command: launch_simulation 
INFO: [Vivado 12-12493] Simulation top is 'tb_top'
WARNING: [Vivado 12-13340] Unable to auto find GCC executables from simulator install path! (path not set)
INFO: [Vivado 12-5698] Checking validity of IPs in the design for the 'XSim' simulator...
INFO: [Vivado 12-5682] Launching behavioral simulation in 'E:/JYD2025_Contest-rv32i55555/JYD2025_Contest-rv32i/digital_twin.sim/sim_1/behav/xsim'
INFO: [Vivado 12-13660] Precompiled IP simulation library mode is enabled (default). The design IP libraries will be referenced from the compiled library path. Please note that if the precompiled version of the library is not found from the path or the IP is in locked state, then the library source files for these IPs will be compiled locally as part of the compile order.
INFO: [Vivado 12-4795] Using compiled simulation libraries for IPs
INFO: [SIM-utils-51] Simulation object is 'sim_1'
INFO: [SIM-utils-72] Using boost library from 'E:/Xilinx/Vivado/2023.2/tps/boost_1_72_0'
INFO: [USF-XSim-7] Finding pre-compiled libraries...
INFO: [USF-XSim-11] File 'E:/Xilinx/Vivado/2023.2/data/xsim/xsim.ini' copied to run dir:'E:/JYD2025_Contest-rv32i55555/JYD2025_Contest-rv32i/digital_twin.sim/sim_1/behav/xsim'
INFO: [SIM-utils-54] Inspecting design source files for 'tb_top' in fileset 'sim_1'...
INFO: [SIM-utils-43] Exported 'E:/JYD2025_Contest-rv32i55555/JYD2025_Contest-rv32i/digital_twin.sim/sim_1/behav/xsim/DRAM.mif'
INFO: [SIM-utils-43] Exported 'E:/JYD2025_Contest-rv32i55555/JYD2025_Contest-rv32i/digital_twin.sim/sim_1/behav/xsim/dram.coe'
INFO: [SIM-utils-43] Exported 'E:/JYD2025_Contest-rv32i55555/JYD2025_Contest-rv32i/digital_twin.sim/sim_1/behav/xsim/DRAM_BRAM.mif'
INFO: [SIM-utils-43] Exported 'E:/JYD2025_Contest-rv32i55555/JYD2025_Contest-rv32i/digital_twin.sim/sim_1/behav/xsim/dram.coe'
INFO: [SIM-utils-43] Exported 'E:/JYD2025_Contest-rv32i55555/JYD2025_Contest-rv32i/digital_twin.sim/sim_1/behav/xsim/IROM.mif'
INFO: [SIM-utils-43] Exported 'E:/JYD2025_Contest-rv32i55555/JYD2025_Contest-rv32i/digital_twin.sim/sim_1/behav/xsim/R.coe'
INFO: [SIM-utils-43] Exported 'E:/JYD2025_Contest-rv32i55555/JYD2025_Contest-rv32i/digital_twin.sim/sim_1/behav/xsim/dram.coe'
INFO: [SIM-utils-43] Exported 'E:/JYD2025_Contest-rv32i55555/JYD2025_Contest-rv32i/digital_twin.sim/sim_1/behav/xsim/irom.coe'
INFO: [SIM-utils-43] Exported 'E:/JYD2025_Contest-rv32i55555/JYD2025_Contest-rv32i/digital_twin.sim/sim_1/behav/xsim/irom.coe'
INFO: [SIM-utils-43] Exported 'E:/JYD2025_Contest-rv32i55555/JYD2025_Contest-rv32i/digital_twin.sim/sim_1/behav/xsim/irom.coe'
INFO: [SIM-utils-43] Exported 'E:/JYD2025_Contest-rv32i55555/JYD2025_Contest-rv32i/digital_twin.sim/sim_1/behav/xsim/irom.coe'
INFO: [SIM-utils-43] Exported 'E:/JYD2025_Contest-rv32i55555/JYD2025_Contest-rv32i/digital_twin.sim/sim_1/behav/xsim/dram.coe'
INFO: [SIM-utils-43] Exported 'E:/JYD2025_Contest-rv32i55555/JYD2025_Contest-rv32i/digital_twin.sim/sim_1/behav/xsim/irom.coe'
INFO: [SIM-utils-43] Exported 'E:/JYD2025_Contest-rv32i55555/JYD2025_Contest-rv32i/digital_twin.sim/sim_1/behav/xsim/dram.coe'
INFO: [SIM-utils-43] Exported 'E:/JYD2025_Contest-rv32i55555/JYD2025_Contest-rv32i/digital_twin.sim/sim_1/behav/xsim/irom.coe'
INFO: [SIM-utils-43] Exported 'E:/JYD2025_Contest-rv32i55555/JYD2025_Contest-rv32i/digital_twin.sim/sim_1/behav/xsim/dram.coe'
INFO: [USF-XSim-97] Finding global include files...
INFO: [USF-XSim-98] Fetching design files from 'sim_1'...
INFO: [USF-XSim-2] XSim::Compile design
INFO: [USF-XSim-61] Executing 'COMPILE and ANALYZE' step in 'E:/JYD2025_Contest-rv32i55555/JYD2025_Contest-rv32i/digital_twin.sim/sim_1/behav/xsim'
"xvlog --incr --relax -L uvm -prj tb_top_vlog.prj"
ECHO 处于关闭状态。
ECHO 处于关闭状态。
INFO: [VRFC 10-2263] Analyzing SystemVerilog file "E:/JYD2025_Contest-rv32i55555/JYD2025_Contest-rv32i/digital_twin.srcs/sim_1/new/tb_top.sv" into library xil_defaultlib
INFO: [VRFC 10-311] analyzing module tb_top
INFO: [USF-XSim-69] 'compile' step finished in '2' seconds
INFO: [USF-XSim-3] XSim::Elaborate design
INFO: [USF-XSim-61] Executing 'ELABORATE' step in 'E:/JYD2025_Contest-rv32i55555/JYD2025_Contest-rv32i/digital_twin.sim/sim_1/behav/xsim'
"xelab --incr --debug typical --relax --mt 2 -L xil_defaultlib -L blk_mem_gen_v8_4_7 -L dist_mem_gen_v8_0_14 -L uvm -L unisims_ver -L unimacro_ver -L secureip -L xpm --snapshot tb_top_behav xil_defaultlib.tb_top xil_defaultlib.glbl -log elaborate.log"
ECHO 处于关闭状态。
ECHO 处于关闭状态。
Vivado Simulator v2023.2
Copyright 1986-2022 Xilinx, Inc. All Rights Reserved.
Copyright 2022-2023 Advanced Micro Devices, Inc. All Rights Reserved.
Running: E:/Xilinx/Vivado/2023.2/bin/unwrapped/win64.o/xelab.exe --incr --debug typical --relax --mt 2 -L xil_defaultlib -L blk_mem_gen_v8_4_7 -L dist_mem_gen_v8_0_14 -L uvm -L unisims_ver -L unimacro_ver -L secureip -L xpm --snapshot tb_top_behav xil_defaultlib.tb_top xil_defaultlib.glbl -log elaborate.log 
Using 2 slave threads.
Starting static elaboration
Pass Through NonSizing Optimizer
Completed static elaboration
Starting simulation data flow analysis
Completed simulation data flow analysis
Time Resolution for simulation is 1ps
Compiling module unisims_ver.IBUFDS
Compiling module unisims_ver.PLLE2_ADV(CLKFBOUT_MULT=9,CLKIN1...
Compiling module unisims_ver.BUFG
Compiling module xil_defaultlib.pll_clk_wiz
Compiling module xil_defaultlib.pll
Compiling module xil_defaultlib.uart(BAUD_RATE=9600)
Compiling module xil_defaultlib.twin_controller
Compiling module xil_defaultlib.PC
Compiling module xil_defaultlib.stage_IF
Compiling module xil_defaultlib.Control
Compiling module xil_defaultlib.IMMGEN
Compiling module xil_defaultlib.ACTL
Compiling module xil_defaultlib.stage_ID
Compiling module xil_defaultlib.ALU
Compiling module xil_defaultlib.stage_EX
Compiling module xil_defaultlib.Mask
Compiling module xil_defaultlib.stage_MEM
Compiling module xil_defaultlib.MUX4_1
Compiling module xil_defaultlib.stage_WB
Compiling module xil_defaultlib.RF
Compiling module xil_defaultlib.myCPU
Compiling module dist_mem_gen_v8_0_14.dist_mem_gen_v8_0_14(C_FAMILY="k...
Compiling module xil_defaultlib.IROM
Compiling module xil_defaultlib.seg7
Compiling module xil_defaultlib.display_seg
Compiling module blk_mem_gen_v8_4_7.blk_mem_gen_v8_4_7_output_stage(...
Compiling module blk_mem_gen_v8_4_7.blk_mem_gen_v8_4_7_softecc_outpu...
Compiling module blk_mem_gen_v8_4_7.blk_mem_gen_v8_4_7_mem_module(C_...
Compiling module blk_mem_gen_v8_4_7.blk_mem_gen_v8_4_7(C_FAMILY="kin...
Compiling module xil_defaultlib.DRAM_BRAM
Compiling module xil_defaultlib.dram_driver
Compiling module xil_defaultlib.counter
Compiling module xil_defaultlib.perip_bridge
Compiling module xil_defaultlib.student_top
Compiling module xil_defaultlib.top
Compiling module xil_defaultlib.tb_top
Compiling module xil_defaultlib.glbl
Built simulation snapshot tb_top_behav
run_program: Time (s): cpu = 00:00:01 ; elapsed = 00:00:07 . Memory (MB): peak = 1564.391 ; gain = 0.000
INFO: [USF-XSim-69] 'elaborate' step finished in '8' seconds
INFO: [USF-XSim-4] XSim::Simulate design
INFO: [USF-XSim-61] Executing 'SIMULATE' step in 'E:/JYD2025_Contest-rv32i55555/JYD2025_Contest-rv32i/digital_twin.sim/sim_1/behav/xsim'
INFO: [USF-XSim-98] *** Running xsim
   with args "tb_top_behav -key {Behavioral:sim_1:Functional:tb_top} -tclbatch {tb_top.tcl} -view {E:/JYD2025_Contest-rv32i55555/JYD2025_Contest-rv32i/digital_twin.srcs/sim_1/imports/JYD2025_Contest-rv32i-error/tb_uart_behav.wcfg} -view {E:/JYD2025_Contest-rv32i55555/JYD2025_Contest-rv32i/digital_twin.srcs/sim_1/imports/JYD2025_Contest-rv32i-error/tb_top_behav.wcfg} -view {E:/JYD2025_Contest-rv32i55555/JYD2025_Contest-rv32i/digital_twin.srcs/sim_1/imports/JYD2025_Contest-rv32i-error/tb_myCPU_behav.wcfg} -log {simulate.log}"
INFO: [USF-XSim-8] Loading simulator feature
Time resolution is 1 ps
open_wave_config E:/JYD2025_Contest-rv32i55555/JYD2025_Contest-rv32i/digital_twin.srcs/sim_1/imports/JYD2025_Contest-rv32i-error/tb_uart_behav.wcfg
WARNING: Simulation object /tb_uart/clk was not found in the design.
WARNING: Simulation object /tb_uart/rst_n was not found in the design.
WARNING: Simulation object /tb_uart/rx was not found in the design.
WARNING: Simulation object /tb_uart/rx_ready was not found in the design.
WARNING: Simulation object /tb_uart/rx_data was not found in the design.
WARNING: Simulation object /tb_uart/tx was not found in the design.
WARNING: Simulation object /tb_uart/tx_start was not found in the design.
WARNING: Simulation object /tb_uart/tx_data was not found in the design.
WARNING: Simulation object /tb_uart/tx_busy was not found in the design.
WARNING: Simulation object /tb_uart/BIT_PERIOD was not found in the design.
open_wave_config E:/JYD2025_Contest-rv32i55555/JYD2025_Contest-rv32i/digital_twin.srcs/sim_1/imports/JYD2025_Contest-rv32i-error/tb_top_behav.wcfg
WARNING: Simulation object /tb_top/uut/student_top_inst/seg_driver/count was not found in the design.
WARNING: Simulation object /tb_top/uut/student_top_inst/seg_driver/ans was not found in the design.
open_wave_config E:/JYD2025_Contest-rv32i55555/JYD2025_Contest-rv32i/digital_twin.srcs/sim_1/imports/JYD2025_Contest-rv32i-error/tb_myCPU_behav.wcfg
WARNING: Simulation object /tb_myCPU/uut/w_clk_50Mhz was not found in the design.
WARNING: Simulation object /tb_myCPU/uut/student_top_inst/w_clk_rst was not found in the design.
WARNING: Simulation object /tb_myCPU/uut/student_top_inst/bridge_inst/seg_driver/s was not found in the design.
WARNING: Simulation object /tb_myCPU/uut/student_top_inst/pc was not found in the design.
WARNING: Simulation object /tb_myCPU/uut/student_top_inst/instruction was not found in the design.
WARNING: Simulation object /tb_myCPU/uut/student_top_inst/inst_addr was not found in the design.
WARNING: Simulation object /tb_myCPU/uut/student_top_inst/bridge_inst/perip_addr was not found in the design.
WARNING: Simulation object /tb_myCPU/uut/student_top_inst/bridge_inst/dram_driver_inst/perip_addr was not found in the design.
WARNING: Simulation object /tb_myCPU/uut/student_top_inst/bridge_inst/dram_driver_inst/dram_addr was not found in the design.
WARNING: Simulation object /tb_myCPU/uut/student_top_inst/bridge_inst/dram_driver_inst/dram_wen was not found in the design.
WARNING: Simulation object /tb_myCPU/uut/student_top_inst/bridge_inst/dram_driver_inst/dram_rdata_raw was not found in the design.
WARNING: Simulation object /tb_myCPU/uut/student_top_inst/bridge_inst/dram_driver_inst/dout was not found in the design.
WARNING: Simulation object /tb_myCPU/uut/student_top_inst/bridge_inst/cnt_rdata was not found in the design.
WARNING: Simulation object /tb_myCPU/uut/student_top_inst/bridge_inst/counter_inst/cnt_1ms was not found in the design.
WARNING: Simulation object /tb_myCPU/uut/student_top_inst/bridge_inst/mmio_rdata was not found in the design.
WARNING: Simulation object /tb_myCPU/uut/student_top_inst/bridge_inst/dram_rdata was not found in the design.
source tb_top.tcl
# set curr_wave [current_wave_config]
# if { [string length $curr_wave] == 0 } {
#   if { [llength [get_objects]] > 0} {
#     add_wave /
#     set_property needs_save false [current_wave_config]
#   } else {
#      send_msg_id Add_Wave-1 WARNING "No top level signals found. Simulator will start without a wave window. If you want to open a wave window go to 'File->New Waveform Configuration' or type 'create_wave_config' in the TCL console."
#   }
# }
# log_wave -r /
WARNING: [Simtcl 6-197] One or more HDL objects could not be logged because of object type or size limitations.  To see details please rerun the command with -verbose (-v).
# run 1000ns
WARNING: This core is supplied with a behavioral model. To model cycle-accurate behavior you must run timing simulation.
 Block Memory Generator module loading initial data...
 Block Memory Generator data initialization complete.
Block Memory Generator module tb_top.uut.student_top_inst.bridge_inst.dram_driver_inst.Mem_DRAM.inst.\native_mem_module.blk_mem_gen_v8_4_7_inst  is using a behavioral model for simulation which will not precisely model memory collision behavior.
==== send 0x00 to uart_rx ====
xsim: Time (s): cpu = 00:00:09 ; elapsed = 00:00:05 . Memory (MB): peak = 1635.508 ; gain = 71.117
INFO: [USF-XSim-96] XSim completed. Design snapshot 'tb_top_behav' loaded.
INFO: [USF-XSim-97] XSim simulation ran for 1000ns
launch_simulation: Time (s): cpu = 00:00:12 ; elapsed = 00:00:16 . Memory (MB): peak = 1635.508 ; gain = 71.117
set_property CONFIG.coefficient_file {E:/JYD2025_Contest-rv32i55555/JYD2025_Contest-rv32i/digital_twin.srcs/sources_1/imports/JYD2025/coe/test_src/irom.coe} [get_ips IROM]
INFO: [IP_Flow 19-3484] Absolute path of file 'e:/JYD2025_Contest-rv32i55555/JYD2025_Contest-rv32i/digital_twin.srcs/sources_1/imports/JYD2025/coe/test_src/irom.coe' provided. It will be converted relative to IP Instance files '../../imports/JYD2025/coe/test_src/irom.coe'
generate_target all [get_files  E:/JYD2025_Contest-rv32i55555/JYD2025_Contest-rv32i/digital_twin.srcs/sources_1/ip/IROM/IROM.xci]
INFO: [IP_Flow 19-1686] Generating 'Instantiation Template' target for IP 'IROM'...
INFO: [IP_Flow 19-1686] Generating 'Synthesis' target for IP 'IROM'...
INFO: [IP_Flow 19-1686] Generating 'Simulation' target for IP 'IROM'...
INFO: [IP_Flow 19-1686] Generating 'Change Log' target for IP 'IROM'...
catch { config_ip_cache -export [get_ips -all IROM] }
INFO: [IP_Flow 19-6924] IPCACHE: Running cache check for IP inst: IROM
export_ip_user_files -of_objects [get_files E:/JYD2025_Contest-rv32i55555/JYD2025_Contest-rv32i/digital_twin.srcs/sources_1/ip/IROM/IROM.xci] -no_script -sync -force -quiet
create_ip_run [get_files -of_objects [get_fileset sources_1] E:/JYD2025_Contest-rv32i55555/JYD2025_Contest-rv32i/digital_twin.srcs/sources_1/ip/IROM/IROM.xci]
launch_runs IROM_synth_1 -jobs 16
INFO: [IP_Flow 19-6924] IPCACHE: Running cache check for IP inst: IROM
[Mon May  4 23:23:47 2026] Launched IROM_synth_1...
Run output will be captured here: E:/JYD2025_Contest-rv32i55555/JYD2025_Contest-rv32i/digital_twin.runs/IROM_synth_1/runme.log
export_simulation -of_objects [get_files E:/JYD2025_Contest-rv32i55555/JYD2025_Contest-rv32i/digital_twin.srcs/sources_1/ip/IROM/IROM.xci] -directory E:/JYD2025_Contest-rv32i55555/JYD2025_Contest-rv32i/digital_twin.ip_user_files/sim_scripts -ip_user_files_dir E:/JYD2025_Contest-rv32i55555/JYD2025_Contest-rv32i/digital_twin.ip_user_files -ipstatic_source_dir E:/JYD2025_Contest-rv32i55555/JYD2025_Contest-rv32i/digital_twin.ip_user_files/ipstatic -lib_map_path [list {modelsim=E:/JYD2025_Contest-rv32i55555/JYD2025_Contest-rv32i/digital_twin.cache/compile_simlib/modelsim} {questa=E:/JYD2025_Contest-rv32i55555/JYD2025_Contest-rv32i/digital_twin.cache/compile_simlib/questa} {riviera=E:/JYD2025_Contest-rv32i55555/JYD2025_Contest-rv32i/digital_twin.cache/compile_simlib/riviera} {activehdl=E:/JYD2025_Contest-rv32i55555/JYD2025_Contest-rv32i/digital_twin.cache/compile_simlib/activehdl}] -use_ip_compiled_libs -force -quiet
relaunch_sim
Command: launch_simulation -step compile -simset sim_1 -mode behavioral
INFO: [Vivado 12-12493] Simulation top is 'tb_top'
WARNING: [Vivado 12-13340] Unable to auto find GCC executables from simulator install path! (path not set)
boost::filesystem::remove: 另一个程序正在使用此文件，进程无法访问。: "E:/JYD2025_Contest-rv32i55555/JYD2025_Contest-rv32i/digital_twin.sim/sim_1/behav/xsim/simulate.log"
INFO: [Common 17-17] undo 'relaunch_sim'
INFO: [Common 17-17] undo 'relaunch_sim'
ERROR: [Common 17-69] Command failed: boost::filesystem::remove: 另一个程序正在使用此文件，进程无法访问。: "E:/JYD2025_Contest-rv32i55555/JYD2025_Contest-rv32i/digital_twin.sim/sim_1/behav/xsim/simulate.log"
close_sim
INFO: [Simtcl 6-16] Simulation closed
launch_simulation
Command: launch_simulation 
INFO: [Vivado 12-12493] Simulation top is 'tb_top'
WARNING: [Vivado 12-13340] Unable to auto find GCC executables from simulator install path! (path not set)
INFO: [Vivado 12-5698] Checking validity of IPs in the design for the 'XSim' simulator...
INFO: [Vivado 12-5682] Launching behavioral simulation in 'E:/JYD2025_Contest-rv32i55555/JYD2025_Contest-rv32i/digital_twin.sim/sim_1/behav/xsim'
INFO: [Vivado 12-13660] Precompiled IP simulation library mode is enabled (default). The design IP libraries will be referenced from the compiled library path. Please note that if the precompiled version of the library is not found from the path or the IP is in locked state, then the library source files for these IPs will be compiled locally as part of the compile order.
INFO: [Vivado 12-4795] Using compiled simulation libraries for IPs
INFO: [SIM-utils-51] Simulation object is 'sim_1'
INFO: [SIM-utils-72] Using boost library from 'E:/Xilinx/Vivado/2023.2/tps/boost_1_72_0'
INFO: [USF-XSim-7] Finding pre-compiled libraries...
INFO: [USF-XSim-11] File 'E:/Xilinx/Vivado/2023.2/data/xsim/xsim.ini' copied to run dir:'E:/JYD2025_Contest-rv32i55555/JYD2025_Contest-rv32i/digital_twin.sim/sim_1/behav/xsim'
INFO: [SIM-utils-54] Inspecting design source files for 'tb_top' in fileset 'sim_1'...
INFO: [SIM-utils-43] Exported 'E:/JYD2025_Contest-rv32i55555/JYD2025_Contest-rv32i/digital_twin.sim/sim_1/behav/xsim/DRAM.mif'
INFO: [SIM-utils-43] Exported 'E:/JYD2025_Contest-rv32i55555/JYD2025_Contest-rv32i/digital_twin.sim/sim_1/behav/xsim/dram.coe'
INFO: [SIM-utils-43] Exported 'E:/JYD2025_Contest-rv32i55555/JYD2025_Contest-rv32i/digital_twin.sim/sim_1/behav/xsim/DRAM_BRAM.mif'
INFO: [SIM-utils-43] Exported 'E:/JYD2025_Contest-rv32i55555/JYD2025_Contest-rv32i/digital_twin.sim/sim_1/behav/xsim/dram.coe'
INFO: [SIM-utils-43] Exported 'E:/JYD2025_Contest-rv32i55555/JYD2025_Contest-rv32i/digital_twin.sim/sim_1/behav/xsim/IROM.mif'
INFO: [SIM-utils-43] Exported 'E:/JYD2025_Contest-rv32i55555/JYD2025_Contest-rv32i/digital_twin.sim/sim_1/behav/xsim/irom.coe'
INFO: [SIM-utils-43] Exported 'E:/JYD2025_Contest-rv32i55555/JYD2025_Contest-rv32i/digital_twin.sim/sim_1/behav/xsim/dram.coe'
INFO: [SIM-utils-43] Exported 'E:/JYD2025_Contest-rv32i55555/JYD2025_Contest-rv32i/digital_twin.sim/sim_1/behav/xsim/irom.coe'
INFO: [SIM-utils-43] Exported 'E:/JYD2025_Contest-rv32i55555/JYD2025_Contest-rv32i/digital_twin.sim/sim_1/behav/xsim/irom.coe'
INFO: [SIM-utils-43] Exported 'E:/JYD2025_Contest-rv32i55555/JYD2025_Contest-rv32i/digital_twin.sim/sim_1/behav/xsim/irom.coe'
INFO: [SIM-utils-43] Exported 'E:/JYD2025_Contest-rv32i55555/JYD2025_Contest-rv32i/digital_twin.sim/sim_1/behav/xsim/dram.coe'
INFO: [SIM-utils-43] Exported 'E:/JYD2025_Contest-rv32i55555/JYD2025_Contest-rv32i/digital_twin.sim/sim_1/behav/xsim/irom.coe'
INFO: [SIM-utils-43] Exported 'E:/JYD2025_Contest-rv32i55555/JYD2025_Contest-rv32i/digital_twin.sim/sim_1/behav/xsim/dram.coe'
INFO: [SIM-utils-43] Exported 'E:/JYD2025_Contest-rv32i55555/JYD2025_Contest-rv32i/digital_twin.sim/sim_1/behav/xsim/irom.coe'
INFO: [SIM-utils-43] Exported 'E:/JYD2025_Contest-rv32i55555/JYD2025_Contest-rv32i/digital_twin.sim/sim_1/behav/xsim/dram.coe'
INFO: [SIM-utils-43] Exported 'E:/JYD2025_Contest-rv32i55555/JYD2025_Contest-rv32i/digital_twin.sim/sim_1/behav/xsim/R.coe'
INFO: [USF-XSim-97] Finding global include files...
INFO: [USF-XSim-98] Fetching design files from 'sim_1'...
INFO: [USF-XSim-2] XSim::Compile design
INFO: [USF-XSim-61] Executing 'COMPILE and ANALYZE' step in 'E:/JYD2025_Contest-rv32i55555/JYD2025_Contest-rv32i/digital_twin.sim/sim_1/behav/xsim'
"xvlog --incr --relax -L uvm -prj tb_top_vlog.prj"
ECHO 处于关闭状态。
ECHO 处于关闭状态。
INFO: [Common 17-41] Interrupt caught. Command should exit soon.
INFO: [VRFC 10-2263] Analyzing Verilog file "E:/JYD2025_Contest-rv32i55555/JYD2025_Contest-rv32i/digital_twin.gen/sources_1/ip/DRAM_BRAM/sim/DRAM_BRAM.v" into library xil_defaultlib
INFO: [VRFC 10-311] analyzing module DRAM_BRAM
INFO: [VRFC 10-2263] Analyzing Verilog file "E:/JYD2025_Contest-rv32i55555/JYD2025_Contest-rv32i/digital_twin.gen/sources_1/ip/IROM/sim/IROM.v" into library xil_defaultlib
INFO: [VRFC 10-311] analyzing module IROM
INFO: [VRFC 10-2263] Analyzing Verilog file "E:/JYD2025_Contest-rv32i55555/JYD2025_Contest-rv32i/digital_twin.gen/sources_1/ip/pll/pll_clk_wiz.v" into library xil_defaultlib
INFO: [VRFC 10-311] analyzing module pll_clk_wiz
INFO: [VRFC 10-2263] Analyzing Verilog file "E:/JYD2025_Contest-rv32i55555/JYD2025_Contest-rv32i/digital_twin.gen/sources_1/ip/pll/pll.v" into library xil_defaultlib
INFO: [VRFC 10-311] analyzing module pll
INFO: [Common 17-344] 'run_program' was cancelled
INFO: [Vivado 12-5357] 'compile' step aborted
INFO: [Common 17-344] 'launch_simulation' was cancelled
launch_simulation
Command: launch_simulation 
INFO: [Vivado 12-12493] Simulation top is 'tb_top'
WARNING: [Vivado 12-13340] Unable to auto find GCC executables from simulator install path! (path not set)
INFO: [Vivado 12-5698] Checking validity of IPs in the design for the 'XSim' simulator...
INFO: [Vivado 12-5682] Launching behavioral simulation in 'E:/JYD2025_Contest-rv32i55555/JYD2025_Contest-rv32i/digital_twin.sim/sim_1/behav/xsim'
INFO: [Vivado 12-13660] Precompiled IP simulation library mode is enabled (default). The design IP libraries will be referenced from the compiled library path. Please note that if the precompiled version of the library is not found from the path or the IP is in locked state, then the library source files for these IPs will be compiled locally as part of the compile order.
INFO: [Vivado 12-4795] Using compiled simulation libraries for IPs
INFO: [SIM-utils-51] Simulation object is 'sim_1'
INFO: [SIM-utils-72] Using boost library from 'E:/Xilinx/Vivado/2023.2/tps/boost_1_72_0'
INFO: [USF-XSim-7] Finding pre-compiled libraries...
INFO: [USF-XSim-11] File 'E:/Xilinx/Vivado/2023.2/data/xsim/xsim.ini' copied to run dir:'E:/JYD2025_Contest-rv32i55555/JYD2025_Contest-rv32i/digital_twin.sim/sim_1/behav/xsim'
INFO: [SIM-utils-54] Inspecting design source files for 'tb_top' in fileset 'sim_1'...
INFO: [SIM-utils-43] Exported 'E:/JYD2025_Contest-rv32i55555/JYD2025_Contest-rv32i/digital_twin.sim/sim_1/behav/xsim/DRAM.mif'
INFO: [SIM-utils-43] Exported 'E:/JYD2025_Contest-rv32i55555/JYD2025_Contest-rv32i/digital_twin.sim/sim_1/behav/xsim/dram.coe'
INFO: [SIM-utils-43] Exported 'E:/JYD2025_Contest-rv32i55555/JYD2025_Contest-rv32i/digital_twin.sim/sim_1/behav/xsim/DRAM_BRAM.mif'
INFO: [SIM-utils-43] Exported 'E:/JYD2025_Contest-rv32i55555/JYD2025_Contest-rv32i/digital_twin.sim/sim_1/behav/xsim/dram.coe'
INFO: [SIM-utils-43] Exported 'E:/JYD2025_Contest-rv32i55555/JYD2025_Contest-rv32i/digital_twin.sim/sim_1/behav/xsim/IROM.mif'
INFO: [SIM-utils-43] Exported 'E:/JYD2025_Contest-rv32i55555/JYD2025_Contest-rv32i/digital_twin.sim/sim_1/behav/xsim/irom.coe'
INFO: [SIM-utils-43] Exported 'E:/JYD2025_Contest-rv32i55555/JYD2025_Contest-rv32i/digital_twin.sim/sim_1/behav/xsim/dram.coe'
INFO: [SIM-utils-43] Exported 'E:/JYD2025_Contest-rv32i55555/JYD2025_Contest-rv32i/digital_twin.sim/sim_1/behav/xsim/irom.coe'
INFO: [SIM-utils-43] Exported 'E:/JYD2025_Contest-rv32i55555/JYD2025_Contest-rv32i/digital_twin.sim/sim_1/behav/xsim/irom.coe'
INFO: [SIM-utils-43] Exported 'E:/JYD2025_Contest-rv32i55555/JYD2025_Contest-rv32i/digital_twin.sim/sim_1/behav/xsim/irom.coe'
INFO: [SIM-utils-43] Exported 'E:/JYD2025_Contest-rv32i55555/JYD2025_Contest-rv32i/digital_twin.sim/sim_1/behav/xsim/dram.coe'
INFO: [SIM-utils-43] Exported 'E:/JYD2025_Contest-rv32i55555/JYD2025_Contest-rv32i/digital_twin.sim/sim_1/behav/xsim/irom.coe'
INFO: [SIM-utils-43] Exported 'E:/JYD2025_Contest-rv32i55555/JYD2025_Contest-rv32i/digital_twin.sim/sim_1/behav/xsim/dram.coe'
INFO: [SIM-utils-43] Exported 'E:/JYD2025_Contest-rv32i55555/JYD2025_Contest-rv32i/digital_twin.sim/sim_1/behav/xsim/irom.coe'
INFO: [SIM-utils-43] Exported 'E:/JYD2025_Contest-rv32i55555/JYD2025_Contest-rv32i/digital_twin.sim/sim_1/behav/xsim/dram.coe'
INFO: [SIM-utils-43] Exported 'E:/JYD2025_Contest-rv32i55555/JYD2025_Contest-rv32i/digital_twin.sim/sim_1/behav/xsim/R.coe'
INFO: [USF-XSim-97] Finding global include files...
INFO: [USF-XSim-98] Fetching design files from 'sim_1'...
INFO: [USF-XSim-2] XSim::Compile design
INFO: [USF-XSim-61] Executing 'COMPILE and ANALYZE' step in 'E:/JYD2025_Contest-rv32i55555/JYD2025_Contest-rv32i/digital_twin.sim/sim_1/behav/xsim'
"xvlog --incr --relax -L uvm -prj tb_top_vlog.prj"
ECHO 处于关闭状态。
ECHO 处于关闭状态。
INFO: [USF-XSim-69] 'compile' step finished in '2' seconds
INFO: [USF-XSim-3] XSim::Elaborate design
INFO: [USF-XSim-61] Executing 'ELABORATE' step in 'E:/JYD2025_Contest-rv32i55555/JYD2025_Contest-rv32i/digital_twin.sim/sim_1/behav/xsim'
"xelab --incr --debug typical --relax --mt 2 -L xil_defaultlib -L blk_mem_gen_v8_4_7 -L dist_mem_gen_v8_0_14 -L uvm -L unisims_ver -L unimacro_ver -L secureip -L xpm --snapshot tb_top_behav xil_defaultlib.tb_top xil_defaultlib.glbl -log elaborate.log"
ECHO 处于关闭状态。
ECHO 处于关闭状态。
Vivado Simulator v2023.2
Copyright 1986-2022 Xilinx, Inc. All Rights Reserved.
Copyright 2022-2023 Advanced Micro Devices, Inc. All Rights Reserved.
Running: E:/Xilinx/Vivado/2023.2/bin/unwrapped/win64.o/xelab.exe --incr --debug typical --relax --mt 2 -L xil_defaultlib -L blk_mem_gen_v8_4_7 -L dist_mem_gen_v8_0_14 -L uvm -L unisims_ver -L unimacro_ver -L secureip -L xpm --snapshot tb_top_behav xil_defaultlib.tb_top xil_defaultlib.glbl -log elaborate.log 
Using 2 slave threads.
Starting static elaboration
Pass Through NonSizing Optimizer
Completed static elaboration
Starting simulation data flow analysis
Completed simulation data flow analysis
Time Resolution for simulation is 1ps
Compiling module unisims_ver.IBUFDS
Compiling module unisims_ver.PLLE2_ADV(CLKFBOUT_MULT=9,CLKIN1...
Compiling module unisims_ver.BUFG
Compiling module xil_defaultlib.pll_clk_wiz
Compiling module xil_defaultlib.pll
Compiling module xil_defaultlib.uart(BAUD_RATE=9600)
Compiling module xil_defaultlib.twin_controller
Compiling module xil_defaultlib.PC
Compiling module xil_defaultlib.stage_IF
Compiling module xil_defaultlib.Control
Compiling module xil_defaultlib.IMMGEN
Compiling module xil_defaultlib.ACTL
Compiling module xil_defaultlib.stage_ID
Compiling module xil_defaultlib.ALU
Compiling module xil_defaultlib.stage_EX
Compiling module xil_defaultlib.Mask
Compiling module xil_defaultlib.stage_MEM
Compiling module xil_defaultlib.MUX4_1
Compiling module xil_defaultlib.stage_WB
Compiling module xil_defaultlib.RF
Compiling module xil_defaultlib.myCPU
Compiling module dist_mem_gen_v8_0_14.dist_mem_gen_v8_0_14(C_FAMILY="k...
Compiling module xil_defaultlib.IROM
Compiling module xil_defaultlib.seg7
Compiling module xil_defaultlib.display_seg
Compiling module blk_mem_gen_v8_4_7.blk_mem_gen_v8_4_7_output_stage(...
Compiling module blk_mem_gen_v8_4_7.blk_mem_gen_v8_4_7_softecc_outpu...
Compiling module blk_mem_gen_v8_4_7.blk_mem_gen_v8_4_7_mem_module(C_...
Compiling module blk_mem_gen_v8_4_7.blk_mem_gen_v8_4_7(C_FAMILY="kin...
Compiling module xil_defaultlib.DRAM_BRAM
Compiling module xil_defaultlib.dram_driver
Compiling module xil_defaultlib.counter
Compiling module xil_defaultlib.perip_bridge
Compiling module xil_defaultlib.student_top
Compiling module xil_defaultlib.top
Compiling module xil_defaultlib.tb_top
Compiling module xil_defaultlib.glbl
Built simulation snapshot tb_top_behav
run_program: Time (s): cpu = 00:00:00 ; elapsed = 00:00:07 . Memory (MB): peak = 1706.789 ; gain = 0.000
INFO: [USF-XSim-69] 'elaborate' step finished in '7' seconds
INFO: [USF-XSim-4] XSim::Simulate design
INFO: [USF-XSim-61] Executing 'SIMULATE' step in 'E:/JYD2025_Contest-rv32i55555/JYD2025_Contest-rv32i/digital_twin.sim/sim_1/behav/xsim'
INFO: [USF-XSim-98] *** Running xsim
   with args "tb_top_behav -key {Behavioral:sim_1:Functional:tb_top} -tclbatch {tb_top.tcl} -view {E:/JYD2025_Contest-rv32i55555/JYD2025_Contest-rv32i/digital_twin.srcs/sim_1/imports/JYD2025_Contest-rv32i-error/tb_uart_behav.wcfg} -view {E:/JYD2025_Contest-rv32i55555/JYD2025_Contest-rv32i/digital_twin.srcs/sim_1/imports/JYD2025_Contest-rv32i-error/tb_top_behav.wcfg} -view {E:/JYD2025_Contest-rv32i55555/JYD2025_Contest-rv32i/digital_twin.srcs/sim_1/imports/JYD2025_Contest-rv32i-error/tb_myCPU_behav.wcfg} -log {simulate.log}"
INFO: [USF-XSim-8] Loading simulator feature
Time resolution is 1 ps
open_wave_config E:/JYD2025_Contest-rv32i55555/JYD2025_Contest-rv32i/digital_twin.srcs/sim_1/imports/JYD2025_Contest-rv32i-error/tb_uart_behav.wcfg
WARNING: Simulation object /tb_uart/clk was not found in the design.
WARNING: Simulation object /tb_uart/rst_n was not found in the design.
WARNING: Simulation object /tb_uart/rx was not found in the design.
WARNING: Simulation object /tb_uart/rx_ready was not found in the design.
WARNING: Simulation object /tb_uart/rx_data was not found in the design.
WARNING: Simulation object /tb_uart/tx was not found in the design.
WARNING: Simulation object /tb_uart/tx_start was not found in the design.
WARNING: Simulation object /tb_uart/tx_data was not found in the design.
WARNING: Simulation object /tb_uart/tx_busy was not found in the design.
WARNING: Simulation object /tb_uart/BIT_PERIOD was not found in the design.
open_wave_config E:/JYD2025_Contest-rv32i55555/JYD2025_Contest-rv32i/digital_twin.srcs/sim_1/imports/JYD2025_Contest-rv32i-error/tb_top_behav.wcfg
WARNING: Simulation object /tb_top/uut/student_top_inst/seg_driver/count was not found in the design.
WARNING: Simulation object /tb_top/uut/student_top_inst/seg_driver/ans was not found in the design.
open_wave_config E:/JYD2025_Contest-rv32i55555/JYD2025_Contest-rv32i/digital_twin.srcs/sim_1/imports/JYD2025_Contest-rv32i-error/tb_myCPU_behav.wcfg
WARNING: Simulation object /tb_myCPU/uut/w_clk_50Mhz was not found in the design.
WARNING: Simulation object /tb_myCPU/uut/student_top_inst/w_clk_rst was not found in the design.
WARNING: Simulation object /tb_myCPU/uut/student_top_inst/bridge_inst/seg_driver/s was not found in the design.
WARNING: Simulation object /tb_myCPU/uut/student_top_inst/pc was not found in the design.
WARNING: Simulation object /tb_myCPU/uut/student_top_inst/instruction was not found in the design.
WARNING: Simulation object /tb_myCPU/uut/student_top_inst/inst_addr was not found in the design.
WARNING: Simulation object /tb_myCPU/uut/student_top_inst/bridge_inst/perip_addr was not found in the design.
WARNING: Simulation object /tb_myCPU/uut/student_top_inst/bridge_inst/dram_driver_inst/perip_addr was not found in the design.
WARNING: Simulation object /tb_myCPU/uut/student_top_inst/bridge_inst/dram_driver_inst/dram_addr was not found in the design.
WARNING: Simulation object /tb_myCPU/uut/student_top_inst/bridge_inst/dram_driver_inst/dram_wen was not found in the design.
WARNING: Simulation object /tb_myCPU/uut/student_top_inst/bridge_inst/dram_driver_inst/dram_rdata_raw was not found in the design.
WARNING: Simulation object /tb_myCPU/uut/student_top_inst/bridge_inst/dram_driver_inst/dout was not found in the design.
WARNING: Simulation object /tb_myCPU/uut/student_top_inst/bridge_inst/cnt_rdata was not found in the design.
WARNING: Simulation object /tb_myCPU/uut/student_top_inst/bridge_inst/counter_inst/cnt_1ms was not found in the design.
WARNING: Simulation object /tb_myCPU/uut/student_top_inst/bridge_inst/mmio_rdata was not found in the design.
WARNING: Simulation object /tb_myCPU/uut/student_top_inst/bridge_inst/dram_rdata was not found in the design.
source tb_top.tcl
# set curr_wave [current_wave_config]
# if { [string length $curr_wave] == 0 } {
#   if { [llength [get_objects]] > 0} {
#     add_wave /
#     set_property needs_save false [current_wave_config]
#   } else {
#      send_msg_id Add_Wave-1 WARNING "No top level signals found. Simulator will start without a wave window. If you want to open a wave window go to 'File->New Waveform Configuration' or type 'create_wave_config' in the TCL console."
#   }
# }
# log_wave -r /
# run 1000ns
WARNING: This core is supplied with a behavioral model. To model cycle-accurate behavior you must run timing simulation.
 Block Memory Generator module loading initial data...
 Block Memory Generator data initialization complete.
Block Memory Generator module tb_top.uut.student_top_inst.bridge_inst.dram_driver_inst.Mem_DRAM.inst.\native_mem_module.blk_mem_gen_v8_4_7_inst  is using a behavioral model for simulation which will not precisely model memory collision behavior.
==== send 0x00 to uart_rx ====
INFO: [USF-XSim-96] XSim completed. Design snapshot 'tb_top_behav' loaded.
INFO: [USF-XSim-97] XSim simulation ran for 1000ns
launch_simulation: Time (s): cpu = 00:00:05 ; elapsed = 00:00:13 . Memory (MB): peak = 1706.789 ; gain = 0.000
run all
PASS: 0x00 instruction
==== send 0x81 SW[0]=1 ====
==== send 0xa0 SW[31]=1 ====
==== send 0xc1 KEY[0]=1 ====
==== send 0x80 read 18bit data  ====
run: Time (s): cpu = 00:02:51 ; elapsed = 00:02:48 . Memory (MB): peak = 2121.469 ; gain = 0.000
run all
RX[0] = 3f
RX[1] = fe
RX[2] = f8
RX[3] = e3
RX[4] = 93
RX[5] = 01
run: Time (s): cpu = 00:04:02 ; elapsed = 00:03:54 . Memory (MB): peak = 2121.469 ; gain = 0.000
run all
run: Time (s): cpu = 00:00:36 ; elapsed = 00:00:35 . Memory (MB): peak = 2842.938 ; gain = 0.000
relaunch_sim
INFO: xsimkernel Simulation Memory Usage: 23252 KB (Peak: 23252 KB), Simulation CPU Usage: 262812 ms
Command: launch_simulation -step compile -simset sim_1 -mode behavioral
INFO: [Vivado 12-12493] Simulation top is 'tb_top'
WARNING: [Vivado 12-13340] Unable to auto find GCC executables from simulator install path! (path not set)
INFO: [Vivado 12-5698] Checking validity of IPs in the design for the 'XSim' simulator...
INFO: [Vivado 12-5682] Launching behavioral simulation in 'E:/JYD2025_Contest-rv32i55555/JYD2025_Contest-rv32i/digital_twin.sim/sim_1/behav/xsim'
INFO: [Vivado 12-13660] Precompiled IP simulation library mode is enabled (default). The design IP libraries will be referenced from the compiled library path. Please note that if the precompiled version of the library is not found from the path or the IP is in locked state, then the library source files for these IPs will be compiled locally as part of the compile order.
INFO: [Vivado 12-4795] Using compiled simulation libraries for IPs
INFO: [SIM-utils-51] Simulation object is 'sim_1'
INFO: [SIM-utils-72] Using boost library from 'E:/Xilinx/Vivado/2023.2/tps/boost_1_72_0'
INFO: [USF-XSim-7] Finding pre-compiled libraries...
INFO: [USF-XSim-11] File 'E:/Xilinx/Vivado/2023.2/data/xsim/xsim.ini' copied to run dir:'E:/JYD2025_Contest-rv32i55555/JYD2025_Contest-rv32i/digital_twin.sim/sim_1/behav/xsim'
INFO: [SIM-utils-54] Inspecting design source files for 'tb_top' in fileset 'sim_1'...
INFO: [SIM-utils-43] Exported 'E:/JYD2025_Contest-rv32i55555/JYD2025_Contest-rv32i/digital_twin.sim/sim_1/behav/xsim/DRAM.mif'
INFO: [SIM-utils-43] Exported 'E:/JYD2025_Contest-rv32i55555/JYD2025_Contest-rv32i/digital_twin.sim/sim_1/behav/xsim/dram.coe'
INFO: [SIM-utils-43] Exported 'E:/JYD2025_Contest-rv32i55555/JYD2025_Contest-rv32i/digital_twin.sim/sim_1/behav/xsim/DRAM_BRAM.mif'
INFO: [SIM-utils-43] Exported 'E:/JYD2025_Contest-rv32i55555/JYD2025_Contest-rv32i/digital_twin.sim/sim_1/behav/xsim/dram.coe'
INFO: [SIM-utils-43] Exported 'E:/JYD2025_Contest-rv32i55555/JYD2025_Contest-rv32i/digital_twin.sim/sim_1/behav/xsim/IROM.mif'
INFO: [SIM-utils-43] Exported 'E:/JYD2025_Contest-rv32i55555/JYD2025_Contest-rv32i/digital_twin.sim/sim_1/behav/xsim/irom.coe'
INFO: [SIM-utils-43] Exported 'E:/JYD2025_Contest-rv32i55555/JYD2025_Contest-rv32i/digital_twin.sim/sim_1/behav/xsim/dram.coe'
INFO: [SIM-utils-43] Exported 'E:/JYD2025_Contest-rv32i55555/JYD2025_Contest-rv32i/digital_twin.sim/sim_1/behav/xsim/irom.coe'
INFO: [SIM-utils-43] Exported 'E:/JYD2025_Contest-rv32i55555/JYD2025_Contest-rv32i/digital_twin.sim/sim_1/behav/xsim/irom.coe'
INFO: [SIM-utils-43] Exported 'E:/JYD2025_Contest-rv32i55555/JYD2025_Contest-rv32i/digital_twin.sim/sim_1/behav/xsim/irom.coe'
INFO: [SIM-utils-43] Exported 'E:/JYD2025_Contest-rv32i55555/JYD2025_Contest-rv32i/digital_twin.sim/sim_1/behav/xsim/dram.coe'
INFO: [SIM-utils-43] Exported 'E:/JYD2025_Contest-rv32i55555/JYD2025_Contest-rv32i/digital_twin.sim/sim_1/behav/xsim/irom.coe'
INFO: [SIM-utils-43] Exported 'E:/JYD2025_Contest-rv32i55555/JYD2025_Contest-rv32i/digital_twin.sim/sim_1/behav/xsim/dram.coe'
INFO: [SIM-utils-43] Exported 'E:/JYD2025_Contest-rv32i55555/JYD2025_Contest-rv32i/digital_twin.sim/sim_1/behav/xsim/irom.coe'
INFO: [SIM-utils-43] Exported 'E:/JYD2025_Contest-rv32i55555/JYD2025_Contest-rv32i/digital_twin.sim/sim_1/behav/xsim/dram.coe'
INFO: [SIM-utils-43] Exported 'E:/JYD2025_Contest-rv32i55555/JYD2025_Contest-rv32i/digital_twin.sim/sim_1/behav/xsim/R.coe'
INFO: [USF-XSim-97] Finding global include files...
INFO: [USF-XSim-98] Fetching design files from 'sim_1'...
INFO: [USF-XSim-2] XSim::Compile design
INFO: [USF-XSim-61] Executing 'COMPILE and ANALYZE' step in 'E:/JYD2025_Contest-rv32i55555/JYD2025_Contest-rv32i/digital_twin.sim/sim_1/behav/xsim'
"xvlog --incr --relax -L uvm -prj tb_top_vlog.prj"
ECHO 处于关闭状态。
ECHO 处于关闭状态。
INFO: [USF-XSim-69] 'compile' step finished in '2' seconds
Command: launch_simulation -step elaborate -simset sim_1 -mode behavioral
INFO: [Vivado 12-12493] Simulation top is 'tb_top'
WARNING: [Vivado 12-13340] Unable to auto find GCC executables from simulator install path! (path not set)
INFO: [Vivado 12-5698] Checking validity of IPs in the design for the 'XSim' simulator...
INFO: [Vivado 12-5682] Launching behavioral simulation in 'E:/JYD2025_Contest-rv32i55555/JYD2025_Contest-rv32i/digital_twin.sim/sim_1/behav/xsim'
INFO: [Vivado 12-13660] Precompiled IP simulation library mode is enabled (default). The design IP libraries will be referenced from the compiled library path. Please note that if the precompiled version of the library is not found from the path or the IP is in locked state, then the library source files for these IPs will be compiled locally as part of the compile order.
INFO: [Vivado 12-4795] Using compiled simulation libraries for IPs
INFO: [SIM-utils-51] Simulation object is 'sim_1'
INFO: [USF-XSim-3] XSim::Elaborate design
INFO: [USF-XSim-61] Executing 'ELABORATE' step in 'E:/JYD2025_Contest-rv32i55555/JYD2025_Contest-rv32i/digital_twin.sim/sim_1/behav/xsim'
"xelab --incr --debug typical --relax --mt 2 -L xil_defaultlib -L blk_mem_gen_v8_4_7 -L dist_mem_gen_v8_0_14 -L uvm -L unisims_ver -L unimacro_ver -L secureip -L xpm --snapshot tb_top_behav xil_defaultlib.tb_top xil_defaultlib.glbl -log elaborate.log"
ECHO 处于关闭状态。
ECHO 处于关闭状态。
Vivado Simulator v2023.2
Copyright 1986-2022 Xilinx, Inc. All Rights Reserved.
Copyright 2022-2023 Advanced Micro Devices, Inc. All Rights Reserved.
Running: E:/Xilinx/Vivado/2023.2/bin/unwrapped/win64.o/xelab.exe --incr --debug typical --relax --mt 2 -L xil_defaultlib -L blk_mem_gen_v8_4_7 -L dist_mem_gen_v8_0_14 -L uvm -L unisims_ver -L unimacro_ver -L secureip -L xpm --snapshot tb_top_behav xil_defaultlib.tb_top xil_defaultlib.glbl -log elaborate.log 
Using 2 slave threads.
Starting static elaboration
Pass Through NonSizing Optimizer
Completed static elaboration
INFO: [XSIM 43-4323] No Change in HDL. Linking previously generated obj files to create kernel
INFO: [USF-XSim-69] 'elaborate' step finished in '3' seconds
Time resolution is 1 ps
WARNING: This core is supplied with a behavioral model. To model cycle-accurate behavior you must run timing simulation.
 Block Memory Generator module loading initial data...
 Block Memory Generator data initialization complete.
Block Memory Generator module tb_top.uut.student_top_inst.bridge_inst.dram_driver_inst.Mem_DRAM.inst.\native_mem_module.blk_mem_gen_v8_4_7_inst  is using a behavioral model for simulation which will not precisely model memory collision behavior.
==== send 0x00 to uart_rx ====
relaunch_sim: Time (s): cpu = 00:00:01 ; elapsed = 00:00:08 . Memory (MB): peak = 2842.938 ; gain = 0.000
run all
run: Time (s): cpu = 00:00:07 ; elapsed = 00:00:08 . Memory (MB): peak = 2842.938 ; gain = 0.000
run all
set sigs {
    uut.student_top_inst.Core_cpu.mem_stage.perip_addr
    uut.student_top_inst.Core_cpu.mem_stage.perip_wen
    uut.student_top_inst.Core_cpu.mem_stage.perip_wdata
    uut.student_top_inst.Core_cpu.mem_stage.perip_mask
    uut.student_top_inst.Core_cpu.mem_stage.perip_rdata
    uut.student_top_inst.bridge_inst.dram_driver_inst.dram_addr
    uut.student_top_inst.bridge_inst.dram_driver_inst.offset
    uut.student_top_inst.bridge_inst.dram_driver_inst.dram_wen
    uut.student_top_inst.bridge_inst.dram_driver_inst.dram_data
    uut.student_top_inst.bridge_inst.dram_driver_inst.dram_rdata_raw
    uut.student_top_inst.bridge_inst.dram_driver_inst.dout
    uut.student_top_inst.Core_cpu.mem_stage.mem_read_data
    uut.student_top_inst.Core_cpu.mem_stage.ex_mem_funct3
    uut.student_top_inst.Core_cpu.wb_stage.wb_data
  }

    uut.student_top_inst.Core_cpu.mem_stage.perip_addr
    uut.student_top_inst.Core_cpu.mem_stage.perip_wen
    uut.student_top_inst.Core_cpu.mem_stage.perip_wdata
    uut.student_top_inst.Core_cpu.mem_stage.perip_mask
    uut.student_top_inst.Core_cpu.mem_stage.perip_rdata
    uut.student_top_inst.bridge_inst.dram_driver_inst.dram_addr
    uut.student_top_inst.bridge_inst.dram_driver_inst.offset
    uut.student_top_inst.bridge_inst.dram_driver_inst.dram_wen
    uut.student_top_inst.bridge_inst.dram_driver_inst.dram_data
    uut.student_top_inst.bridge_inst.dram_driver_inst.dram_rdata_raw
    uut.student_top_inst.bridge_inst.dram_driver_inst.dout
    uut.student_top_inst.Core_cpu.mem_stage.mem_read_data
    uut.student_top_inst.Core_cpu.mem_stage.ex_mem_funct3
    uut.student_top_inst.Core_cpu.wb_stage.wb_data
  
set sigs {
    uut.student_top_inst.Core_cpu.mem_stage.perip_addr
    uut.student_top_inst.Core_cpu.mem_stage.perip_wen
    uut.student_top_inst.Core_cpu.mem_stage.perip_wdata
    uut.student_top_inst.Core_cpu.mem_stage.perip_mask
    uut.student_top_inst.Core_cpu.mem_stage.perip_rdata
    uut.student_top_inst.bridge_inst.dram_driver_inst.dram_addr
    uut.student_top_inst.bridge_inst.dram_driver_inst.offset
    uut.student_top_inst.bridge_inst.dram_driver_inst.dram_wen
    uut.student_top_inst.bridge_inst.dram_driver_inst.dram_data
    uut.student_top_inst.bridge_inst.dram_driver_inst.dram_rdata_raw
    uut.student_top_inst.bridge_inst.dram_driver_inst.dout
    uut.student_top_inst.Core_cpu.mem_stage.mem_read_data
    uut.student_top_inst.Core_cpu.mem_stage.ex_mem_funct3
    uut.student_top_inst.Core_cpu.wb_stage.wb_data
  }

    uut.student_top_inst.Core_cpu.mem_stage.perip_addr
    uut.student_top_inst.Core_cpu.mem_stage.perip_wen
    uut.student_top_inst.Core_cpu.mem_stage.perip_wdata
    uut.student_top_inst.Core_cpu.mem_stage.perip_mask
    uut.student_top_inst.Core_cpu.mem_stage.perip_rdata
    uut.student_top_inst.bridge_inst.dram_driver_inst.dram_addr
    uut.student_top_inst.bridge_inst.dram_driver_inst.offset
    uut.student_top_inst.bridge_inst.dram_driver_inst.dram_wen
    uut.student_top_inst.bridge_inst.dram_driver_inst.dram_data
    uut.student_top_inst.bridge_inst.dram_driver_inst.dram_rdata_raw
    uut.student_top_inst.bridge_inst.dram_driver_inst.dout
    uut.student_top_inst.Core_cpu.mem_stage.mem_read_data
    uut.student_top_inst.Core_cpu.mem_stage.ex_mem_funct3
    uut.student_top_inst.Core_cpu.wb_stage.wb_data
  
save_wave_config {E:/JYD2025_Contest-rv32i55555/JYD2025_Contest-rv32i/digital_twin.srcs/sim_1/imports/JYD2025_Contest-rv32i-error/tb_top_behav.wcfg}
close_sim
INFO: [Simtcl 6-16] Simulation closed
exit
INFO: [Common 17-206] Exiting Vivado at Wed May  6 00:54:48 2026...
