#-----------------------------------------------------------
# Vivado v2023.2 (64-bit)
# SW Build 4029153 on Fri Oct 13 20:14:34 MDT 2023
# IP Build 4028589 on Sat Oct 14 00:45:43 MDT 2023
# SharedData Build 4025554 on Tue Oct 10 17:18:54 MDT 2023
# Start of session at: Mon May  4 19:08:01 2026
# Process ID: 20004
# Current directory: E:/JYD2025_Contest-rv32i55555/JYD2025_Contest-rv32i
# Command line: vivado.exe -gui_launcher_event rodinguilauncherevent40696 E:\JYD2025_Contest-rv32i55555\JYD2025_Contest-rv32i\digital_twin.xpr
# Log file: E:/JYD2025_Contest-rv32i55555/JYD2025_Contest-rv32i/vivado.log
# Journal file: E:/JYD2025_Contest-rv32i55555/JYD2025_Contest-rv32i\vivado.jou
# Running On: o, OS: Windows, CPU Frequency: 3094 MHz, CPU Physical cores: 16, Host memory: 16849 MB
#-----------------------------------------------------------
start_gui
open_project E:/JYD2025_Contest-rv32i55555/JYD2025_Contest-rv32i/digital_twin.xpr
WARNING: [Board 49-26] cannot add Board Part xilinx.com:kcu116:part0:1.4 available at E:/Xilinx/Vivado/2023.2/data/xhub/boards/XilinxBoardStore/boards/Xilinx/kcu116/1.4/board.xml as part xcku5p-ffvb676-2-e specified in board_part file is either invalid or not available
WARNING: [Board 49-26] cannot add Board Part xilinx.com:kcu116:part0:1.5 available at E:/Xilinx/Vivado/2023.2/data/xhub/boards/XilinxBoardStore/boards/Xilinx/kcu116/1.5/board.xml as part xcku5p-ffvb676-2-e specified in board_part file is either invalid or not available
WARNING: [Board 49-26] cannot add Board Part xilinx.com:vck190:part0:2.2 available at E:/Xilinx/Vivado/2023.2/data/xhub/boards/XilinxBoardStore/boards/Xilinx/vck190/production/2.2/board.xml as part xcvc1902-vsva2197-2mp-e-s specified in board_part file is either invalid or not available
WARNING: [Board 49-26] cannot add Board Part xilinx.com:vck190:part0:3.0 available at E:/Xilinx/Vivado/2023.2/data/xhub/boards/XilinxBoardStore/boards/Xilinx/vck190/production/3.0/board.xml as part xcvc1902-vsva2197-2mp-e-s specified in board_part file is either invalid or not available
WARNING: [Board 49-26] cannot add Board Part xilinx.com:vck190:part0:3.1 available at E:/Xilinx/Vivado/2023.2/data/xhub/boards/XilinxBoardStore/boards/Xilinx/vck190/production/3.1/board.xml as part xcvc1902-vsva2197-2mp-e-s specified in board_part file is either invalid or not available
WARNING: [Board 49-26] cannot add Board Part xilinx.com:vck190:part0:3.2 available at E:/Xilinx/Vivado/2023.2/data/xhub/boards/XilinxBoardStore/boards/Xilinx/vck190/production/3.2/board.xml as part xcvc1902-vsva2197-2mp-e-s specified in board_part file is either invalid or not available
WARNING: [Board 49-26] cannot add Board Part xilinx.com:vck190_newl:part0:1.0 available at E:/Xilinx/Vivado/2023.2/data/xhub/boards/XilinxBoardStore/boards/Xilinx/vck190_newl/production/1.0/board.xml as part xcvc1902-vsva2197-2mp-e-s specified in board_part file is either invalid or not available
WARNING: [Board 49-26] cannot add Board Part xilinx.com:vck190_newl:part0:1.1 available at E:/Xilinx/Vivado/2023.2/data/xhub/boards/XilinxBoardStore/boards/Xilinx/vck190_newl/production/1.1/board.xml as part xcvc1902-vsva2197-2mp-e-s specified in board_part file is either invalid or not available
WARNING: [Board 49-26] cannot add Board Part xilinx.com:vek280:part0:1.0 available at E:/Xilinx/Vivado/2023.2/data/xhub/boards/XilinxBoardStore/boards/Xilinx/vek280/production/1.0/board.xml as part xcve2802-vsvh1760-2mp-e-s specified in board_part file is either invalid or not available
WARNING: [Board 49-26] cannot add Board Part xilinx.com:vek280_es:part0:1.0 available at E:/Xilinx/Vivado/2023.2/data/xhub/boards/XilinxBoardStore/boards/Xilinx/vek280/es/rev_a/1.0/board.xml as part xcve2802-vsvh1760-2lp-e-s-es1 specified in board_part file is either invalid or not available
WARNING: [Board 49-26] cannot add Board Part xilinx.com:vek280_es:part0:1.1 available at E:/Xilinx/Vivado/2023.2/data/xhub/boards/XilinxBoardStore/boards/Xilinx/vek280/es/rev_a/1.1/board.xml as part xcve2802-vsvh1760-2lp-e-s-es1 specified in board_part file is either invalid or not available
WARNING: [Board 49-26] cannot add Board Part xilinx.com:vek280_es_revb:part0:1.0 available at E:/Xilinx/Vivado/2023.2/data/xhub/boards/XilinxBoardStore/boards/Xilinx/vek280/es/rev_b/1.0/board.xml as part xcve2802-vsvh1760-2mp-e-s-es1 specified in board_part file is either invalid or not available
WARNING: [Board 49-26] cannot add Board Part xilinx.com:vek280_es_revb:part0:1.1 available at E:/Xilinx/Vivado/2023.2/data/xhub/boards/XilinxBoardStore/boards/Xilinx/vek280/es/rev_b/1.1/board.xml as part xcve2802-vsvh1760-2mp-e-s-es1 specified in board_part file is either invalid or not available
WARNING: [Board 49-26] cannot add Board Part xilinx.com:vermeo_t1_mpsoc:part0:1.0 available at E:/Xilinx/Vivado/2023.2/data/xhub/boards/XilinxBoardStore/boards/Xilinx/vermeo_t1_mpsoc/1.0/board.xml as part xczu19eg-ffvd1760-2l-e specified in board_part file is either invalid or not available
WARNING: [Board 49-26] cannot add Board Part xilinx.com:vermeo_t1_rfsoc:part0:1.0 available at E:/Xilinx/Vivado/2023.2/data/xhub/boards/XilinxBoardStore/boards/Xilinx/vermeo_t1_rfsoc/1.0/board.xml as part xczu21dr-ffvd1156-2l-e specified in board_part file is either invalid or not available
WARNING: [Board 49-26] cannot add Board Part xilinx.com:vhk158:part0:1.0 available at E:/Xilinx/Vivado/2023.2/data/xhub/boards/XilinxBoardStore/boards/Xilinx/vhk158/production/1.0/board.xml as part xcvh1582-vsva3697-2mp-e-s specified in board_part file is either invalid or not available
WARNING: [Board 49-26] cannot add Board Part xilinx.com:vhk158:part0:1.1 available at E:/Xilinx/Vivado/2023.2/data/xhub/boards/XilinxBoardStore/boards/Xilinx/vhk158/production/1.1/board.xml as part xcvh1582-vsva3697-2mp-e-s specified in board_part file is either invalid or not available
WARNING: [Board 49-26] cannot add Board Part xilinx.com:vhk158_es:part0:1.0 available at E:/Xilinx/Vivado/2023.2/data/xhub/boards/XilinxBoardStore/boards/Xilinx/vhk158/es/1.0/board.xml as part xcvh1582-vsva3697-2mp-e-s-es1 specified in board_part file is either invalid or not available
WARNING: [Board 49-26] cannot add Board Part xilinx.com:vhk158_es:part0:1.1 available at E:/Xilinx/Vivado/2023.2/data/xhub/boards/XilinxBoardStore/boards/Xilinx/vhk158/es/1.1/board.xml as part xcvh1582-vsva3697-2mp-e-s-es1 specified in board_part file is either invalid or not available
WARNING: [Board 49-26] cannot add Board Part xilinx.com:vmk180:part0:2.2 available at E:/Xilinx/Vivado/2023.2/data/xhub/boards/XilinxBoardStore/boards/Xilinx/vmk180/production/2.2/board.xml as part xcvm1802-vsva2197-2mp-e-s specified in board_part file is either invalid or not available
WARNING: [Board 49-26] cannot add Board Part xilinx.com:vmk180:part0:3.0 available at E:/Xilinx/Vivado/2023.2/data/xhub/boards/XilinxBoardStore/boards/Xilinx/vmk180/production/3.0/board.xml as part xcvm1802-vsva2197-2mp-e-s specified in board_part file is either invalid or not available
WARNING: [Board 49-26] cannot add Board Part xilinx.com:vmk180:part0:3.1 available at E:/Xilinx/Vivado/2023.2/data/xhub/boards/XilinxBoardStore/boards/Xilinx/vmk180/production/3.1/board.xml as part xcvm1802-vsva2197-2mp-e-s specified in board_part file is either invalid or not available
WARNING: [Board 49-26] cannot add Board Part xilinx.com:vmk180:part0:3.2 available at E:/Xilinx/Vivado/2023.2/data/xhub/boards/XilinxBoardStore/boards/Xilinx/vmk180/production/3.2/board.xml as part xcvm1802-vsva2197-2mp-e-s specified in board_part file is either invalid or not available
WARNING: [Board 49-26] cannot add Board Part xilinx.com:vmk180_newl:part0:1.0 available at E:/Xilinx/Vivado/2023.2/data/xhub/boards/XilinxBoardStore/boards/Xilinx/vmk180_newl/production/1.0/board.xml as part xcvm1802-vsva2197-2mp-e-s specified in board_part file is either invalid or not available
WARNING: [Board 49-26] cannot add Board Part xilinx.com:vmk180_newl:part0:1.1 available at E:/Xilinx/Vivado/2023.2/data/xhub/boards/XilinxBoardStore/boards/Xilinx/vmk180_newl/production/1.1/board.xml as part xcvm1802-vsva2197-2mp-e-s specified in board_part file is either invalid or not available
WARNING: [Board 49-26] cannot add Board Part xilinx.com:vpk120:part0:1.0 available at E:/Xilinx/Vivado/2023.2/data/xhub/boards/XilinxBoardStore/boards/Xilinx/vpk120/production/1.0/board.xml as part xcvp1202-vsva2785-2mp-e-s specified in board_part file is either invalid or not available
WARNING: [Board 49-26] cannot add Board Part xilinx.com:vpk120:part0:1.1 available at E:/Xilinx/Vivado/2023.2/data/xhub/boards/XilinxBoardStore/boards/Xilinx/vpk120/production/1.1/board.xml as part xcvp1202-vsva2785-2mp-e-s specified in board_part file is either invalid or not available
WARNING: [Board 49-26] cannot add Board Part xilinx.com:vpk120:part0:1.2 available at E:/Xilinx/Vivado/2023.2/data/xhub/boards/XilinxBoardStore/boards/Xilinx/vpk120/production/1.2/board.xml as part xcvp1202-vsva2785-2mp-e-s specified in board_part file is either invalid or not available
WARNING: [Board 49-26] cannot add Board Part xilinx.com:vpk180:part0:1.0 available at E:/Xilinx/Vivado/2023.2/data/xhub/boards/XilinxBoardStore/boards/Xilinx/vpk180/production/1.0/board.xml as part xcvp1802-lsvc4072-2mp-e-s specified in board_part file is either invalid or not available
WARNING: [Board 49-26] cannot add Board Part xilinx.com:vpk180:part0:1.1 available at E:/Xilinx/Vivado/2023.2/data/xhub/boards/XilinxBoardStore/boards/Xilinx/vpk180/production/1.1/board.xml as part xcvp1802-lsvc4072-2mp-e-s specified in board_part file is either invalid or not available
WARNING: [Board 49-26] cannot add Board Part xilinx.com:zc702:part0:1.4 available at E:/Xilinx/Vivado/2023.2/data/xhub/boards/XilinxBoardStore/boards/Xilinx/zc702/1.4/board.xml as part xc7z020clg484-1 specified in board_part file is either invalid or not available
WARNING: [Board 49-26] cannot add Board Part xilinx.com:zc706:part0:1.4 available at E:/Xilinx/Vivado/2023.2/data/xhub/boards/XilinxBoardStore/boards/Xilinx/zc706/1.4/board.xml as part xc7z045ffg900-2 specified in board_part file is either invalid or not available
WARNING: [Board 49-26] cannot add Board Part xilinx.com:zcu102:part0:3.3 available at E:/Xilinx/Vivado/2023.2/data/xhub/boards/XilinxBoardStore/boards/Xilinx/zcu102/3.3/board.xml as part xczu9eg-ffvb1156-2-e specified in board_part file is either invalid or not available
WARNING: [Board 49-26] cannot add Board Part xilinx.com:zcu102:part0:3.4 available at E:/Xilinx/Vivado/2023.2/data/xhub/boards/XilinxBoardStore/boards/Xilinx/zcu102/3.4/board.xml as part xczu9eg-ffvb1156-2-e specified in board_part file is either invalid or not available
WARNING: [Board 49-26] cannot add Board Part xilinx.com:zcu104:part0:1.1 available at E:/Xilinx/Vivado/2023.2/data/xhub/boards/XilinxBoardStore/boards/Xilinx/zcu104/1.1/board.xml as part xczu7ev-ffvc1156-2-e specified in board_part file is either invalid or not available
WARNING: [Board 49-26] cannot add Board Part xilinx.com:zcu106:part0:2.4 available at E:/Xilinx/Vivado/2023.2/data/xhub/boards/XilinxBoardStore/boards/Xilinx/zcu106/2.4/board.xml as part xczu7ev-ffvc1156-2-e specified in board_part file is either invalid or not available
WARNING: [Board 49-26] cannot add Board Part xilinx.com:zcu106:part0:2.5 available at E:/Xilinx/Vivado/2023.2/data/xhub/boards/XilinxBoardStore/boards/Xilinx/zcu106/2.5/board.xml as part xczu7ev-ffvc1156-2-e specified in board_part file is either invalid or not available
WARNING: [Board 49-26] cannot add Board Part xilinx.com:zcu106:part0:2.6 available at E:/Xilinx/Vivado/2023.2/data/xhub/boards/XilinxBoardStore/boards/Xilinx/zcu106/2.6/board.xml as part xczu7ev-ffvc1156-2-e specified in board_part file is either invalid or not available
WARNING: [Board 49-26] cannot add Board Part xilinx.com:zcu111:part0:1.2 available at E:/Xilinx/Vivado/2023.2/data/xhub/boards/XilinxBoardStore/boards/Xilinx/zcu111/1.2/board.xml as part xczu28dr-ffvg1517-2-e specified in board_part file is either invalid or not available
WARNING: [Board 49-26] cannot add Board Part xilinx.com:zcu111:part0:1.3 available at E:/Xilinx/Vivado/2023.2/data/xhub/boards/XilinxBoardStore/boards/Xilinx/zcu111/1.3/board.xml as part xczu28dr-ffvg1517-2-e specified in board_part file is either invalid or not available
WARNING: [Board 49-26] cannot add Board Part xilinx.com:zcu111:part0:1.4 available at E:/Xilinx/Vivado/2023.2/data/xhub/boards/XilinxBoardStore/boards/Xilinx/zcu111/1.4/board.xml as part xczu28dr-ffvg1517-2-e specified in board_part file is either invalid or not available
WARNING: [Board 49-26] cannot add Board Part xilinx.com:zcu1275:part0:1.0 available at E:/Xilinx/Vivado/2023.2/data/xhub/boards/XilinxBoardStore/boards/Xilinx/zcu1275/1.0/board.xml as part xczu29dr-ffvf1760-2-e specified in board_part file is either invalid or not available
WARNING: [Board 49-26] cannot add Board Part xilinx.com:zcu1285:part0:1.0 available at E:/Xilinx/Vivado/2023.2/data/xhub/boards/XilinxBoardStore/boards/Xilinx/zcu1285/1.0/board.xml as part xczu39dr-ffvf1760-2-i specified in board_part file is either invalid or not available
WARNING: [Board 49-26] cannot add Board Part xilinx.com:zcu208:part0:2.0 available at E:/Xilinx/Vivado/2023.2/data/xhub/boards/XilinxBoardStore/boards/Xilinx/zcu208/production/2.0/board.xml as part xczu48dr-fsvg1517-2-e specified in board_part file is either invalid or not available
WARNING: [Board 49-26] cannot add Board Part xilinx.com:zcu208ld:part0:2.0 available at E:/Xilinx/Vivado/2023.2/data/xhub/boards/XilinxBoardStore/boards/Xilinx/zcu208ld/production/2.0/board.xml as part xczu58dr-fsvg1517-2-i specified in board_part file is either invalid or not available
WARNING: [Board 49-26] cannot add Board Part xilinx.com:zcu216:part0:2.0 available at E:/Xilinx/Vivado/2023.2/data/xhub/boards/XilinxBoardStore/boards/Xilinx/zcu216/production/2.0/board.xml as part xczu49dr-ffvf1760-2-e specified in board_part file is either invalid or not available
WARNING: [Board 49-26] cannot add Board Part xilinx.com:zcu216ld:part0:2.0 available at E:/Xilinx/Vivado/2023.2/data/xhub/boards/XilinxBoardStore/boards/Xilinx/zcu216ld/production/2.0/board.xml as part xczu59dr-ffvf1760-2-i specified in board_part file is either invalid or not available
WARNING: [Board 49-26] cannot add Board Part xilinx.com:zcu670:part0:2.0 available at E:/Xilinx/Vivado/2023.2/data/xhub/boards/XilinxBoardStore/boards/Xilinx/zcu670/2.0/board.xml as part xczu67dr-fsve1156-2-i specified in board_part file is either invalid or not available
WARNING: [Board 49-26] cannot add Board Part xilinx.com:zcu670ld:part0:1.0 available at E:/Xilinx/Vivado/2023.2/data/xhub/boards/XilinxBoardStore/boards/Xilinx/zcu670ld/1.0/board.xml as part xczu57dr-fsve1156-2-i specified in board_part file is either invalid or not available
WARNING: [filemgmt 56-3] IP Repository Path: Could not find the directory 'E:/../AppData/Roaming/Xilinx/ip_repo'.
Scanning sources...
Finished scanning sources
INFO: [IP_Flow 19-234] Refreshing IP repositories
WARNING: [IP_Flow 19-2248] Failed to load user IP repository 'e:AppData/Roaming/Xilinx/ip_repo'; Can't find the specified path.
If this directory should no longer be in your list of user repositories, go to the IP Settings dialog and remove it.
INFO: [IP_Flow 19-2313] Loaded Vivado IP repository 'E:/Xilinx/Vivado/2023.2/data/ip'.
open_project: Time (s): cpu = 00:00:25 ; elapsed = 00:00:14 . Memory (MB): peak = 1535.789 ; gain = 410.426
update_compile_order -fileset sources_1
launch_simulation -mode post-synthesis -type functional
Command: launch_simulation  -mode post-synthesis -type functional
INFO: [Vivado 12-12493] Simulation top is 'tb_myCPU'
WARNING: [Vivado 12-13340] Unable to auto find GCC executables from simulator install path! (path not set)
INFO: [Vivado 12-5698] Checking validity of IPs in the design for the 'XSim' simulator...
INFO: [Vivado 12-5682] Launching post-synthesis functional simulation in 'E:/JYD2025_Contest-rv32i55555/JYD2025_Contest-rv32i/digital_twin.sim/sim_1/synth/func/xsim'
INFO: [Vivado 12-13660] Precompiled IP simulation library mode is enabled (default). The design IP libraries will be referenced from the compiled library path. Please note that if the precompiled version of the library is not found from the path or the IP is in locked state, then the library source files for these IPs will be compiled locally as part of the compile order.
INFO: [Vivado 12-4795] Using compiled simulation libraries for IPs
INFO: [SIM-utils-51] Simulation object is 'sim_1'
INFO: [SIM-utils-72] Using boost library from 'E:/Xilinx/Vivado/2023.2/tps/boost_1_72_0'
Design is defaulting to impl run constrset: constrs_1
Design is defaulting to synth run part: xc7k325tffg900-2
INFO: [Device 21-403] Loading part xc7k325tffg900-2
INFO: [Project 1-454] Reading design checkpoint 'e:/JYD2025_Contest-rv32i55555/JYD2025_Contest-rv32i/digital_twin.gen/sources_1/ip/pll/pll.dcp' for cell 'pll_inst'
INFO: [Project 1-454] Reading design checkpoint 'e:/JYD2025_Contest-rv32i55555/JYD2025_Contest-rv32i/digital_twin.gen/sources_1/ip/IROM/IROM.dcp' for cell 'student_top_inst/Mem_IROM'
INFO: [Project 1-454] Reading design checkpoint 'e:/JYD2025_Contest-rv32i55555/JYD2025_Contest-rv32i/digital_twin.gen/sources_1/ip/DRAM_BRAM/DRAM_BRAM.dcp' for cell 'student_top_inst/bridge_inst/dram_driver_inst/Mem_DRAM'
Netlist sorting complete. Time (s): cpu = 00:00:00 ; elapsed = 00:00:00.050 . Memory (MB): peak = 1986.586 ; gain = 0.000
INFO: [Netlist 29-17] Analyzing 1220 Unisim elements for replacement
INFO: [Netlist 29-28] Unisim Transformation completed in 0 CPU seconds
INFO: [Project 1-479] Netlist was created with Vivado 2023.2
INFO: [Project 1-570] Preparing netlist for logic optimization
Parsing XDC File [e:/JYD2025_Contest-rv32i55555/JYD2025_Contest-rv32i/digital_twin.gen/sources_1/ip/pll/pll_board.xdc] for cell 'pll_inst/inst'
Finished Parsing XDC File [e:/JYD2025_Contest-rv32i55555/JYD2025_Contest-rv32i/digital_twin.gen/sources_1/ip/pll/pll_board.xdc] for cell 'pll_inst/inst'
Parsing XDC File [e:/JYD2025_Contest-rv32i55555/JYD2025_Contest-rv32i/digital_twin.gen/sources_1/ip/pll/pll.xdc] for cell 'pll_inst/inst'
INFO: [Timing 38-35] Done setting XDC timing constraints. [e:/JYD2025_Contest-rv32i55555/JYD2025_Contest-rv32i/digital_twin.gen/sources_1/ip/pll/pll.xdc:54]
INFO: [Timing 38-2] Deriving generated clocks [e:/JYD2025_Contest-rv32i55555/JYD2025_Contest-rv32i/digital_twin.gen/sources_1/ip/pll/pll.xdc:54]
Finished Parsing XDC File [e:/JYD2025_Contest-rv32i55555/JYD2025_Contest-rv32i/digital_twin.gen/sources_1/ip/pll/pll.xdc] for cell 'pll_inst/inst'
Parsing XDC File [E:/JYD2025_Contest-rv32i55555/JYD2025_Contest-rv32i/digital_twin.srcs/constrs_1/new/digital_twin.xdc]
Finished Parsing XDC File [E:/JYD2025_Contest-rv32i55555/JYD2025_Contest-rv32i/digital_twin.srcs/constrs_1/new/digital_twin.xdc]
INFO: [Opt 31-138] Pushed 0 inverter(s) to 0 load pin(s).
Netlist sorting complete. Time (s): cpu = 00:00:00 ; elapsed = 00:00:00.002 . Memory (MB): peak = 2742.676 ; gain = 0.000
INFO: [Project 1-111] Unisim Transformation Summary:
No Unisim elements were transformed.

open_run: Time (s): cpu = 00:00:21 ; elapsed = 00:00:18 . Memory (MB): peak = 2780.039 ; gain = 1226.473
INFO: [SIM-utils-24] Writing simulation netlist file for design 'synth_1'...
INFO: [SIM-utils-25] write_verilog -mode funcsim -nolib -force -file "E:/JYD2025_Contest-rv32i55555/JYD2025_Contest-rv32i/digital_twin.sim/sim_1/synth/func/xsim/tb_myCPU_func_synth.v"
INFO: [SIM-utils-36] Netlist generated:E:/JYD2025_Contest-rv32i55555/JYD2025_Contest-rv32i/digital_twin.sim/sim_1/synth/func/xsim/tb_myCPU_func_synth.v
INFO: [USF-XSim-7] Finding pre-compiled libraries...
INFO: [USF-XSim-11] File 'E:/Xilinx/Vivado/2023.2/data/xsim/xsim.ini' copied to run dir:'E:/JYD2025_Contest-rv32i55555/JYD2025_Contest-rv32i/digital_twin.sim/sim_1/synth/func/xsim'
INFO: [SIM-utils-54] Inspecting design source files for 'tb_myCPU' in fileset 'sim_1'...
INFO: [SIM-utils-43] Exported 'E:/JYD2025_Contest-rv32i55555/JYD2025_Contest-rv32i/digital_twin.sim/sim_1/synth/func/xsim/DRAM.mif'
INFO: [SIM-utils-43] Exported 'E:/JYD2025_Contest-rv32i55555/JYD2025_Contest-rv32i/digital_twin.sim/sim_1/synth/func/xsim/dram.coe'
INFO: [SIM-utils-43] Exported 'E:/JYD2025_Contest-rv32i55555/JYD2025_Contest-rv32i/digital_twin.sim/sim_1/synth/func/xsim/DRAM_BRAM.mif'
INFO: [SIM-utils-43] Exported 'E:/JYD2025_Contest-rv32i55555/JYD2025_Contest-rv32i/digital_twin.sim/sim_1/synth/func/xsim/dram.coe'
INFO: [SIM-utils-43] Exported 'E:/JYD2025_Contest-rv32i55555/JYD2025_Contest-rv32i/digital_twin.sim/sim_1/synth/func/xsim/IROM.mif'
INFO: [SIM-utils-43] Exported 'E:/JYD2025_Contest-rv32i55555/JYD2025_Contest-rv32i/digital_twin.sim/sim_1/synth/func/xsim/irom.coe'
INFO: [SIM-utils-43] Exported 'E:/JYD2025_Contest-rv32i55555/JYD2025_Contest-rv32i/digital_twin.sim/sim_1/synth/func/xsim/dram.coe'
INFO: [SIM-utils-43] Exported 'E:/JYD2025_Contest-rv32i55555/JYD2025_Contest-rv32i/digital_twin.sim/sim_1/synth/func/xsim/irom.coe'
INFO: [SIM-utils-43] Exported 'E:/JYD2025_Contest-rv32i55555/JYD2025_Contest-rv32i/digital_twin.sim/sim_1/synth/func/xsim/irom.coe'
INFO: [SIM-utils-43] Exported 'E:/JYD2025_Contest-rv32i55555/JYD2025_Contest-rv32i/digital_twin.sim/sim_1/synth/func/xsim/irom.coe'
INFO: [SIM-utils-43] Exported 'E:/JYD2025_Contest-rv32i55555/JYD2025_Contest-rv32i/digital_twin.sim/sim_1/synth/func/xsim/dram.coe'
INFO: [SIM-utils-43] Exported 'E:/JYD2025_Contest-rv32i55555/JYD2025_Contest-rv32i/digital_twin.sim/sim_1/synth/func/xsim/irom.coe'
INFO: [SIM-utils-43] Exported 'E:/JYD2025_Contest-rv32i55555/JYD2025_Contest-rv32i/digital_twin.sim/sim_1/synth/func/xsim/dram.coe'
INFO: [SIM-utils-43] Exported 'E:/JYD2025_Contest-rv32i55555/JYD2025_Contest-rv32i/digital_twin.sim/sim_1/synth/func/xsim/irom.coe'
INFO: [SIM-utils-43] Exported 'E:/JYD2025_Contest-rv32i55555/JYD2025_Contest-rv32i/digital_twin.sim/sim_1/synth/func/xsim/dram.coe'
INFO: [USF-XSim-2] XSim::Compile design
INFO: [USF-XSim-61] Executing 'COMPILE and ANALYZE' step in 'E:/JYD2025_Contest-rv32i55555/JYD2025_Contest-rv32i/digital_twin.sim/sim_1/synth/func/xsim'
"xvlog --incr --relax -L uvm -prj tb_myCPU_vlog.prj"
ECHO 处于关闭状态。
ECHO 处于关闭状态。
INFO: [VRFC 10-2263] Analyzing Verilog file "E:/JYD2025_Contest-rv32i55555/JYD2025_Contest-rv32i/digital_twin.sim/sim_1/synth/func/xsim/tb_myCPU_func_synth.v" into library xil_defaultlib
INFO: [VRFC 10-311] analyzing module ALU
INFO: [VRFC 10-311] analyzing module DRAM_BRAM
INFO: [VRFC 10-311] analyzing module IROM
INFO: [VRFC 10-311] analyzing module Mask
INFO: [VRFC 10-311] analyzing module PC
INFO: [VRFC 10-311] analyzing module RF
INFO: [VRFC 10-311] analyzing module counter
INFO: [VRFC 10-311] analyzing module display_seg
INFO: [VRFC 10-311] analyzing module dram_driver
INFO: [VRFC 10-311] analyzing module myCPU
INFO: [VRFC 10-311] analyzing module perip_bridge
INFO: [VRFC 10-311] analyzing module pll
INFO: [VRFC 10-311] analyzing module pll_clk_wiz
INFO: [VRFC 10-311] analyzing module stage_EX
INFO: [VRFC 10-311] analyzing module stage_ID
INFO: [VRFC 10-311] analyzing module stage_IF
INFO: [VRFC 10-311] analyzing module stage_MEM
INFO: [VRFC 10-311] analyzing module student_top
INFO: [VRFC 10-311] analyzing module top
INFO: [VRFC 10-311] analyzing module twin_controller
INFO: [VRFC 10-311] analyzing module uart
INFO: [VRFC 10-311] analyzing module IROM_dist_mem_gen_v8_0_14
INFO: [VRFC 10-311] analyzing module IROM_dist_mem_gen_v8_0_14_synth
INFO: [VRFC 10-311] analyzing module IROM_rom
INFO: [VRFC 10-311] analyzing module DRAM_BRAM_bindec
INFO: [VRFC 10-311] analyzing module DRAM_BRAM_blk_mem_gen_generic_cstr
INFO: [VRFC 10-311] analyzing module DRAM_BRAM_blk_mem_gen_mux
INFO: [VRFC 10-311] analyzing module DRAM_BRAM_blk_mem_gen_prim_width
INFO: [VRFC 10-311] analyzing module DRAM_BRAM_blk_mem_gen_prim_width__parameterized0
INFO: [VRFC 10-311] analyzing module DRAM_BRAM_blk_mem_gen_prim_width__parameterized1
INFO: [VRFC 10-311] analyzing module DRAM_BRAM_blk_mem_gen_prim_width__parameterized10
INFO: [VRFC 10-311] analyzing module DRAM_BRAM_blk_mem_gen_prim_width__parameterized11
INFO: [VRFC 10-311] analyzing module DRAM_BRAM_blk_mem_gen_prim_width__parameterized12
INFO: [VRFC 10-311] analyzing module DRAM_BRAM_blk_mem_gen_prim_width__parameterized13
INFO: [VRFC 10-311] analyzing module DRAM_BRAM_blk_mem_gen_prim_width__parameterized14
INFO: [VRFC 10-311] analyzing module DRAM_BRAM_blk_mem_gen_prim_width__parameterized15
INFO: [VRFC 10-311] analyzing module DRAM_BRAM_blk_mem_gen_prim_width__parameterized16
INFO: [VRFC 10-311] analyzing module DRAM_BRAM_blk_mem_gen_prim_width__parameterized17
INFO: [VRFC 10-311] analyzing module DRAM_BRAM_blk_mem_gen_prim_width__parameterized18
INFO: [VRFC 10-311] analyzing module DRAM_BRAM_blk_mem_gen_prim_width__parameterized19
INFO: [VRFC 10-311] analyzing module DRAM_BRAM_blk_mem_gen_prim_width__parameterized2
INFO: [VRFC 10-311] analyzing module DRAM_BRAM_blk_mem_gen_prim_width__parameterized20
INFO: [VRFC 10-311] analyzing module DRAM_BRAM_blk_mem_gen_prim_width__parameterized21
INFO: [VRFC 10-311] analyzing module DRAM_BRAM_blk_mem_gen_prim_width__parameterized22
INFO: [VRFC 10-311] analyzing module DRAM_BRAM_blk_mem_gen_prim_width__parameterized23
INFO: [VRFC 10-311] analyzing module DRAM_BRAM_blk_mem_gen_prim_width__parameterized24
INFO: [VRFC 10-311] analyzing module DRAM_BRAM_blk_mem_gen_prim_width__parameterized25
INFO: [VRFC 10-311] analyzing module DRAM_BRAM_blk_mem_gen_prim_width__parameterized26
INFO: [VRFC 10-311] analyzing module DRAM_BRAM_blk_mem_gen_prim_width__parameterized27
INFO: [VRFC 10-311] analyzing module DRAM_BRAM_blk_mem_gen_prim_width__parameterized28
INFO: [VRFC 10-311] analyzing module DRAM_BRAM_blk_mem_gen_prim_width__parameterized29
INFO: [VRFC 10-311] analyzing module DRAM_BRAM_blk_mem_gen_prim_width__parameterized3
INFO: [VRFC 10-311] analyzing module DRAM_BRAM_blk_mem_gen_prim_width__parameterized30
INFO: [VRFC 10-311] analyzing module DRAM_BRAM_blk_mem_gen_prim_width__parameterized31
INFO: [VRFC 10-311] analyzing module DRAM_BRAM_blk_mem_gen_prim_width__parameterized32
INFO: [VRFC 10-311] analyzing module DRAM_BRAM_blk_mem_gen_prim_width__parameterized33
INFO: [VRFC 10-311] analyzing module DRAM_BRAM_blk_mem_gen_prim_width__parameterized34
INFO: [VRFC 10-311] analyzing module DRAM_BRAM_blk_mem_gen_prim_width__parameterized35
INFO: [VRFC 10-311] analyzing module DRAM_BRAM_blk_mem_gen_prim_width__parameterized36
INFO: [VRFC 10-311] analyzing module DRAM_BRAM_blk_mem_gen_prim_width__parameterized37
INFO: [VRFC 10-311] analyzing module DRAM_BRAM_blk_mem_gen_prim_width__parameterized38
INFO: [VRFC 10-311] analyzing module DRAM_BRAM_blk_mem_gen_prim_width__parameterized39
INFO: [VRFC 10-311] analyzing module DRAM_BRAM_blk_mem_gen_prim_width__parameterized4
INFO: [VRFC 10-311] analyzing module DRAM_BRAM_blk_mem_gen_prim_width__parameterized40
INFO: [VRFC 10-311] analyzing module DRAM_BRAM_blk_mem_gen_prim_width__parameterized41
INFO: [VRFC 10-311] analyzing module DRAM_BRAM_blk_mem_gen_prim_width__parameterized42
INFO: [VRFC 10-311] analyzing module DRAM_BRAM_blk_mem_gen_prim_width__parameterized43
INFO: [VRFC 10-311] analyzing module DRAM_BRAM_blk_mem_gen_prim_width__parameterized44
INFO: [VRFC 10-311] analyzing module DRAM_BRAM_blk_mem_gen_prim_width__parameterized45
INFO: [VRFC 10-311] analyzing module DRAM_BRAM_blk_mem_gen_prim_width__parameterized46
INFO: [VRFC 10-311] analyzing module DRAM_BRAM_blk_mem_gen_prim_width__parameterized47
INFO: [VRFC 10-311] analyzing module DRAM_BRAM_blk_mem_gen_prim_width__parameterized48
INFO: [VRFC 10-311] analyzing module DRAM_BRAM_blk_mem_gen_prim_width__parameterized49
INFO: [VRFC 10-311] analyzing module DRAM_BRAM_blk_mem_gen_prim_width__parameterized5
INFO: [VRFC 10-311] analyzing module DRAM_BRAM_blk_mem_gen_prim_width__parameterized50
INFO: [VRFC 10-311] analyzing module DRAM_BRAM_blk_mem_gen_prim_width__parameterized51
INFO: [VRFC 10-311] analyzing module DRAM_BRAM_blk_mem_gen_prim_width__parameterized6
INFO: [VRFC 10-311] analyzing module DRAM_BRAM_blk_mem_gen_prim_width__parameterized7
INFO: [VRFC 10-311] analyzing module DRAM_BRAM_blk_mem_gen_prim_width__parameterized8
INFO: [VRFC 10-311] analyzing module DRAM_BRAM_blk_mem_gen_prim_width__parameterized9
INFO: [VRFC 10-311] analyzing module DRAM_BRAM_blk_mem_gen_prim_wrapper_init
INFO: [VRFC 10-311] analyzing module DRAM_BRAM_blk_mem_gen_prim_wrapper_init__parameterized0
INFO: [VRFC 10-311] analyzing module DRAM_BRAM_blk_mem_gen_prim_wrapper_init__parameterized1
INFO: [VRFC 10-311] analyzing module DRAM_BRAM_blk_mem_gen_prim_wrapper_init__parameterized10
INFO: [VRFC 10-311] analyzing module DRAM_BRAM_blk_mem_gen_prim_wrapper_init__parameterized11
INFO: [VRFC 10-311] analyzing module DRAM_BRAM_blk_mem_gen_prim_wrapper_init__parameterized12
INFO: [VRFC 10-311] analyzing module DRAM_BRAM_blk_mem_gen_prim_wrapper_init__parameterized13
INFO: [VRFC 10-311] analyzing module DRAM_BRAM_blk_mem_gen_prim_wrapper_init__parameterized14
INFO: [VRFC 10-311] analyzing module DRAM_BRAM_blk_mem_gen_prim_wrapper_init__parameterized15
INFO: [VRFC 10-311] analyzing module DRAM_BRAM_blk_mem_gen_prim_wrapper_init__parameterized16
INFO: [VRFC 10-311] analyzing module DRAM_BRAM_blk_mem_gen_prim_wrapper_init__parameterized17
INFO: [VRFC 10-311] analyzing module DRAM_BRAM_blk_mem_gen_prim_wrapper_init__parameterized18
INFO: [VRFC 10-311] analyzing module DRAM_BRAM_blk_mem_gen_prim_wrapper_init__parameterized19
INFO: [VRFC 10-311] analyzing module DRAM_BRAM_blk_mem_gen_prim_wrapper_init__parameterized2
INFO: [VRFC 10-311] analyzing module DRAM_BRAM_blk_mem_gen_prim_wrapper_init__parameterized20
INFO: [VRFC 10-311] analyzing module DRAM_BRAM_blk_mem_gen_prim_wrapper_init__parameterized21
INFO: [VRFC 10-311] analyzing module DRAM_BRAM_blk_mem_gen_prim_wrapper_init__parameterized22
INFO: [VRFC 10-311] analyzing module DRAM_BRAM_blk_mem_gen_prim_wrapper_init__parameterized23
INFO: [VRFC 10-311] analyzing module DRAM_BRAM_blk_mem_gen_prim_wrapper_init__parameterized24
INFO: [VRFC 10-311] analyzing module DRAM_BRAM_blk_mem_gen_prim_wrapper_init__parameterized25
INFO: [VRFC 10-311] analyzing module DRAM_BRAM_blk_mem_gen_prim_wrapper_init__parameterized26
INFO: [VRFC 10-311] analyzing module DRAM_BRAM_blk_mem_gen_prim_wrapper_init__parameterized27
INFO: [VRFC 10-311] analyzing module DRAM_BRAM_blk_mem_gen_prim_wrapper_init__parameterized28
INFO: [VRFC 10-311] analyzing module DRAM_BRAM_blk_mem_gen_prim_wrapper_init__parameterized29
INFO: [VRFC 10-311] analyzing module DRAM_BRAM_blk_mem_gen_prim_wrapper_init__parameterized3
INFO: [VRFC 10-311] analyzing module DRAM_BRAM_blk_mem_gen_prim_wrapper_init__parameterized30
INFO: [VRFC 10-311] analyzing module DRAM_BRAM_blk_mem_gen_prim_wrapper_init__parameterized31
INFO: [VRFC 10-311] analyzing module DRAM_BRAM_blk_mem_gen_prim_wrapper_init__parameterized32
INFO: [VRFC 10-311] analyzing module DRAM_BRAM_blk_mem_gen_prim_wrapper_init__parameterized33
INFO: [VRFC 10-311] analyzing module DRAM_BRAM_blk_mem_gen_prim_wrapper_init__parameterized34
INFO: [VRFC 10-311] analyzing module DRAM_BRAM_blk_mem_gen_prim_wrapper_init__parameterized35
INFO: [VRFC 10-311] analyzing module DRAM_BRAM_blk_mem_gen_prim_wrapper_init__parameterized36
INFO: [VRFC 10-311] analyzing module DRAM_BRAM_blk_mem_gen_prim_wrapper_init__parameterized37
INFO: [VRFC 10-311] analyzing module DRAM_BRAM_blk_mem_gen_prim_wrapper_init__parameterized38
INFO: [VRFC 10-311] analyzing module DRAM_BRAM_blk_mem_gen_prim_wrapper_init__parameterized39
INFO: [VRFC 10-311] analyzing module DRAM_BRAM_blk_mem_gen_prim_wrapper_init__parameterized4
INFO: [VRFC 10-311] analyzing module DRAM_BRAM_blk_mem_gen_prim_wrapper_init__parameterized40
INFO: [VRFC 10-311] analyzing module DRAM_BRAM_blk_mem_gen_prim_wrapper_init__parameterized41
INFO: [VRFC 10-311] analyzing module DRAM_BRAM_blk_mem_gen_prim_wrapper_init__parameterized42
INFO: [VRFC 10-311] analyzing module DRAM_BRAM_blk_mem_gen_prim_wrapper_init__parameterized43
INFO: [VRFC 10-311] analyzing module DRAM_BRAM_blk_mem_gen_prim_wrapper_init__parameterized44
INFO: [VRFC 10-311] analyzing module DRAM_BRAM_blk_mem_gen_prim_wrapper_init__parameterized45
INFO: [VRFC 10-311] analyzing module DRAM_BRAM_blk_mem_gen_prim_wrapper_init__parameterized46
INFO: [VRFC 10-311] analyzing module DRAM_BRAM_blk_mem_gen_prim_wrapper_init__parameterized47
INFO: [VRFC 10-311] analyzing module DRAM_BRAM_blk_mem_gen_prim_wrapper_init__parameterized48
INFO: [VRFC 10-311] analyzing module DRAM_BRAM_blk_mem_gen_prim_wrapper_init__parameterized49
INFO: [VRFC 10-311] analyzing module DRAM_BRAM_blk_mem_gen_prim_wrapper_init__parameterized5
INFO: [VRFC 10-311] analyzing module DRAM_BRAM_blk_mem_gen_prim_wrapper_init__parameterized50
INFO: [VRFC 10-311] analyzing module DRAM_BRAM_blk_mem_gen_prim_wrapper_init__parameterized51
INFO: [VRFC 10-311] analyzing module DRAM_BRAM_blk_mem_gen_prim_wrapper_init__parameterized6
INFO: [VRFC 10-311] analyzing module DRAM_BRAM_blk_mem_gen_prim_wrapper_init__parameterized7
INFO: [VRFC 10-311] analyzing module DRAM_BRAM_blk_mem_gen_prim_wrapper_init__parameterized8
INFO: [VRFC 10-311] analyzing module DRAM_BRAM_blk_mem_gen_prim_wrapper_init__parameterized9
INFO: [VRFC 10-311] analyzing module DRAM_BRAM_blk_mem_gen_top
INFO: [VRFC 10-311] analyzing module DRAM_BRAM_blk_mem_gen_v8_4_7
INFO: [VRFC 10-311] analyzing module DRAM_BRAM_blk_mem_gen_v8_4_7_synth
INFO: [VRFC 10-311] analyzing module glbl
run_program: Time (s): cpu = 00:00:00 ; elapsed = 00:00:05 . Memory (MB): peak = 2792.945 ; gain = 0.000
INFO: [USF-XSim-69] 'compile' step finished in '6' seconds
INFO: [USF-XSim-3] XSim::Elaborate design
INFO: [USF-XSim-61] Executing 'ELABORATE' step in 'E:/JYD2025_Contest-rv32i55555/JYD2025_Contest-rv32i/digital_twin.sim/sim_1/synth/func/xsim'
"xelab --incr --debug typical --relax --mt 2 -L xil_defaultlib -L uvm -L unisims_ver -L secureip --snapshot tb_myCPU_func_synth xil_defaultlib.tb_myCPU xil_defaultlib.glbl -log elaborate.log"
ECHO 处于关闭状态。
ECHO 处于关闭状态。
Vivado Simulator v2023.2
Copyright 1986-2022 Xilinx, Inc. All Rights Reserved.
Copyright 2022-2023 Advanced Micro Devices, Inc. All Rights Reserved.
Running: E:/Xilinx/Vivado/2023.2/bin/unwrapped/win64.o/xelab.exe --incr --debug typical --relax --mt 2 -L xil_defaultlib -L uvm -L unisims_ver -L secureip --snapshot tb_myCPU_func_synth xil_defaultlib.tb_myCPU xil_defaultlib.glbl -log elaborate.log 
Using 2 slave threads.
Starting static elaboration
Pass Through NonSizing Optimizer
Completed static elaboration
Starting simulation data flow analysis
Completed simulation data flow analysis
Time Resolution for simulation is 1ps
Compiling module unisims_ver.IBUF
Compiling module unisims_ver.OBUF
Compiling module unisims_ver.BUFG
Compiling module unisims_ver.IBUFDS
Compiling module unisims_ver.PLLE2_ADV(CLKFBOUT_MULT=9,CLKIN1...
Compiling module xil_defaultlib.pll_clk_wiz
Compiling module xil_defaultlib.pll
Compiling module unisims_ver.LUT5
Compiling module unisims_ver.LUT4
Compiling module unisims_ver.LUT6
Compiling module unisims_ver.x_lut3_mux8
Compiling module unisims_ver.LUT3
Compiling module unisims_ver.CARRY4
Compiling module unisims_ver.MUXF7
Compiling module xil_defaultlib.ALU
Compiling module unisims_ver.x_lut2_mux4
Compiling module unisims_ver.LUT2
Compiling module unisims_ver.FDCE_default
Compiling module unisims_ver.x_lut1_mux2
Compiling module unisims_ver.LUT1
Compiling module xil_defaultlib.stage_EX
Compiling module xil_defaultlib.stage_ID
Compiling module unisims_ver.FDPE_default
Compiling module xil_defaultlib.PC
Compiling module xil_defaultlib.stage_IF
Compiling module xil_defaultlib.Mask
Compiling module xil_defaultlib.stage_MEM
Compiling module unisims_ver.MUXF8
Compiling module xil_defaultlib.RF
Compiling module xil_defaultlib.myCPU
Compiling module unisims_ver.GND
Compiling module xil_defaultlib.IROM
Compiling module unisims_ver.FDRE_default
Compiling module xil_defaultlib.counter
Compiling module unisims_ver.RB36_INTERNAL_VLOG(RDADDR_COLLIS...
Compiling module unisims_ver.RAMB36E1(INITP_00=256'b011000,IN...
Compiling module unisims_ver.RB36_INTERNAL_VLOG(RDADDR_COLLIS...
Compiling module unisims_ver.RAMB36E1(RDADDR_COLLISION_HWCONF...
Compiling module unisims_ver.RB36_INTERNAL_VLOG(RDADDR_COLLIS...
Compiling module unisims_ver.RAMB36E1(INITP_00=256'b010000,IN...
Compiling module unisims_ver.RB36_INTERNAL_VLOG(RDADDR_COLLIS...
Compiling module unisims_ver.RAMB36E1(INITP_00=256'b010010000...
Compiling module unisims_ver.RB36_INTERNAL_VLOG(RAM_EXTENSION...
Compiling module unisims_ver.RAMB36E1(INIT_00=256'b010000000,...
Compiling module unisims_ver.RB36_INTERNAL_VLOG(RAM_EXTENSION...
Compiling module unisims_ver.RAMB36E1(RAM_EXTENSION_A="UPPER"...
Compiling module unisims_ver.RB36_INTERNAL_VLOG(RAM_EXTENSION...
Compiling module unisims_ver.RAMB36E1(INIT_00=256'b010011000,...
Compiling module unisims_ver.RB36_INTERNAL_VLOG(RAM_EXTENSION...
Compiling module unisims_ver.RAMB36E1(INIT_00=256'b010010000,...
Compiling module xil_defaultlib.DRAM_BRAM
Compiling module xil_defaultlib.dram_driver
Compiling module xil_defaultlib.display_seg
Compiling module xil_defaultlib.perip_bridge
Compiling module xil_defaultlib.student_top
Compiling module xil_defaultlib.twin_controller
Compiling module xil_defaultlib.uart
Compiling module xil_defaultlib.top
Compiling module xil_defaultlib.tb_myCPU
Compiling module xil_defaultlib.glbl
Built simulation snapshot tb_myCPU_func_synth
run_program: Time (s): cpu = 00:00:03 ; elapsed = 00:00:28 . Memory (MB): peak = 2811.562 ; gain = 18.617
INFO: [USF-XSim-69] 'elaborate' step finished in '28' seconds
INFO: [USF-XSim-4] XSim::Simulate design
INFO: [USF-XSim-61] Executing 'SIMULATE' step in 'E:/JYD2025_Contest-rv32i55555/JYD2025_Contest-rv32i/digital_twin.sim/sim_1/synth/func/xsim'
INFO: [USF-XSim-98] *** Running xsim
   with args "tb_myCPU_func_synth -key {Post-Synthesis:sim_1:Functional:tb_myCPU} -tclbatch {tb_myCPU.tcl} -view {E:/JYD2025_Contest-rv32i55555/JYD2025_Contest-rv32i/digital_twin.srcs/sim_1/imports/JYD2025_Contest-rv32i-error/tb_uart_behav.wcfg} -view {E:/JYD2025_Contest-rv32i55555/JYD2025_Contest-rv32i/digital_twin.srcs/sim_1/imports/JYD2025_Contest-rv32i-error/tb_top_behav.wcfg} -view {E:/JYD2025_Contest-rv32i55555/JYD2025_Contest-rv32i/digital_twin.srcs/sim_1/imports/JYD2025_Contest-rv32i-error/tb_myCPU_behav.wcfg} -log {simulate.log}"
INFO: [USF-XSim-8] Loading simulator feature
Time resolution is 1 ps
open_wave_config E:/JYD2025_Contest-rv32i55555/JYD2025_Contest-rv32i/digital_twin.srcs/sim_1/imports/JYD2025_Contest-rv32i-error/tb_uart_behav.wcfg
WARNING: Simulation object /tb_uart/clk was not found in the design.
WARNING: Simulation object /tb_uart/rst_n was not found in the design.
WARNING: Simulation object /tb_uart/rx was not found in the design.
WARNING: Simulation object /tb_uart/rx_ready was not found in the design.
WARNING: Simulation object /tb_uart/rx_data was not found in the design.
WARNING: Simulation object /tb_uart/tx was not found in the design.
WARNING: Simulation object /tb_uart/tx_start was not found in the design.
WARNING: Simulation object /tb_uart/tx_data was not found in the design.
WARNING: Simulation object /tb_uart/tx_busy was not found in the design.
WARNING: Simulation object /tb_uart/BIT_PERIOD was not found in the design.
open_wave_config E:/JYD2025_Contest-rv32i55555/JYD2025_Contest-rv32i/digital_twin.srcs/sim_1/imports/JYD2025_Contest-rv32i-error/tb_top_behav.wcfg
WARNING: Simulation object /tb_top/clk was not found in the design.
WARNING: Simulation object /tb_top/serial_rx was not found in the design.
WARNING: Simulation object /tb_top/uut/uart_inst/rx was not found in the design.
WARNING: Simulation object /tb_top/uut/uart_inst/rx_ready was not found in the design.
WARNING: Simulation object /tb_top/uut/uart_inst/rx_data was not found in the design.
WARNING: Simulation object /tb_top/uut/uart_inst/rx_ready was not found in the design.
WARNING: Simulation object /tb_top/uut/uart_inst/rx_bit_cnt was not found in the design.
WARNING: Simulation object /tb_top/uut/uart_inst/tx was not found in the design.
WARNING: Simulation object /tb_top/serial_tx was not found in the design.
WARNING: Simulation object /tb_top/uut/uart_inst/tx_busy was not found in the design.
WARNING: Simulation object /tb_top/uut/uart_inst/tx_data was not found in the design.
WARNING: Simulation object /tb_top/uut/twin_controller_inst/current_state was not found in the design.
WARNING: Simulation object /tb_top/uut/twin_controller_inst/tx_busy was not found in the design.
WARNING: Simulation object /tb_top/uut/twin_controller_inst/tx_start_next was not found in the design.
WARNING: Simulation object /tb_top/uut/twin_controller_inst/send_cnt was not found in the design.
WARNING: Simulation object /tb_top/uut/twin_controller_inst/status_buffer was not found in the design.
WARNING: Simulation object /tb_top/uut/twin_controller_inst/tx_start was not found in the design.
WARNING: Simulation object /tb_top/uut/twin_controller_inst/tx_data was not found in the design.
WARNING: Simulation object /tb_top/uut/student_top_inst/w_clk_50Mhz was not found in the design.
WARNING: Simulation object /tb_top/uut/student_top_inst/w_clk_rst was not found in the design.
WARNING: Simulation object /tb_top/uut/student_top_inst/virtual_key was not found in the design.
WARNING: Simulation object /tb_top/uut/student_top_inst/virtual_sw was not found in the design.
WARNING: Simulation object /tb_top/uut/student_top_inst/virtual_led was not found in the design.
WARNING: Simulation object /tb_top/uut/student_top_inst/virtual_seg was not found in the design.
WARNING: Simulation object /tb_top/uut/student_top_inst/seg_driver/count was not found in the design.
WARNING: Simulation object /tb_top/uut/student_top_inst/seg_driver/ans was not found in the design.
open_wave_config E:/JYD2025_Contest-rv32i55555/JYD2025_Contest-rv32i/digital_twin.srcs/sim_1/imports/JYD2025_Contest-rv32i-error/tb_myCPU_behav.wcfg
WARNING: Simulation object /tb_myCPU/uut/student_top_inst/w_clk_rst was not found in the design.
WARNING: Simulation object /tb_myCPU/uut/student_top_inst/bridge_inst/seg_driver/s was not found in the design.
WARNING: Simulation object /tb_myCPU/uut/student_top_inst/inst_addr was not found in the design.
WARNING: Simulation object /tb_myCPU/uut/student_top_inst/bridge_inst/perip_addr was not found in the design.
WARNING: Simulation object /tb_myCPU/uut/student_top_inst/bridge_inst/dram_driver_inst/perip_addr was not found in the design.
WARNING: Simulation object /tb_myCPU/uut/student_top_inst/bridge_inst/dram_driver_inst/dram_addr was not found in the design.
WARNING: Simulation object /tb_myCPU/uut/student_top_inst/bridge_inst/dram_driver_inst/dram_wen was not found in the design.
WARNING: Simulation object /tb_myCPU/uut/student_top_inst/bridge_inst/dram_driver_inst/dout was not found in the design.
WARNING: Simulation object /tb_myCPU/uut/student_top_inst/bridge_inst/cnt_rdata was not found in the design.
WARNING: Simulation object /tb_myCPU/uut/student_top_inst/bridge_inst/counter_inst/cnt_1ms was not found in the design.
WARNING: Simulation object /tb_myCPU/uut/student_top_inst/bridge_inst/mmio_rdata was not found in the design.
WARNING: Simulation object /tb_myCPU/uut/student_top_inst/bridge_inst/dram_rdata was not found in the design.
source tb_myCPU.tcl
# set curr_wave [current_wave_config]
# if { [string length $curr_wave] == 0 } {
#   if { [llength [get_objects]] > 0} {
#     add_wave /
#     set_property needs_save false [current_wave_config]
#   } else {
#      send_msg_id Add_Wave-1 WARNING "No top level signals found. Simulator will start without a wave window. If you want to open a wave window go to 'File->New Waveform Configuration' or type 'create_wave_config' in the TCL console."
#   }
# }
# log_wave -r /
# run 1000ns
INFO: [USF-XSim-96] XSim completed. Design snapshot 'tb_myCPU_func_synth' loaded.
INFO: [USF-XSim-97] XSim simulation ran for 1000ns
launch_simulation: Time (s): cpu = 00:00:36 ; elapsed = 00:00:59 . Memory (MB): peak = 2835.156 ; gain = 1281.590
report_timing_summary -delay_type min_max -report_unconstrained -check_timing_verbose -max_paths 10 -input_pins -routable_nets -name timing_1
INFO: [Timing 38-35] Done setting XDC timing constraints.
INFO: [Timing 38-91] UpdateTimingParams: Speed grade: -2, Delay Type: min_max.
INFO: [Timing 38-191] Multithreading enabled for timing update using a maximum of 2 CPUs
open_run impl_1
Netlist sorting complete. Time (s): cpu = 00:00:00 ; elapsed = 00:00:00.051 . Memory (MB): peak = 3147.762 ; gain = 0.000
INFO: [Netlist 29-17] Analyzing 1220 Unisim elements for replacement
INFO: [Netlist 29-28] Unisim Transformation completed in 0 CPU seconds
INFO: [Project 1-479] Netlist was created with Vivado 2023.2
INFO: [Project 1-570] Preparing netlist for logic optimization
Read ShapeDB Complete: Time (s): cpu = 00:00:00 ; elapsed = 00:00:00.021 . Memory (MB): peak = 3194.207 ; gain = 1.895
INFO: [Timing 38-478] Restoring timing data from binary archive.
INFO: [Timing 38-479] Binary timing data restore complete.
INFO: [Project 1-856] Restoring constraints from binary archive.
INFO: [Project 1-853] Binary constraint restore complete.
INFO: [Designutils 20-5722] Start Reading Physical Databases.
Reading placement.
Read Netlist Cache: Time (s): cpu = 00:00:00 ; elapsed = 00:00:00.009 . Memory (MB): peak = 3336.703 ; gain = 0.000
Reading placer database...
Read Device Cache: Time (s): cpu = 00:00:00 ; elapsed = 00:00:00.008 . Memory (MB): peak = 3336.703 ; gain = 0.000
Read PlaceDB: Time (s): cpu = 00:00:00 ; elapsed = 00:00:00.247 . Memory (MB): peak = 3336.703 ; gain = 0.000
Read PulsedLatchDB: Time (s): cpu = 00:00:00 ; elapsed = 00:00:00.001 . Memory (MB): peak = 3336.703 ; gain = 0.000
Reading routing.
Read RouteStorage: Time (s): cpu = 00:00:00 ; elapsed = 00:00:00.191 . Memory (MB): peak = 3336.703 ; gain = 0.000
Read Physdb Files: Time (s): cpu = 00:00:00 ; elapsed = 00:00:00.476 . Memory (MB): peak = 3336.703 ; gain = 0.000
Restored from archive | CPU: 0.000000 secs | Memory: 0.000000 MB |
Finished XDEF File Restore: Time (s): cpu = 00:00:00 ; elapsed = 00:00:00.477 . Memory (MB): peak = 3336.703 ; gain = 0.000
Netlist sorting complete. Time (s): cpu = 00:00:00 ; elapsed = 00:00:00.001 . Memory (MB): peak = 3336.703 ; gain = 0.000
INFO: [Project 1-111] Unisim Transformation Summary:
No Unisim elements were transformed.

report_timing_summary -delay_type min_max -report_unconstrained -check_timing_verbose -max_paths 10 -input_pins -routable_nets -name timing_1
INFO: [Timing 38-91] UpdateTimingParams: Speed grade: -2, Delay Type: min_max.
INFO: [Timing 38-191] Multithreading enabled for timing update using a maximum of 2 CPUs
report_timing_summary -file timing_summary.txt
INFO: [Timing 38-91] UpdateTimingParams: Speed grade: -2, Delay Type: min_max.
INFO: [Timing 38-191] Multithreading enabled for timing update using a maximum of 2 CPUs
report_timing_summary -file timing_summary.txt
INFO: [Timing 38-91] UpdateTimingParams: Speed grade: -2, Delay Type: min_max.
INFO: [Timing 38-191] Multithreading enabled for timing update using a maximum of 2 CPUs
launch_simulation
Command: launch_simulation 
INFO: [Vivado 12-12493] Simulation top is 'tb_myCPU'
WARNING: [Vivado 12-13340] Unable to auto find GCC executables from simulator install path! (path not set)
INFO: [Vivado 12-5698] Checking validity of IPs in the design for the 'XSim' simulator...
INFO: [Vivado 12-5682] Launching behavioral simulation in 'E:/JYD2025_Contest-rv32i55555/JYD2025_Contest-rv32i/digital_twin.sim/sim_1/behav/xsim'
INFO: [Vivado 12-13660] Precompiled IP simulation library mode is enabled (default). The design IP libraries will be referenced from the compiled library path. Please note that if the precompiled version of the library is not found from the path or the IP is in locked state, then the library source files for these IPs will be compiled locally as part of the compile order.
INFO: [Vivado 12-4795] Using compiled simulation libraries for IPs
INFO: [SIM-utils-51] Simulation object is 'sim_1'
INFO: [SIM-utils-72] Using boost library from 'E:/Xilinx/Vivado/2023.2/tps/boost_1_72_0'
INFO: [USF-XSim-7] Finding pre-compiled libraries...
INFO: [USF-XSim-11] File 'E:/Xilinx/Vivado/2023.2/data/xsim/xsim.ini' copied to run dir:'E:/JYD2025_Contest-rv32i55555/JYD2025_Contest-rv32i/digital_twin.sim/sim_1/behav/xsim'
INFO: [SIM-utils-54] Inspecting design source files for 'tb_myCPU' in fileset 'sim_1'...
INFO: [SIM-utils-43] Exported 'E:/JYD2025_Contest-rv32i55555/JYD2025_Contest-rv32i/digital_twin.sim/sim_1/behav/xsim/DRAM.mif'
INFO: [SIM-utils-43] Exported 'E:/JYD2025_Contest-rv32i55555/JYD2025_Contest-rv32i/digital_twin.sim/sim_1/behav/xsim/dram.coe'
INFO: [SIM-utils-43] Exported 'E:/JYD2025_Contest-rv32i55555/JYD2025_Contest-rv32i/digital_twin.sim/sim_1/behav/xsim/DRAM_BRAM.mif'
INFO: [SIM-utils-43] Exported 'E:/JYD2025_Contest-rv32i55555/JYD2025_Contest-rv32i/digital_twin.sim/sim_1/behav/xsim/dram.coe'
INFO: [SIM-utils-43] Exported 'E:/JYD2025_Contest-rv32i55555/JYD2025_Contest-rv32i/digital_twin.sim/sim_1/behav/xsim/IROM.mif'
INFO: [SIM-utils-43] Exported 'E:/JYD2025_Contest-rv32i55555/JYD2025_Contest-rv32i/digital_twin.sim/sim_1/behav/xsim/irom.coe'
INFO: [SIM-utils-43] Exported 'E:/JYD2025_Contest-rv32i55555/JYD2025_Contest-rv32i/digital_twin.sim/sim_1/behav/xsim/dram.coe'
INFO: [SIM-utils-43] Exported 'E:/JYD2025_Contest-rv32i55555/JYD2025_Contest-rv32i/digital_twin.sim/sim_1/behav/xsim/irom.coe'
INFO: [SIM-utils-43] Exported 'E:/JYD2025_Contest-rv32i55555/JYD2025_Contest-rv32i/digital_twin.sim/sim_1/behav/xsim/irom.coe'
INFO: [SIM-utils-43] Exported 'E:/JYD2025_Contest-rv32i55555/JYD2025_Contest-rv32i/digital_twin.sim/sim_1/behav/xsim/irom.coe'
INFO: [SIM-utils-43] Exported 'E:/JYD2025_Contest-rv32i55555/JYD2025_Contest-rv32i/digital_twin.sim/sim_1/behav/xsim/dram.coe'
INFO: [SIM-utils-43] Exported 'E:/JYD2025_Contest-rv32i55555/JYD2025_Contest-rv32i/digital_twin.sim/sim_1/behav/xsim/irom.coe'
INFO: [SIM-utils-43] Exported 'E:/JYD2025_Contest-rv32i55555/JYD2025_Contest-rv32i/digital_twin.sim/sim_1/behav/xsim/dram.coe'
INFO: [SIM-utils-43] Exported 'E:/JYD2025_Contest-rv32i55555/JYD2025_Contest-rv32i/digital_twin.sim/sim_1/behav/xsim/irom.coe'
INFO: [SIM-utils-43] Exported 'E:/JYD2025_Contest-rv32i55555/JYD2025_Contest-rv32i/digital_twin.sim/sim_1/behav/xsim/dram.coe'
INFO: [USF-XSim-97] Finding global include files...
INFO: [USF-XSim-98] Fetching design files from 'sim_1'...
INFO: [USF-XSim-2] XSim::Compile design
INFO: [USF-XSim-61] Executing 'COMPILE and ANALYZE' step in 'E:/JYD2025_Contest-rv32i55555/JYD2025_Contest-rv32i/digital_twin.sim/sim_1/behav/xsim'
"xvlog --incr --relax -L uvm -prj tb_myCPU_vlog.prj"
ECHO 处于关闭状态。
ECHO 处于关闭状态。
INFO: [VRFC 10-2263] Analyzing Verilog file "E:/JYD2025_Contest-rv32i55555/JYD2025_Contest-rv32i/digital_twin.gen/sources_1/ip/DRAM_BRAM/sim/DRAM_BRAM.v" into library xil_defaultlib
INFO: [VRFC 10-311] analyzing module DRAM_BRAM
INFO: [VRFC 10-2263] Analyzing Verilog file "E:/JYD2025_Contest-rv32i55555/JYD2025_Contest-rv32i/digital_twin.gen/sources_1/ip/IROM/sim/IROM.v" into library xil_defaultlib
INFO: [VRFC 10-311] analyzing module IROM
INFO: [VRFC 10-2263] Analyzing Verilog file "E:/JYD2025_Contest-rv32i55555/JYD2025_Contest-rv32i/digital_twin.gen/sources_1/ip/pll/pll_clk_wiz.v" into library xil_defaultlib
INFO: [VRFC 10-311] analyzing module pll_clk_wiz
INFO: [VRFC 10-2263] Analyzing Verilog file "E:/JYD2025_Contest-rv32i55555/JYD2025_Contest-rv32i/digital_twin.gen/sources_1/ip/pll/pll.v" into library xil_defaultlib
INFO: [VRFC 10-311] analyzing module pll
INFO: [VRFC 10-2263] Analyzing SystemVerilog file "E:/JYD2025_Contest-rv32i55555/JYD2025_Contest-rv32i/digital_twin.srcs/sources_1/imports/new/ACTL.sv" into library xil_defaultlib
INFO: [VRFC 10-311] analyzing module ACTL
INFO: [VRFC 10-2263] Analyzing SystemVerilog file "E:/JYD2025_Contest-rv32i55555/JYD2025_Contest-rv32i/digital_twin.srcs/sources_1/imports/new/ALU.sv" into library xil_defaultlib
INFO: [VRFC 10-311] analyzing module ALU
INFO: [VRFC 10-2263] Analyzing SystemVerilog file "E:/JYD2025_Contest-rv32i55555/JYD2025_Contest-rv32i/digital_twin.srcs/sources_1/imports/new/Control.sv" into library xil_defaultlib
INFO: [VRFC 10-311] analyzing module Control
INFO: [VRFC 10-2263] Analyzing SystemVerilog file "E:/JYD2025_Contest-rv32i55555/JYD2025_Contest-rv32i/digital_twin.srcs/sources_1/imports/new/IMMGEN.sv" into library xil_defaultlib
INFO: [VRFC 10-311] analyzing module IMMGEN
INFO: [VRFC 10-2263] Analyzing SystemVerilog file "E:/JYD2025_Contest-rv32igitttttt/JYD2025_Contest-rv32i/digital_twin.srcs/sources_1/imports/new/MUX4_1.sv" into library xil_defaultlib
INFO: [VRFC 10-311] analyzing module MUX4_1
INFO: [VRFC 10-2263] Analyzing SystemVerilog file "E:/JYD2025_Contest-rv32i55555/JYD2025_Contest-rv32i/digital_twin.srcs/sources_1/imports/new/Mask.sv" into library xil_defaultlib
INFO: [VRFC 10-311] analyzing module Mask
INFO: [VRFC 10-2263] Analyzing SystemVerilog file "E:/JYD2025_Contest-rv32i55555/JYD2025_Contest-rv32i/digital_twin.srcs/sources_1/imports/new/PC.sv" into library xil_defaultlib
INFO: [VRFC 10-311] analyzing module PC
INFO: [VRFC 10-2263] Analyzing SystemVerilog file "E:/JYD2025_Contest-rv32i55555/JYD2025_Contest-rv32i/digital_twin.srcs/sources_1/imports/new/RF.sv" into library xil_defaultlib
INFO: [VRFC 10-311] analyzing module RF
INFO: [VRFC 10-2263] Analyzing SystemVerilog file "E:/JYD2025_Contest-rv32i55555/JYD2025_Contest-rv32i/digital_twin.srcs/sources_1/new/counter.sv" into library xil_defaultlib
INFO: [VRFC 10-311] analyzing module counter
INFO: [VRFC 10-2263] Analyzing SystemVerilog file "E:/JYD2025_Contest-rv32i55555/JYD2025_Contest-rv32i/digital_twin.srcs/sources_1/new/display_seg.sv" into library xil_defaultlib
INFO: [VRFC 10-311] analyzing module display_seg
INFO: [VRFC 10-2263] Analyzing SystemVerilog file "E:/JYD2025_Contest-rv32i55555/JYD2025_Contest-rv32i/digital_twin.srcs/sources_1/new/dram_driver.sv" into library xil_defaultlib
INFO: [VRFC 10-311] analyzing module dram_driver
INFO: [VRFC 10-2263] Analyzing SystemVerilog file "E:/JYD2025_Contest-rv32i55555/JYD2025_Contest-rv32i/digital_twin.srcs/sources_1/imports/new/myCPU.sv" into library xil_defaultlib
INFO: [VRFC 10-311] analyzing module myCPU
INFO: [VRFC 10-2263] Analyzing SystemVerilog file "E:/JYD2025_Contest-rv32i55555/JYD2025_Contest-rv32i/digital_twin.srcs/sources_1/new/perip_bridge.sv" into library xil_defaultlib
INFO: [VRFC 10-311] analyzing module perip_bridge
INFO: [VRFC 10-2263] Analyzing SystemVerilog file "E:/JYD2025_Contest-rv32i55555/JYD2025_Contest-rv32i/digital_twin.srcs/sources_1/new/seg7.sv" into library xil_defaultlib
INFO: [VRFC 10-311] analyzing module seg7
INFO: [VRFC 10-2263] Analyzing SystemVerilog file "E:/JYD2025_Contest-rv32i55555/JYD2025_Contest-rv32i/digital_twin.srcs/sources_1/new/stage_EX.sv" into library xil_defaultlib
INFO: [VRFC 10-311] analyzing module stage_EX
INFO: [VRFC 10-2263] Analyzing SystemVerilog file "E:/JYD2025_Contest-rv32i55555/JYD2025_Contest-rv32i/digital_twin.srcs/sources_1/new/stage_ID.sv" into library xil_defaultlib
INFO: [VRFC 10-311] analyzing module stage_ID
INFO: [VRFC 10-2263] Analyzing SystemVerilog file "E:/JYD2025_Contest-rv32i55555/JYD2025_Contest-rv32i/digital_twin.srcs/sources_1/new/stage_IF.sv" into library xil_defaultlib
INFO: [VRFC 10-311] analyzing module stage_IF
INFO: [VRFC 10-2263] Analyzing SystemVerilog file "E:/JYD2025_Contest-rv32i55555/JYD2025_Contest-rv32i/digital_twin.srcs/sources_1/new/stage_MEM.sv" into library xil_defaultlib
INFO: [VRFC 10-311] analyzing module stage_MEM
INFO: [VRFC 10-2263] Analyzing SystemVerilog file "E:/JYD2025_Contest-rv32i55555/JYD2025_Contest-rv32i/digital_twin.srcs/sources_1/new/stage_WB.sv" into library xil_defaultlib
INFO: [VRFC 10-311] analyzing module stage_WB
INFO: [VRFC 10-2263] Analyzing SystemVerilog file "E:/JYD2025_Contest-rv32i55555/JYD2025_Contest-rv32i/digital_twin.srcs/sources_1/new/student_top.sv" into library xil_defaultlib
INFO: [VRFC 10-311] analyzing module student_top
INFO: [VRFC 10-2263] Analyzing SystemVerilog file "E:/JYD2025_Contest-rv32i55555/JYD2025_Contest-rv32i/digital_twin.srcs/sources_1/new/top.sv" into library xil_defaultlib
INFO: [VRFC 10-311] analyzing module top
INFO: [VRFC 10-2263] Analyzing SystemVerilog file "E:/JYD2025_Contest-rv32i55555/JYD2025_Contest-rv32i/digital_twin.srcs/sources_1/new/twin_controller.sv" into library xil_defaultlib
INFO: [VRFC 10-311] analyzing module twin_controller
INFO: [VRFC 10-2263] Analyzing SystemVerilog file "E:/JYD2025_Contest-rv32i55555/JYD2025_Contest-rv32i/digital_twin.srcs/sources_1/new/uart.sv" into library xil_defaultlib
INFO: [VRFC 10-311] analyzing module uart
INFO: [VRFC 10-2263] Analyzing SystemVerilog file "E:/JYD2025_Contest-rv32i55555/JYD2025_Contest-rv32i/digital_twin.srcs/sim_1/new/tb_myCPU.sv" into library xil_defaultlib
INFO: [VRFC 10-311] analyzing module tb_myCPU
INFO: [USF-XSim-69] 'compile' step finished in '3' seconds
INFO: [USF-XSim-3] XSim::Elaborate design
INFO: [USF-XSim-61] Executing 'ELABORATE' step in 'E:/JYD2025_Contest-rv32i55555/JYD2025_Contest-rv32i/digital_twin.sim/sim_1/behav/xsim'
"xelab --incr --debug typical --relax --mt 2 -L xil_defaultlib -L blk_mem_gen_v8_4_7 -L dist_mem_gen_v8_0_14 -L uvm -L unisims_ver -L unimacro_ver -L secureip -L xpm --snapshot tb_myCPU_behav xil_defaultlib.tb_myCPU xil_defaultlib.glbl -log elaborate.log"
ECHO 处于关闭状态。
ECHO 处于关闭状态。
Vivado Simulator v2023.2
Copyright 1986-2022 Xilinx, Inc. All Rights Reserved.
Copyright 2022-2023 Advanced Micro Devices, Inc. All Rights Reserved.
Running: E:/Xilinx/Vivado/2023.2/bin/unwrapped/win64.o/xelab.exe --incr --debug typical --relax --mt 2 -L xil_defaultlib -L blk_mem_gen_v8_4_7 -L dist_mem_gen_v8_0_14 -L uvm -L unisims_ver -L unimacro_ver -L secureip -L xpm --snapshot tb_myCPU_behav xil_defaultlib.tb_myCPU xil_defaultlib.glbl -log elaborate.log 
Using 2 slave threads.
Starting static elaboration
Pass Through NonSizing Optimizer
Completed static elaboration
Starting simulation data flow analysis
Completed simulation data flow analysis
Time Resolution for simulation is 1ps
Compiling module unisims_ver.IBUFDS
Compiling module unisims_ver.PLLE2_ADV(CLKFBOUT_MULT=9,CLKIN1...
Compiling module unisims_ver.BUFG
Compiling module xil_defaultlib.pll_clk_wiz
Compiling module xil_defaultlib.pll
Compiling module xil_defaultlib.uart(BAUD_RATE=9600)
Compiling module xil_defaultlib.twin_controller
Compiling module xil_defaultlib.PC
Compiling module xil_defaultlib.stage_IF
Compiling module xil_defaultlib.Control
Compiling module xil_defaultlib.IMMGEN
Compiling module xil_defaultlib.ACTL
Compiling module xil_defaultlib.stage_ID
Compiling module xil_defaultlib.ALU
Compiling module xil_defaultlib.stage_EX
Compiling module xil_defaultlib.Mask
Compiling module xil_defaultlib.stage_MEM
Compiling module xil_defaultlib.MUX4_1
Compiling module xil_defaultlib.stage_WB
Compiling module xil_defaultlib.RF
Compiling module xil_defaultlib.myCPU
Compiling module dist_mem_gen_v8_0_14.dist_mem_gen_v8_0_14(C_FAMILY="k...
Compiling module xil_defaultlib.IROM
Compiling module xil_defaultlib.seg7
Compiling module xil_defaultlib.display_seg
Compiling module blk_mem_gen_v8_4_7.blk_mem_gen_v8_4_7_output_stage(...
Compiling module blk_mem_gen_v8_4_7.blk_mem_gen_v8_4_7_softecc_outpu...
Compiling module blk_mem_gen_v8_4_7.blk_mem_gen_v8_4_7_mem_module(C_...
Compiling module blk_mem_gen_v8_4_7.blk_mem_gen_v8_4_7(C_FAMILY="kin...
Compiling module xil_defaultlib.DRAM_BRAM
Compiling module xil_defaultlib.dram_driver
Compiling module xil_defaultlib.counter
Compiling module xil_defaultlib.perip_bridge
Compiling module xil_defaultlib.student_top
Compiling module xil_defaultlib.top
Compiling module xil_defaultlib.tb_myCPU
Compiling module xil_defaultlib.glbl
Built simulation snapshot tb_myCPU_behav
run_program: Time (s): cpu = 00:00:01 ; elapsed = 00:00:08 . Memory (MB): peak = 3407.598 ; gain = 0.000
INFO: [USF-XSim-69] 'elaborate' step finished in '8' seconds
INFO: [USF-XSim-4] XSim::Simulate design
INFO: [USF-XSim-61] Executing 'SIMULATE' step in 'E:/JYD2025_Contest-rv32i55555/JYD2025_Contest-rv32i/digital_twin.sim/sim_1/behav/xsim'
INFO: [USF-XSim-98] *** Running xsim
   with args "tb_myCPU_behav -key {Behavioral:sim_1:Functional:tb_myCPU} -tclbatch {tb_myCPU.tcl} -view {E:/JYD2025_Contest-rv32i55555/JYD2025_Contest-rv32i/digital_twin.srcs/sim_1/imports/JYD2025_Contest-rv32i-error/tb_uart_behav.wcfg} -view {E:/JYD2025_Contest-rv32i55555/JYD2025_Contest-rv32i/digital_twin.srcs/sim_1/imports/JYD2025_Contest-rv32i-error/tb_top_behav.wcfg} -view {E:/JYD2025_Contest-rv32i55555/JYD2025_Contest-rv32i/digital_twin.srcs/sim_1/imports/JYD2025_Contest-rv32i-error/tb_myCPU_behav.wcfg} -log {simulate.log}"
INFO: [USF-XSim-8] Loading simulator feature
Time resolution is 1 ps
open_wave_config E:/JYD2025_Contest-rv32i55555/JYD2025_Contest-rv32i/digital_twin.srcs/sim_1/imports/JYD2025_Contest-rv32i-error/tb_uart_behav.wcfg
WARNING: Simulation object /tb_uart/clk was not found in the design.
WARNING: Simulation object /tb_uart/rst_n was not found in the design.
WARNING: Simulation object /tb_uart/rx was not found in the design.
WARNING: Simulation object /tb_uart/rx_ready was not found in the design.
WARNING: Simulation object /tb_uart/rx_data was not found in the design.
WARNING: Simulation object /tb_uart/tx was not found in the design.
WARNING: Simulation object /tb_uart/tx_start was not found in the design.
WARNING: Simulation object /tb_uart/tx_data was not found in the design.
WARNING: Simulation object /tb_uart/tx_busy was not found in the design.
WARNING: Simulation object /tb_uart/BIT_PERIOD was not found in the design.
open_wave_config E:/JYD2025_Contest-rv32i55555/JYD2025_Contest-rv32i/digital_twin.srcs/sim_1/imports/JYD2025_Contest-rv32i-error/tb_top_behav.wcfg
WARNING: Simulation object /tb_top/clk was not found in the design.
WARNING: Simulation object /tb_top/serial_rx was not found in the design.
WARNING: Simulation object /tb_top/uut/uart_inst/rx was not found in the design.
WARNING: Simulation object /tb_top/uut/uart_inst/rx_ready was not found in the design.
WARNING: Simulation object /tb_top/uut/uart_inst/rx_data was not found in the design.
WARNING: Simulation object /tb_top/uut/uart_inst/rx_ready was not found in the design.
WARNING: Simulation object /tb_top/uut/uart_inst/rx_bit_cnt was not found in the design.
WARNING: Simulation object /tb_top/uut/uart_inst/tx was not found in the design.
WARNING: Simulation object /tb_top/serial_tx was not found in the design.
WARNING: Simulation object /tb_top/uut/uart_inst/tx_busy was not found in the design.
WARNING: Simulation object /tb_top/uut/uart_inst/tx_data was not found in the design.
WARNING: Simulation object /tb_top/uut/twin_controller_inst/current_state was not found in the design.
WARNING: Simulation object /tb_top/uut/twin_controller_inst/tx_busy was not found in the design.
WARNING: Simulation object /tb_top/uut/twin_controller_inst/tx_start_next was not found in the design.
WARNING: Simulation object /tb_top/uut/twin_controller_inst/send_cnt was not found in the design.
WARNING: Simulation object /tb_top/uut/twin_controller_inst/status_buffer was not found in the design.
WARNING: Simulation object /tb_top/uut/twin_controller_inst/tx_start was not found in the design.
WARNING: Simulation object /tb_top/uut/twin_controller_inst/tx_data was not found in the design.
WARNING: Simulation object /tb_top/uut/student_top_inst/w_clk_50Mhz was not found in the design.
WARNING: Simulation object /tb_top/uut/student_top_inst/w_clk_rst was not found in the design.
WARNING: Simulation object /tb_top/uut/student_top_inst/virtual_key was not found in the design.
WARNING: Simulation object /tb_top/uut/student_top_inst/virtual_sw was not found in the design.
WARNING: Simulation object /tb_top/uut/student_top_inst/virtual_led was not found in the design.
WARNING: Simulation object /tb_top/uut/student_top_inst/virtual_seg was not found in the design.
WARNING: Simulation object /tb_top/uut/student_top_inst/seg_driver/count was not found in the design.
WARNING: Simulation object /tb_top/uut/student_top_inst/seg_driver/ans was not found in the design.
open_wave_config E:/JYD2025_Contest-rv32i55555/JYD2025_Contest-rv32i/digital_twin.srcs/sim_1/imports/JYD2025_Contest-rv32i-error/tb_myCPU_behav.wcfg
source tb_myCPU.tcl
# set curr_wave [current_wave_config]
# if { [string length $curr_wave] == 0 } {
#   if { [llength [get_objects]] > 0} {
#     add_wave /
#     set_property needs_save false [current_wave_config]
#   } else {
#      send_msg_id Add_Wave-1 WARNING "No top level signals found. Simulator will start without a wave window. If you want to open a wave window go to 'File->New Waveform Configuration' or type 'create_wave_config' in the TCL console."
#   }
# }
# log_wave -r /
WARNING: [Simtcl 6-197] One or more HDL objects could not be logged because of object type or size limitations.  To see details please rerun the command with -verbose (-v).
# run 1000ns
WARNING: This core is supplied with a behavioral model. To model cycle-accurate behavior you must run timing simulation.
 Block Memory Generator module loading initial data...
 Block Memory Generator data initialization complete.
Block Memory Generator module tb_myCPU.uut.student_top_inst.bridge_inst.dram_driver_inst.Mem_DRAM.inst.\native_mem_module.blk_mem_gen_v8_4_7_inst  is using a behavioral model for simulation which will not precisely model memory collision behavior.
INFO: [USF-XSim-96] XSim completed. Design snapshot 'tb_myCPU_behav' loaded.
INFO: [USF-XSim-97] XSim simulation ran for 1000ns
launch_simulation: Time (s): cpu = 00:00:06 ; elapsed = 00:00:16 . Memory (MB): peak = 3418.035 ; gain = 10.438
run all
run all
run: Time (s): cpu = 00:00:06 ; elapsed = 00:00:07 . Memory (MB): peak = 4323.352 ; gain = 0.000
run all
run: Time (s): cpu = 00:00:44 ; elapsed = 00:00:47 . Memory (MB): peak = 4323.352 ; gain = 0.000
set_property CONFIG.coefficient_file {E:/chisheCOE/R.coe} [get_ips IROM]
INFO: [IP_Flow 19-3484] Absolute path of file 'e:/chisheCOE/R.coe' provided. It will be converted relative to IP Instance files '../../../../../../chisheCOE/R.coe'
generate_target all [get_files  E:/JYD2025_Contest-rv32i55555/JYD2025_Contest-rv32i/digital_twin.srcs/sources_1/ip/IROM/IROM.xci]
INFO: [IP_Flow 19-1686] Generating 'Instantiation Template' target for IP 'IROM'...
INFO: [IP_Flow 19-1686] Generating 'Synthesis' target for IP 'IROM'...
INFO: [IP_Flow 19-1686] Generating 'Simulation' target for IP 'IROM'...
INFO: [IP_Flow 19-1686] Generating 'Change Log' target for IP 'IROM'...
catch { config_ip_cache -export [get_ips -all IROM] }
INFO: [IP_Flow 19-6924] IPCACHE: Running cache check for IP inst: IROM
export_ip_user_files -of_objects [get_files E:/JYD2025_Contest-rv32i55555/JYD2025_Contest-rv32i/digital_twin.srcs/sources_1/ip/IROM/IROM.xci] -no_script -sync -force -quiet
reset_run IROM_synth_1
WARNING: [Vivado 12-1017] Problems encountered:
1. Failed to delete one or more files in run directory E:/JYD2025_Contest-rv32i55555/JYD2025_Contest-rv32i/digital_twin.runs/IROM_synth_1

launch_runs IROM_synth_1 -jobs 16
INFO: [IP_Flow 19-6924] IPCACHE: Running cache check for IP inst: IROM
[Mon May  4 23:07:30 2026] Launched IROM_synth_1...
Run output will be captured here: E:/JYD2025_Contest-rv32i55555/JYD2025_Contest-rv32i/digital_twin.runs/IROM_synth_1/runme.log
export_simulation -of_objects [get_files E:/JYD2025_Contest-rv32i55555/JYD2025_Contest-rv32i/digital_twin.srcs/sources_1/ip/IROM/IROM.xci] -directory E:/JYD2025_Contest-rv32i55555/JYD2025_Contest-rv32i/digital_twin.ip_user_files/sim_scripts -ip_user_files_dir E:/JYD2025_Contest-rv32i55555/JYD2025_Contest-rv32i/digital_twin.ip_user_files -ipstatic_source_dir E:/JYD2025_Contest-rv32i55555/JYD2025_Contest-rv32i/digital_twin.ip_user_files/ipstatic -lib_map_path [list {modelsim=E:/JYD2025_Contest-rv32i55555/JYD2025_Contest-rv32i/digital_twin.cache/compile_simlib/modelsim} {questa=E:/JYD2025_Contest-rv32i55555/JYD2025_Contest-rv32i/digital_twin.cache/compile_simlib/questa} {riviera=E:/JYD2025_Contest-rv32i55555/JYD2025_Contest-rv32i/digital_twin.cache/compile_simlib/riviera} {activehdl=E:/JYD2025_Contest-rv32i55555/JYD2025_Contest-rv32i/digital_twin.cache/compile_simlib/activehdl}] -use_ip_compiled_libs -force -quiet
close_sim
INFO: xsimkernel Simulation Memory Usage: 22896 KB (Peak: 22896 KB), Simulation CPU Usage: 33968 ms
INFO: [Simtcl 6-16] Simulation closed
launch_simulation
Command: launch_simulation 
INFO: [Vivado 12-12493] Simulation top is 'tb_myCPU'
WARNING: [Vivado 12-13340] Unable to auto find GCC executables from simulator install path! (path not set)
INFO: [Vivado 12-5698] Checking validity of IPs in the design for the 'XSim' simulator...
INFO: [Vivado 12-5682] Launching behavioral simulation in 'E:/JYD2025_Contest-rv32i55555/JYD2025_Contest-rv32i/digital_twin.sim/sim_1/behav/xsim'
INFO: [Vivado 12-13660] Precompiled IP simulation library mode is enabled (default). The design IP libraries will be referenced from the compiled library path. Please note that if the precompiled version of the library is not found from the path or the IP is in locked state, then the library source files for these IPs will be compiled locally as part of the compile order.
INFO: [Vivado 12-4795] Using compiled simulation libraries for IPs
INFO: [SIM-utils-51] Simulation object is 'sim_1'
INFO: [SIM-utils-72] Using boost library from 'E:/Xilinx/Vivado/2023.2/tps/boost_1_72_0'
INFO: [USF-XSim-7] Finding pre-compiled libraries...
INFO: [USF-XSim-11] File 'E:/Xilinx/Vivado/2023.2/data/xsim/xsim.ini' copied to run dir:'E:/JYD2025_Contest-rv32i55555/JYD2025_Contest-rv32i/digital_twin.sim/sim_1/behav/xsim'
INFO: [SIM-utils-54] Inspecting design source files for 'tb_myCPU' in fileset 'sim_1'...
INFO: [SIM-utils-43] Exported 'E:/JYD2025_Contest-rv32i55555/JYD2025_Contest-rv32i/digital_twin.sim/sim_1/behav/xsim/DRAM.mif'
INFO: [SIM-utils-43] Exported 'E:/JYD2025_Contest-rv32i55555/JYD2025_Contest-rv32i/digital_twin.sim/sim_1/behav/xsim/dram.coe'
INFO: [SIM-utils-43] Exported 'E:/JYD2025_Contest-rv32i55555/JYD2025_Contest-rv32i/digital_twin.sim/sim_1/behav/xsim/DRAM_BRAM.mif'
INFO: [SIM-utils-43] Exported 'E:/JYD2025_Contest-rv32i55555/JYD2025_Contest-rv32i/digital_twin.sim/sim_1/behav/xsim/dram.coe'
INFO: [SIM-utils-43] Exported 'E:/JYD2025_Contest-rv32i55555/JYD2025_Contest-rv32i/digital_twin.sim/sim_1/behav/xsim/IROM.mif'
INFO: [SIM-utils-43] Exported 'E:/JYD2025_Contest-rv32i55555/JYD2025_Contest-rv32i/digital_twin.sim/sim_1/behav/xsim/R.coe'
INFO: [SIM-utils-43] Exported 'E:/JYD2025_Contest-rv32i55555/JYD2025_Contest-rv32i/digital_twin.sim/sim_1/behav/xsim/dram.coe'
INFO: [SIM-utils-43] Exported 'E:/JYD2025_Contest-rv32i55555/JYD2025_Contest-rv32i/digital_twin.sim/sim_1/behav/xsim/irom.coe'
INFO: [SIM-utils-43] Exported 'E:/JYD2025_Contest-rv32i55555/JYD2025_Contest-rv32i/digital_twin.sim/sim_1/behav/xsim/irom.coe'
INFO: [SIM-utils-43] Exported 'E:/JYD2025_Contest-rv32i55555/JYD2025_Contest-rv32i/digital_twin.sim/sim_1/behav/xsim/irom.coe'
INFO: [SIM-utils-43] Exported 'E:/JYD2025_Contest-rv32i55555/JYD2025_Contest-rv32i/digital_twin.sim/sim_1/behav/xsim/irom.coe'
INFO: [SIM-utils-43] Exported 'E:/JYD2025_Contest-rv32i55555/JYD2025_Contest-rv32i/digital_twin.sim/sim_1/behav/xsim/dram.coe'
INFO: [SIM-utils-43] Exported 'E:/JYD2025_Contest-rv32i55555/JYD2025_Contest-rv32i/digital_twin.sim/sim_1/behav/xsim/irom.coe'
INFO: [SIM-utils-43] Exported 'E:/JYD2025_Contest-rv32i55555/JYD2025_Contest-rv32i/digital_twin.sim/sim_1/behav/xsim/dram.coe'
INFO: [SIM-utils-43] Exported 'E:/JYD2025_Contest-rv32i55555/JYD2025_Contest-rv32i/digital_twin.sim/sim_1/behav/xsim/irom.coe'
INFO: [SIM-utils-43] Exported 'E:/JYD2025_Contest-rv32i55555/JYD2025_Contest-rv32i/digital_twin.sim/sim_1/behav/xsim/dram.coe'
INFO: [USF-XSim-97] Finding global include files...
INFO: [USF-XSim-98] Fetching design files from 'sim_1'...
INFO: [USF-XSim-2] XSim::Compile design
INFO: [USF-XSim-61] Executing 'COMPILE and ANALYZE' step in 'E:/JYD2025_Contest-rv32i55555/JYD2025_Contest-rv32i/digital_twin.sim/sim_1/behav/xsim'
"xvlog --incr --relax -L uvm -prj tb_myCPU_vlog.prj"
ECHO 处于关闭状态。
ECHO 处于关闭状态。
INFO: [VRFC 10-2263] Analyzing Verilog file "E:/JYD2025_Contest-rv32i55555/JYD2025_Contest-rv32i/digital_twin.gen/sources_1/ip/DRAM_BRAM/sim/DRAM_BRAM.v" into library xil_defaultlib
INFO: [VRFC 10-311] analyzing module DRAM_BRAM
INFO: [VRFC 10-2263] Analyzing Verilog file "E:/JYD2025_Contest-rv32i55555/JYD2025_Contest-rv32i/digital_twin.gen/sources_1/ip/IROM/sim/IROM.v" into library xil_defaultlib
INFO: [VRFC 10-311] analyzing module IROM
INFO: [VRFC 10-2263] Analyzing Verilog file "E:/JYD2025_Contest-rv32i55555/JYD2025_Contest-rv32i/digital_twin.gen/sources_1/ip/pll/pll_clk_wiz.v" into library xil_defaultlib
INFO: [VRFC 10-311] analyzing module pll_clk_wiz
INFO: [VRFC 10-2263] Analyzing Verilog file "E:/JYD2025_Contest-rv32i55555/JYD2025_Contest-rv32i/digital_twin.gen/sources_1/ip/pll/pll.v" into library xil_defaultlib
INFO: [VRFC 10-311] analyzing module pll
INFO: [VRFC 10-2263] Analyzing SystemVerilog file "E:/JYD2025_Contest-rv32i55555/JYD2025_Contest-rv32i/digital_twin.srcs/sources_1/imports/new/ACTL.sv" into library xil_defaultlib
INFO: [VRFC 10-311] analyzing module ACTL
INFO: [VRFC 10-2263] Analyzing SystemVerilog file "E:/JYD2025_Contest-rv32i55555/JYD2025_Contest-rv32i/digital_twin.srcs/sources_1/imports/new/ALU.sv" into library xil_defaultlib
INFO: [VRFC 10-311] analyzing module ALU
INFO: [VRFC 10-2263] Analyzing SystemVerilog file "E:/JYD2025_Contest-rv32i55555/JYD2025_Contest-rv32i/digital_twin.srcs/sources_1/imports/new/Control.sv" into library xil_defaultlib
INFO: [VRFC 10-311] analyzing module Control
INFO: [VRFC 10-2263] Analyzing SystemVerilog file "E:/JYD2025_Contest-rv32i55555/JYD2025_Contest-rv32i/digital_twin.srcs/sources_1/imports/new/IMMGEN.sv" into library xil_defaultlib
INFO: [VRFC 10-311] analyzing module IMMGEN
INFO: [VRFC 10-2263] Analyzing SystemVerilog file "E:/JYD2025_Contest-rv32igitttttt/JYD2025_Contest-rv32i/digital_twin.srcs/sources_1/imports/new/MUX4_1.sv" into library xil_defaultlib
INFO: [VRFC 10-311] analyzing module MUX4_1
INFO: [VRFC 10-2263] Analyzing SystemVerilog file "E:/JYD2025_Contest-rv32i55555/JYD2025_Contest-rv32i/digital_twin.srcs/sources_1/imports/new/Mask.sv" into library xil_defaultlib
INFO: [VRFC 10-311] analyzing module Mask
INFO: [VRFC 10-2263] Analyzing SystemVerilog file "E:/JYD2025_Contest-rv32i55555/JYD2025_Contest-rv32i/digital_twin.srcs/sources_1/imports/new/PC.sv" into library xil_defaultlib
INFO: [VRFC 10-311] analyzing module PC
INFO: [VRFC 10-2263] Analyzing SystemVerilog file "E:/JYD2025_Contest-rv32i55555/JYD2025_Contest-rv32i/digital_twin.srcs/sources_1/imports/new/RF.sv" into library xil_defaultlib
INFO: [VRFC 10-311] analyzing module RF
INFO: [VRFC 10-2263] Analyzing SystemVerilog file "E:/JYD2025_Contest-rv32i55555/JYD2025_Contest-rv32i/digital_twin.srcs/sources_1/new/counter.sv" into library xil_defaultlib
INFO: [VRFC 10-311] analyzing module counter
INFO: [VRFC 10-2263] Analyzing SystemVerilog file "E:/JYD2025_Contest-rv32i55555/JYD2025_Contest-rv32i/digital_twin.srcs/sources_1/new/display_seg.sv" into library xil_defaultlib
INFO: [VRFC 10-311] analyzing module display_seg
INFO: [VRFC 10-2263] Analyzing SystemVerilog file "E:/JYD2025_Contest-rv32i55555/JYD2025_Contest-rv32i/digital_twin.srcs/sources_1/new/dram_driver.sv" into library xil_defaultlib
INFO: [VRFC 10-311] analyzing module dram_driver
INFO: [VRFC 10-2263] Analyzing SystemVerilog file "E:/JYD2025_Contest-rv32i55555/JYD2025_Contest-rv32i/digital_twin.srcs/sources_1/imports/new/myCPU.sv" into library xil_defaultlib
INFO: [VRFC 10-311] analyzing module myCPU
INFO: [VRFC 10-2263] Analyzing SystemVerilog file "E:/JYD2025_Contest-rv32i55555/JYD2025_Contest-rv32i/digital_twin.srcs/sources_1/new/perip_bridge.sv" into library xil_defaultlib
INFO: [VRFC 10-311] analyzing module perip_bridge
INFO: [VRFC 10-2263] Analyzing SystemVerilog file "E:/JYD2025_Contest-rv32i55555/JYD2025_Contest-rv32i/digital_twin.srcs/sources_1/new/seg7.sv" into library xil_defaultlib
INFO: [VRFC 10-311] analyzing module seg7
INFO: [VRFC 10-2263] Analyzing SystemVerilog file "E:/JYD2025_Contest-rv32i55555/JYD2025_Contest-rv32i/digital_twin.srcs/sources_1/new/stage_EX.sv" into library xil_defaultlib
INFO: [VRFC 10-311] analyzing module stage_EX
INFO: [VRFC 10-2263] Analyzing SystemVerilog file "E:/JYD2025_Contest-rv32i55555/JYD2025_Contest-rv32i/digital_twin.srcs/sources_1/new/stage_ID.sv" into library xil_defaultlib
INFO: [VRFC 10-311] analyzing module stage_ID
INFO: [VRFC 10-2263] Analyzing SystemVerilog file "E:/JYD2025_Contest-rv32i55555/JYD2025_Contest-rv32i/digital_twin.srcs/sources_1/new/stage_IF.sv" into library xil_defaultlib
INFO: [VRFC 10-311] analyzing module stage_IF
INFO: [VRFC 10-2263] Analyzing SystemVerilog file "E:/JYD2025_Contest-rv32i55555/JYD2025_Contest-rv32i/digital_twin.srcs/sources_1/new/stage_MEM.sv" into library xil_defaultlib
INFO: [VRFC 10-311] analyzing module stage_MEM
INFO: [VRFC 10-2263] Analyzing SystemVerilog file "E:/JYD2025_Contest-rv32i55555/JYD2025_Contest-rv32i/digital_twin.srcs/sources_1/new/stage_WB.sv" into library xil_defaultlib
INFO: [VRFC 10-311] analyzing module stage_WB
INFO: [VRFC 10-2263] Analyzing SystemVerilog file "E:/JYD2025_Contest-rv32i55555/JYD2025_Contest-rv32i/digital_twin.srcs/sources_1/new/student_top.sv" into library xil_defaultlib
INFO: [VRFC 10-311] analyzing module student_top
INFO: [VRFC 10-2263] Analyzing SystemVerilog file "E:/JYD2025_Contest-rv32i55555/JYD2025_Contest-rv32i/digital_twin.srcs/sources_1/new/top.sv" into library xil_defaultlib
INFO: [VRFC 10-311] analyzing module top
INFO: [VRFC 10-2263] Analyzing SystemVerilog file "E:/JYD2025_Contest-rv32i55555/JYD2025_Contest-rv32i/digital_twin.srcs/sources_1/new/twin_controller.sv" into library xil_defaultlib
INFO: [VRFC 10-311] analyzing module twin_controller
INFO: [VRFC 10-2263] Analyzing SystemVerilog file "E:/JYD2025_Contest-rv32i55555/JYD2025_Contest-rv32i/digital_twin.srcs/sources_1/new/uart.sv" into library xil_defaultlib
INFO: [VRFC 10-311] analyzing module uart
INFO: [VRFC 10-2263] Analyzing SystemVerilog file "E:/JYD2025_Contest-rv32i55555/JYD2025_Contest-rv32i/digital_twin.srcs/sim_1/new/tb_myCPU.sv" into library xil_defaultlib
INFO: [VRFC 10-311] analyzing module tb_myCPU
INFO: [USF-XSim-69] 'compile' step finished in '3' seconds
INFO: [USF-XSim-3] XSim::Elaborate design
INFO: [USF-XSim-61] Executing 'ELABORATE' step in 'E:/JYD2025_Contest-rv32i55555/JYD2025_Contest-rv32i/digital_twin.sim/sim_1/behav/xsim'
"xelab --incr --debug typical --relax --mt 2 -L xil_defaultlib -L blk_mem_gen_v8_4_7 -L dist_mem_gen_v8_0_14 -L uvm -L unisims_ver -L unimacro_ver -L secureip -L xpm --snapshot tb_myCPU_behav xil_defaultlib.tb_myCPU xil_defaultlib.glbl -log elaborate.log"
ECHO 处于关闭状态。
ECHO 处于关闭状态。
Vivado Simulator v2023.2
Copyright 1986-2022 Xilinx, Inc. All Rights Reserved.
Copyright 2022-2023 Advanced Micro Devices, Inc. All Rights Reserved.
Running: E:/Xilinx/Vivado/2023.2/bin/unwrapped/win64.o/xelab.exe --incr --debug typical --relax --mt 2 -L xil_defaultlib -L blk_mem_gen_v8_4_7 -L dist_mem_gen_v8_0_14 -L uvm -L unisims_ver -L unimacro_ver -L secureip -L xpm --snapshot tb_myCPU_behav xil_defaultlib.tb_myCPU xil_defaultlib.glbl -log elaborate.log 
Using 2 slave threads.
Starting static elaboration
Pass Through NonSizing Optimizer
ERROR: [VRFC 10-2991] 'regs' is not declared under prefix 'rf' [E:/JYD2025_Contest-rv32i55555/JYD2025_Contest-rv32i/digital_twin.srcs/sim_1/new/tb_myCPU.sv:53]
ERROR: [XSIM 43-3322] Static elaboration of top level Verilog design unit(s) in library work failed.
INFO: [USF-XSim-69] 'elaborate' step finished in '3' seconds
INFO: [USF-XSim-99] Step results log file:'E:/JYD2025_Contest-rv32i55555/JYD2025_Contest-rv32i/digital_twin.sim/sim_1/behav/xsim/elaborate.log'
ERROR: [USF-XSim-62] 'elaborate' step failed with error(s). Please check the Tcl console output or 'E:/JYD2025_Contest-rv32i55555/JYD2025_Contest-rv32i/digital_twin.sim/sim_1/behav/xsim/elaborate.log' file for more information.
ERROR: [Vivado 12-4473] Detected error while running simulation. Please correct the issue and retry this operation.
launch_simulation: Time (s): cpu = 00:00:01 ; elapsed = 00:00:06 . Memory (MB): peak = 4617.141 ; gain = 0.000
ERROR: [Common 17-39] 'launch_simulation' failed due to earlier errors.
set_property CONFIG.coefficient_file {E:/JYD2025_Contest-rv32i55555/JYD2025_Contest-rv32i/digital_twin.srcs/sources_1/imports/JYD2025/coe/test_src/irom.coe} [get_ips IROM]
INFO: [IP_Flow 19-3484] Absolute path of file 'e:/JYD2025_Contest-rv32i55555/JYD2025_Contest-rv32i/digital_twin.srcs/sources_1/imports/JYD2025/coe/test_src/irom.coe' provided. It will be converted relative to IP Instance files '../../imports/JYD2025/coe/test_src/irom.coe'
generate_target all [get_files  E:/JYD2025_Contest-rv32i55555/JYD2025_Contest-rv32i/digital_twin.srcs/sources_1/ip/IROM/IROM.xci]
INFO: [IP_Flow 19-1686] Generating 'Instantiation Template' target for IP 'IROM'...
INFO: [IP_Flow 19-1686] Generating 'Synthesis' target for IP 'IROM'...
INFO: [IP_Flow 19-1686] Generating 'Simulation' target for IP 'IROM'...
INFO: [IP_Flow 19-1686] Generating 'Change Log' target for IP 'IROM'...
catch { config_ip_cache -export [get_ips -all IROM] }
INFO: [IP_Flow 19-6924] IPCACHE: Running cache check for IP inst: IROM
export_ip_user_files -of_objects [get_files E:/JYD2025_Contest-rv32i55555/JYD2025_Contest-rv32i/digital_twin.srcs/sources_1/ip/IROM/IROM.xci] -no_script -sync -force -quiet
reset_run IROM_synth_1
WARNING: [Vivado 12-1017] Problems encountered:
1. Failed to delete one or more files in run directory E:/JYD2025_Contest-rv32i55555/JYD2025_Contest-rv32i/digital_twin.runs/IROM_synth_1

launch_runs IROM_synth_1 -jobs 16
INFO: [IP_Flow 19-6924] IPCACHE: Running cache check for IP inst: IROM
[Mon May  4 23:11:44 2026] Launched IROM_synth_1...
Run output will be captured here: E:/JYD2025_Contest-rv32i55555/JYD2025_Contest-rv32i/digital_twin.runs/IROM_synth_1/runme.log
export_simulation -of_objects [get_files E:/JYD2025_Contest-rv32i55555/JYD2025_Contest-rv32i/digital_twin.srcs/sources_1/ip/IROM/IROM.xci] -directory E:/JYD2025_Contest-rv32i55555/JYD2025_Contest-rv32i/digital_twin.ip_user_files/sim_scripts -ip_user_files_dir E:/JYD2025_Contest-rv32i55555/JYD2025_Contest-rv32i/digital_twin.ip_user_files -ipstatic_source_dir E:/JYD2025_Contest-rv32i55555/JYD2025_Contest-rv32i/digital_twin.ip_user_files/ipstatic -lib_map_path [list {modelsim=E:/JYD2025_Contest-rv32i55555/JYD2025_Contest-rv32i/digital_twin.cache/compile_simlib/modelsim} {questa=E:/JYD2025_Contest-rv32i55555/JYD2025_Contest-rv32i/digital_twin.cache/compile_simlib/questa} {riviera=E:/JYD2025_Contest-rv32i55555/JYD2025_Contest-rv32i/digital_twin.cache/compile_simlib/riviera} {activehdl=E:/JYD2025_Contest-rv32i55555/JYD2025_Contest-rv32i/digital_twin.cache/compile_simlib/activehdl}] -use_ip_compiled_libs -force -quiet
reset_run IROM_synth_1
WARNING: [Vivado 12-1017] Problems encountered:
1. PID not specified

set_property CONFIG.coefficient_file {E:/chisheCOE/R.coe} [get_ips IROM]
INFO: [IP_Flow 19-3484] Absolute path of file 'e:/chisheCOE/R.coe' provided. It will be converted relative to IP Instance files '../../../../../../chisheCOE/R.coe'
generate_target all [get_files  E:/JYD2025_Contest-rv32i55555/JYD2025_Contest-rv32i/digital_twin.srcs/sources_1/ip/IROM/IROM.xci]
INFO: [IP_Flow 19-1686] Generating 'Instantiation Template' target for IP 'IROM'...
INFO: [IP_Flow 19-1686] Generating 'Synthesis' target for IP 'IROM'...
INFO: [IP_Flow 19-1686] Generating 'Simulation' target for IP 'IROM'...
INFO: [IP_Flow 19-1686] Generating 'Change Log' target for IP 'IROM'...
catch { config_ip_cache -export [get_ips -all IROM] }
INFO: [IP_Flow 19-6924] IPCACHE: Running cache check for IP inst: IROM
INFO: [IP_Flow 19-6922] IPCACHE: Exporting cached entry 2f8b08038bd0251b to dir: e:/JYD2025_Contest-rv32i55555/JYD2025_Contest-rv32i/digital_twin.gen/sources_1/ip/IROM
INFO: [IP_Flow 19-6928] IPCACHE: copied cached file e:/JYD2025_Contest-rv32i55555/JYD2025_Contest-rv32i/digital_twin.cache/ip/2023.2/2/f/2f8b08038bd0251b/IROM.dcp to e:/JYD2025_Contest-rv32i55555/JYD2025_Contest-rv32i/digital_twin.gen/sources_1/ip/IROM/IROM.dcp.
INFO: [IP_Flow 19-6926] IPCACHE: added file to list for BOM: e:/JYD2025_Contest-rv32i55555/JYD2025_Contest-rv32i/digital_twin.gen/sources_1/ip/IROM/IROM.dcp
INFO: [IP_Flow 19-6928] IPCACHE: copied cached file e:/JYD2025_Contest-rv32i55555/JYD2025_Contest-rv32i/digital_twin.cache/ip/2023.2/2/f/2f8b08038bd0251b/IROM_sim_netlist.v to e:/JYD2025_Contest-rv32i55555/JYD2025_Contest-rv32i/digital_twin.gen/sources_1/ip/IROM/IROM_sim_netlist.v.
INFO: [IP_Flow 19-6926] IPCACHE: added file to list for BOM: e:/JYD2025_Contest-rv32i55555/JYD2025_Contest-rv32i/digital_twin.gen/sources_1/ip/IROM/IROM_sim_netlist.v
INFO: [IP_Flow 19-6928] IPCACHE: copied cached file e:/JYD2025_Contest-rv32i55555/JYD2025_Contest-rv32i/digital_twin.cache/ip/2023.2/2/f/2f8b08038bd0251b/IROM_sim_netlist.vhdl to e:/JYD2025_Contest-rv32i55555/JYD2025_Contest-rv32i/digital_twin.gen/sources_1/ip/IROM/IROM_sim_netlist.vhdl.
INFO: [IP_Flow 19-6926] IPCACHE: added file to list for BOM: e:/JYD2025_Contest-rv32i55555/JYD2025_Contest-rv32i/digital_twin.gen/sources_1/ip/IROM/IROM_sim_netlist.vhdl
INFO: [IP_Flow 19-6928] IPCACHE: copied cached file e:/JYD2025_Contest-rv32i55555/JYD2025_Contest-rv32i/digital_twin.cache/ip/2023.2/2/f/2f8b08038bd0251b/IROM_stub.v to e:/JYD2025_Contest-rv32i55555/JYD2025_Contest-rv32i/digital_twin.gen/sources_1/ip/IROM/IROM_stub.v.
INFO: [IP_Flow 19-6926] IPCACHE: added file to list for BOM: e:/JYD2025_Contest-rv32i55555/JYD2025_Contest-rv32i/digital_twin.gen/sources_1/ip/IROM/IROM_stub.v
INFO: [IP_Flow 19-6928] IPCACHE: copied cached file e:/JYD2025_Contest-rv32i55555/JYD2025_Contest-rv32i/digital_twin.cache/ip/2023.2/2/f/2f8b08038bd0251b/IROM_stub.vhdl to e:/JYD2025_Contest-rv32i55555/JYD2025_Contest-rv32i/digital_twin.gen/sources_1/ip/IROM/IROM_stub.vhdl.
INFO: [IP_Flow 19-6926] IPCACHE: added file to list for BOM: e:/JYD2025_Contest-rv32i55555/JYD2025_Contest-rv32i/digital_twin.gen/sources_1/ip/IROM/IROM_stub.vhdl
INFO: [IP_Flow 19-4993] Using cached IP synthesis design for IP IROM, cache-ID = 2f8b08038bd0251b; cache size = 57.556 MB.
catch { [ delete_ip_run [get_ips -all IROM] ] }
INFO: [Project 1-386] Moving file 'E:/JYD2025_Contest-rv32i55555/JYD2025_Contest-rv32i/digital_twin.srcs/sources_1/ip/IROM/IROM.xci' from fileset 'IROM' to fileset 'sources_1'.
export_ip_user_files -of_objects [get_files E:/JYD2025_Contest-rv32i55555/JYD2025_Contest-rv32i/digital_twin.srcs/sources_1/ip/IROM/IROM.xci] -no_script -sync -force -quiet
create_ip_run [get_files -of_objects [get_fileset sources_1] E:/JYD2025_Contest-rv32i55555/JYD2025_Contest-rv32i/digital_twin.srcs/sources_1/ip/IROM/IROM.xci]
INFO: [Vivado 12-3453] The given sub-design is up-to-date, no action was taken.  If a run is still desired, use the '-force' option for the file:'E:/JYD2025_Contest-rv32i55555/JYD2025_Contest-rv32i/digital_twin.srcs/sources_1/ip/IROM/IROM.xci'
export_simulation -of_objects [get_files E:/JYD2025_Contest-rv32i55555/JYD2025_Contest-rv32i/digital_twin.srcs/sources_1/ip/IROM/IROM.xci] -directory E:/JYD2025_Contest-rv32i55555/JYD2025_Contest-rv32i/digital_twin.ip_user_files/sim_scripts -ip_user_files_dir E:/JYD2025_Contest-rv32i55555/JYD2025_Contest-rv32i/digital_twin.ip_user_files -ipstatic_source_dir E:/JYD2025_Contest-rv32i55555/JYD2025_Contest-rv32i/digital_twin.ip_user_files/ipstatic -lib_map_path [list {modelsim=E:/JYD2025_Contest-rv32i55555/JYD2025_Contest-rv32i/digital_twin.cache/compile_simlib/modelsim} {questa=E:/JYD2025_Contest-rv32i55555/JYD2025_Contest-rv32i/digital_twin.cache/compile_simlib/questa} {riviera=E:/JYD2025_Contest-rv32i55555/JYD2025_Contest-rv32i/digital_twin.cache/compile_simlib/riviera} {activehdl=E:/JYD2025_Contest-rv32i55555/JYD2025_Contest-rv32i/digital_twin.cache/compile_simlib/activehdl}] -use_ip_compiled_libs -force -quiet
launch_simulation
Command: launch_simulation 
INFO: [Vivado 12-12493] Simulation top is 'tb_myCPU'
WARNING: [Vivado 12-13340] Unable to auto find GCC executables from simulator install path! (path not set)
INFO: [Vivado 12-5698] Checking validity of IPs in the design for the 'XSim' simulator...
INFO: [Vivado 12-5682] Launching behavioral simulation in 'E:/JYD2025_Contest-rv32i55555/JYD2025_Contest-rv32i/digital_twin.sim/sim_1/behav/xsim'
INFO: [Vivado 12-13660] Precompiled IP simulation library mode is enabled (default). The design IP libraries will be referenced from the compiled library path. Please note that if the precompiled version of the library is not found from the path or the IP is in locked state, then the library source files for these IPs will be compiled locally as part of the compile order.
INFO: [Vivado 12-4795] Using compiled simulation libraries for IPs
INFO: [SIM-utils-51] Simulation object is 'sim_1'
INFO: [SIM-utils-72] Using boost library from 'E:/Xilinx/Vivado/2023.2/tps/boost_1_72_0'
INFO: [USF-XSim-7] Finding pre-compiled libraries...
INFO: [USF-XSim-11] File 'E:/Xilinx/Vivado/2023.2/data/xsim/xsim.ini' copied to run dir:'E:/JYD2025_Contest-rv32i55555/JYD2025_Contest-rv32i/digital_twin.sim/sim_1/behav/xsim'
INFO: [SIM-utils-54] Inspecting design source files for 'tb_myCPU' in fileset 'sim_1'...
INFO: [SIM-utils-43] Exported 'E:/JYD2025_Contest-rv32i55555/JYD2025_Contest-rv32i/digital_twin.sim/sim_1/behav/xsim/DRAM.mif'
INFO: [SIM-utils-43] Exported 'E:/JYD2025_Contest-rv32i55555/JYD2025_Contest-rv32i/digital_twin.sim/sim_1/behav/xsim/dram.coe'
INFO: [SIM-utils-43] Exported 'E:/JYD2025_Contest-rv32i55555/JYD2025_Contest-rv32i/digital_twin.sim/sim_1/behav/xsim/DRAM_BRAM.mif'
INFO: [SIM-utils-43] Exported 'E:/JYD2025_Contest-rv32i55555/JYD2025_Contest-rv32i/digital_twin.sim/sim_1/behav/xsim/dram.coe'
INFO: [SIM-utils-43] Exported 'E:/JYD2025_Contest-rv32i55555/JYD2025_Contest-rv32i/digital_twin.sim/sim_1/behav/xsim/IROM.mif'
INFO: [SIM-utils-43] Exported 'E:/JYD2025_Contest-rv32i55555/JYD2025_Contest-rv32i/digital_twin.sim/sim_1/behav/xsim/R.coe'
INFO: [SIM-utils-43] Exported 'E:/JYD2025_Contest-rv32i55555/JYD2025_Contest-rv32i/digital_twin.sim/sim_1/behav/xsim/dram.coe'
INFO: [SIM-utils-43] Exported 'E:/JYD2025_Contest-rv32i55555/JYD2025_Contest-rv32i/digital_twin.sim/sim_1/behav/xsim/irom.coe'
INFO: [SIM-utils-43] Exported 'E:/JYD2025_Contest-rv32i55555/JYD2025_Contest-rv32i/digital_twin.sim/sim_1/behav/xsim/irom.coe'
INFO: [SIM-utils-43] Exported 'E:/JYD2025_Contest-rv32i55555/JYD2025_Contest-rv32i/digital_twin.sim/sim_1/behav/xsim/irom.coe'
INFO: [SIM-utils-43] Exported 'E:/JYD2025_Contest-rv32i55555/JYD2025_Contest-rv32i/digital_twin.sim/sim_1/behav/xsim/irom.coe'
INFO: [SIM-utils-43] Exported 'E:/JYD2025_Contest-rv32i55555/JYD2025_Contest-rv32i/digital_twin.sim/sim_1/behav/xsim/dram.coe'
INFO: [SIM-utils-43] Exported 'E:/JYD2025_Contest-rv32i55555/JYD2025_Contest-rv32i/digital_twin.sim/sim_1/behav/xsim/irom.coe'
INFO: [SIM-utils-43] Exported 'E:/JYD2025_Contest-rv32i55555/JYD2025_Contest-rv32i/digital_twin.sim/sim_1/behav/xsim/dram.coe'
INFO: [SIM-utils-43] Exported 'E:/JYD2025_Contest-rv32i55555/JYD2025_Contest-rv32i/digital_twin.sim/sim_1/behav/xsim/irom.coe'
INFO: [SIM-utils-43] Exported 'E:/JYD2025_Contest-rv32i55555/JYD2025_Contest-rv32i/digital_twin.sim/sim_1/behav/xsim/dram.coe'
INFO: [USF-XSim-97] Finding global include files...
INFO: [USF-XSim-98] Fetching design files from 'sim_1'...
INFO: [USF-XSim-2] XSim::Compile design
INFO: [USF-XSim-61] Executing 'COMPILE and ANALYZE' step in 'E:/JYD2025_Contest-rv32i55555/JYD2025_Contest-rv32i/digital_twin.sim/sim_1/behav/xsim'
"xvlog --incr --relax -L uvm -prj tb_myCPU_vlog.prj"
ECHO 处于关闭状态。
ECHO 处于关闭状态。
INFO: [VRFC 10-2263] Analyzing Verilog file "E:/JYD2025_Contest-rv32i55555/JYD2025_Contest-rv32i/digital_twin.gen/sources_1/ip/DRAM_BRAM/sim/DRAM_BRAM.v" into library xil_defaultlib
INFO: [VRFC 10-311] analyzing module DRAM_BRAM
INFO: [VRFC 10-2263] Analyzing Verilog file "E:/JYD2025_Contest-rv32i55555/JYD2025_Contest-rv32i/digital_twin.gen/sources_1/ip/IROM/sim/IROM.v" into library xil_defaultlib
INFO: [VRFC 10-311] analyzing module IROM
INFO: [VRFC 10-2263] Analyzing Verilog file "E:/JYD2025_Contest-rv32i55555/JYD2025_Contest-rv32i/digital_twin.gen/sources_1/ip/pll/pll_clk_wiz.v" into library xil_defaultlib
INFO: [VRFC 10-311] analyzing module pll_clk_wiz
INFO: [VRFC 10-2263] Analyzing Verilog file "E:/JYD2025_Contest-rv32i55555/JYD2025_Contest-rv32i/digital_twin.gen/sources_1/ip/pll/pll.v" into library xil_defaultlib
INFO: [VRFC 10-311] analyzing module pll
INFO: [USF-XSim-69] 'compile' step finished in '3' seconds
INFO: [USF-XSim-3] XSim::Elaborate design
INFO: [USF-XSim-61] Executing 'ELABORATE' step in 'E:/JYD2025_Contest-rv32i55555/JYD2025_Contest-rv32i/digital_twin.sim/sim_1/behav/xsim'
"xelab --incr --debug typical --relax --mt 2 -L xil_defaultlib -L blk_mem_gen_v8_4_7 -L dist_mem_gen_v8_0_14 -L uvm -L unisims_ver -L unimacro_ver -L secureip -L xpm --snapshot tb_myCPU_behav xil_defaultlib.tb_myCPU xil_defaultlib.glbl -log elaborate.log"
ECHO 处于关闭状态。
ECHO 处于关闭状态。
Vivado Simulator v2023.2
Copyright 1986-2022 Xilinx, Inc. All Rights Reserved.
Copyright 2022-2023 Advanced Micro Devices, Inc. All Rights Reserved.
Running: E:/Xilinx/Vivado/2023.2/bin/unwrapped/win64.o/xelab.exe --incr --debug typical --relax --mt 2 -L xil_defaultlib -L blk_mem_gen_v8_4_7 -L dist_mem_gen_v8_0_14 -L uvm -L unisims_ver -L unimacro_ver -L secureip -L xpm --snapshot tb_myCPU_behav xil_defaultlib.tb_myCPU xil_defaultlib.glbl -log elaborate.log 
Using 2 slave threads.
Starting static elaboration
Pass Through NonSizing Optimizer
ERROR: [VRFC 10-2991] 'regs' is not declared under prefix 'rf' [E:/JYD2025_Contest-rv32i55555/JYD2025_Contest-rv32i/digital_twin.srcs/sim_1/new/tb_myCPU.sv:53]
ERROR: [XSIM 43-3322] Static elaboration of top level Verilog design unit(s) in library work failed.
INFO: [USF-XSim-69] 'elaborate' step finished in '2' seconds
INFO: [USF-XSim-99] Step results log file:'E:/JYD2025_Contest-rv32i55555/JYD2025_Contest-rv32i/digital_twin.sim/sim_1/behav/xsim/elaborate.log'
ERROR: [USF-XSim-62] 'elaborate' step failed with error(s). Please check the Tcl console output or 'E:/JYD2025_Contest-rv32i55555/JYD2025_Contest-rv32i/digital_twin.sim/sim_1/behav/xsim/elaborate.log' file for more information.
ERROR: [Vivado 12-4473] Detected error while running simulation. Please correct the issue and retry this operation.
launch_simulation: Time (s): cpu = 00:00:01 ; elapsed = 00:00:05 . Memory (MB): peak = 4617.141 ; gain = 0.000
ERROR: [Common 17-39] 'launch_simulation' failed due to earlier errors.
close_sim
INFO: [Simtcl 6-16] Simulation closed
exit
INFO: [Common 17-206] Exiting Vivado at Mon May  4 23:14:42 2026...
