Copyright 1986-2022 Xilinx, Inc. All Rights Reserved. Copyright 2022-2023 Advanced Micro Devices, Inc. All Rights Reserved.
---------------------------------------------------------------------------------------------------------------------------------------------
| Tool Version : Vivado v.2023.2 (win64) Build 4029153 Fri Oct 13 20:14:34 MDT 2023
| Date         : Mon May  4 18:27:14 2026
| Host         : o running 64-bit major release  (build 9200)
| Command      : report_control_sets -verbose -file top_control_sets_placed.rpt
| Design       : top
| Device       : xc7k325t
---------------------------------------------------------------------------------------------------------------------------------------------

Control Set Information

Table of Contents
-----------------
1. Summary
2. Histogram
3. Flip-Flop Distribution
4. Detailed Control Set Information

1. Summary
----------

+----------------------------------------------------------+-------+
|                          Status                          | Count |
+----------------------------------------------------------+-------+
| Total control sets                                       |    56 |
|    Minimum number of control sets                        |    56 |
|    Addition due to synthesis replication                 |     0 |
|    Addition due to physical synthesis replication        |     0 |
| Unused register locations in slices containing registers |    68 |
+----------------------------------------------------------+-------+
* Control sets can be merged at opt_design using control_set_merge or merge_equivalent_drivers
** Run report_qor_suggestions for automated merging and remapping suggestions


2. Histogram
------------

+--------------------+-------+
|       Fanout       | Count |
+--------------------+-------+
| Total control sets |    56 |
| >= 0 to < 4        |     3 |
| >= 4 to < 6        |     4 |
| >= 6 to < 8        |     0 |
| >= 8 to < 10       |     4 |
| >= 10 to < 12      |     0 |
| >= 12 to < 14      |     3 |
| >= 14 to < 16      |     0 |
| >= 16              |    42 |
+--------------------+-------+
* Control sets can be remapped at either synth_design or opt_design


3. Flip-Flop Distribution
-------------------------

+--------------+-----------------------+------------------------+-----------------+--------------+
| Clock Enable | Synchronous Set/Reset | Asynchronous Set/Reset | Total Registers | Total Slices |
+--------------+-----------------------+------------------------+-----------------+--------------+
| No           | No                    | No                     |               6 |            2 |
| No           | No                    | Yes                    |             307 |           98 |
| No           | Yes                   | No                     |             148 |           60 |
| Yes          | No                    | No                     |               0 |            0 |
| Yes          | No                    | Yes                    |            1687 |          697 |
| Yes          | Yes                   | No                     |             128 |           47 |
+--------------+-----------------------+------------------------+-----------------+--------------+


4. Detailed Control Set Information
-----------------------------------

+-------------------------+-----------------------------------------------------------------+--------------------------------------------------------------+------------------+----------------+--------------+
|       Clock Signal      |                          Enable Signal                          |                       Set/Reset Signal                       | Slice Load Count | Bel Load Count | Bels / Slice |
+-------------------------+-----------------------------------------------------------------+--------------------------------------------------------------+------------------+----------------+--------------+
|  pll_inst/inst/clk_out1 | uart_inst/tx_i_1_n_0                                            | twin_controller_inst/bbstub_locked                           |                1 |              1 |         1.00 |
|  pll_inst/inst/clk_out1 |                                                                 |                                                              |                1 |              2 |         2.00 |
|  pll_inst/inst/clk_out2 |                                                                 | twin_controller_inst/bbstub_locked                           |                2 |              3 |         1.50 |
|  pll_inst/inst/clk_out1 | uart_inst/rx_bit_cnt                                            | twin_controller_inst/bbstub_locked                           |                1 |              4 |         4.00 |
|  pll_inst/inst/clk_out1 | uart_inst/tx_bit_cnt                                            | twin_controller_inst/bbstub_locked                           |                1 |              4 |         4.00 |
|  pll_inst/inst/clk_out2 |                                                                 |                                                              |                1 |              4 |         4.00 |
|  pll_inst/inst/clk_out1 | twin_controller_inst/send_cnt[4]_i_1_n_0                        | twin_controller_inst/bbstub_locked                           |                1 |              5 |         5.00 |
|  pll_inst/inst/clk_out1 | twin_controller_inst/tx_start_next                              | twin_controller_inst/bbstub_locked                           |                2 |              8 |         4.00 |
|  pll_inst/inst/clk_out1 | uart_inst/rx_data[7]_i_1_n_0                                    | twin_controller_inst/bbstub_locked                           |                1 |              8 |         8.00 |
|  pll_inst/inst/clk_out1 | uart_inst/rx_shift                                              | twin_controller_inst/bbstub_locked                           |                1 |              8 |         8.00 |
|  pll_inst/inst/clk_out1 | uart_inst/tx_shift                                              | twin_controller_inst/bbstub_locked                           |                2 |              9 |         4.50 |
|  pll_inst/inst/clk_out1 | uart_inst/rx_cnt                                                | twin_controller_inst/bbstub_locked                           |                3 |             13 |         4.33 |
|  pll_inst/inst/clk_out1 | uart_inst/rx_ready_cnt[12]_i_1_n_0                              | twin_controller_inst/bbstub_locked                           |                3 |             13 |         4.33 |
|  pll_inst/inst/clk_out1 | uart_inst/tx_cnt                                                | twin_controller_inst/bbstub_locked                           |                3 |             13 |         4.33 |
|  pll_inst/inst/clk_out1 |                                                                 | student_top_inst/bridge_inst/counter_inst/cnt_1ms[0]_i_1_n_0 |                4 |             16 |         4.00 |
|  pll_inst/inst/clk_out2 | student_top_inst/Core_cpu/mem_stage/mem_wb_reg_reg[4]_7[0]      | student_top_inst/w_rst_synced                                |               20 |             32 |         1.60 |
|  pll_inst/inst/clk_out2 | student_top_inst/Core_cpu/mem_stage/mem_wb_reg_reg[4]_5[0]      | student_top_inst/w_rst_synced                                |               13 |             32 |         2.46 |
|  pll_inst/inst/clk_out1 | student_top_inst/bridge_inst/counter_inst/cnt_ms_bin[0]_i_1_n_0 | student_top_inst/w_rst_synced                                |                8 |             32 |         4.00 |
|  pll_inst/inst/clk_out2 | student_top_inst/Core_cpu/mem_stage/mem_wb_reg_reg[3]_4[0]      | student_top_inst/w_rst_synced                                |               13 |             32 |         2.46 |
|  pll_inst/inst/clk_out2 | student_top_inst/bridge_inst/seg_wdata[31]_i_1_n_0              | student_top_inst/w_rst_synced                                |               17 |             32 |         1.88 |
|  pll_inst/inst/clk_out2 | student_top_inst/Core_cpu/mem_stage/E[0]                        | student_top_inst/w_rst_synced                                |               17 |             32 |         1.88 |
|  pll_inst/inst/clk_out2 | student_top_inst/Core_cpu/mem_stage/mem_wb_reg_reg[0]_2[0]      | student_top_inst/w_rst_synced                                |               12 |             32 |         2.67 |
|  pll_inst/inst/clk_out2 | student_top_inst/Core_cpu/mem_stage/mem_wb_reg_reg[0]_1[0]      | student_top_inst/w_rst_synced                                |               10 |             32 |         3.20 |
|  pll_inst/inst/clk_out2 | student_top_inst/Core_cpu/mem_stage/mem_wb_reg_reg[0]_0[0]      | student_top_inst/w_rst_synced                                |               10 |             32 |         3.20 |
|  pll_inst/inst/clk_out2 | student_top_inst/Core_cpu/mem_stage/mem_wb_reg_reg[2]_1[0]      | student_top_inst/w_rst_synced                                |               16 |             32 |         2.00 |
|  pll_inst/inst/clk_out2 | student_top_inst/Core_cpu/mem_stage/mem_wb_reg_reg[4]_3[0]      | student_top_inst/w_rst_synced                                |               10 |             32 |         3.20 |
|  pll_inst/inst/clk_out2 | student_top_inst/Core_cpu/mem_stage/mem_wb_reg_reg[1]_1[0]      | student_top_inst/w_rst_synced                                |               13 |             32 |         2.46 |
|  pll_inst/inst/clk_out2 | student_top_inst/Core_cpu/mem_stage/mem_wb_reg_reg[2]_2[0]      | student_top_inst/w_rst_synced                                |               13 |             32 |         2.46 |
|  pll_inst/inst/clk_out2 | student_top_inst/Core_cpu/mem_stage/mem_wb_reg_reg[3]_1[0]      | student_top_inst/w_rst_synced                                |               11 |             32 |         2.91 |
|  pll_inst/inst/clk_out2 | student_top_inst/Core_cpu/mem_stage/mem_wb_reg_reg[3]_3[0]      | student_top_inst/w_rst_synced                                |               11 |             32 |         2.91 |
|  pll_inst/inst/clk_out2 | student_top_inst/Core_cpu/mem_stage/mem_wb_reg_reg[3]_2[0]      | student_top_inst/w_rst_synced                                |               13 |             32 |         2.46 |
|  pll_inst/inst/clk_out2 | student_top_inst/Core_cpu/mem_stage/mem_wb_reg_reg[3]_5[0]      | student_top_inst/w_rst_synced                                |               14 |             32 |         2.29 |
|  pll_inst/inst/clk_out2 | student_top_inst/Core_cpu/mem_stage/mem_wb_reg_reg[4]_6[0]      | student_top_inst/w_rst_synced                                |               19 |             32 |         1.68 |
|  pll_inst/inst/clk_out2 | student_top_inst/Core_cpu/mem_stage/mem_wb_reg_reg[4]_0[0]      | student_top_inst/w_rst_synced                                |               14 |             32 |         2.29 |
|  pll_inst/inst/clk_out2 | student_top_inst/Core_cpu/mem_stage/mem_wb_reg_reg[4]_1[0]      | student_top_inst/w_rst_synced                                |                9 |             32 |         3.56 |
|  pll_inst/inst/clk_out2 | student_top_inst/Core_cpu/mem_stage/mem_wb_reg_reg[4]_2[0]      | student_top_inst/w_rst_synced                                |               16 |             32 |         2.00 |
|  pll_inst/inst/clk_out2 | student_top_inst/Core_cpu/mem_stage/mem_wb_reg_reg[2]_3[0]      | student_top_inst/w_rst_synced                                |               13 |             32 |         2.46 |
|  pll_inst/inst/clk_out2 | student_top_inst/Core_cpu/mem_stage/mem_wb_reg_reg[4]_11[0]     | student_top_inst/w_rst_synced                                |               20 |             32 |         1.60 |
|  pll_inst/inst/clk_out2 | student_top_inst/Core_cpu/mem_stage/mem_wb_reg_reg[2]_0[0]      | student_top_inst/w_rst_synced                                |               16 |             32 |         2.00 |
|  pll_inst/inst/clk_out2 | student_top_inst/Core_cpu/mem_stage/mem_wb_reg_reg[4]_13[0]     | student_top_inst/w_rst_synced                                |               13 |             32 |         2.46 |
|  pll_inst/inst/clk_out2 | student_top_inst/Core_cpu/mem_stage/mem_wb_reg_reg[1]_0[0]      | student_top_inst/w_rst_synced                                |               10 |             32 |         3.20 |
|  pll_inst/inst/clk_out2 | student_top_inst/Core_cpu/mem_stage/mem_wb_reg_reg[4]_4[0]      | student_top_inst/w_rst_synced                                |               14 |             32 |         2.29 |
|  pll_inst/inst/clk_out2 | student_top_inst/Core_cpu/mem_stage/mem_wb_reg_reg[4]_10[0]     | student_top_inst/w_rst_synced                                |               19 |             32 |         1.68 |
|  pll_inst/inst/clk_out2 | student_top_inst/Core_cpu/mem_stage/mem_wb_reg_reg[3]_0[0]      | student_top_inst/w_rst_synced                                |               12 |             32 |         2.67 |
|  pll_inst/inst/clk_out2 | student_top_inst/Core_cpu/mem_stage/mem_wb_reg_reg[4]_12[0]     | student_top_inst/w_rst_synced                                |               12 |             32 |         2.67 |
|  pll_inst/inst/clk_out2 | student_top_inst/Core_cpu/mem_stage/mem_wb_reg_reg[4]_8[0]      | student_top_inst/w_rst_synced                                |               19 |             32 |         1.68 |
|  pll_inst/inst/clk_out2 | student_top_inst/Core_cpu/mem_stage/mem_wb_reg_reg[4]_9[0]      | student_top_inst/w_rst_synced                                |               23 |             32 |         1.39 |
|  pll_inst/inst/clk_out2 | student_top_inst/Core_cpu/mem_stage/mem_wb_reg_reg[2]_4[0]      | student_top_inst/w_rst_synced                                |               21 |             32 |         1.52 |
|  pll_inst/inst/clk_out2 | student_top_inst/bridge_inst/LED[31]_i_1_n_0                    | student_top_inst/w_rst_synced                                |               22 |             64 |         2.91 |
|  pll_inst/inst/clk_out1 |                                                                 | twin_controller_inst/bbstub_locked                           |               28 |             84 |         3.00 |
|  pll_inst/inst/clk_out2 | student_top_inst/Core_cpu/ex_stage/E[0]                         | student_top_inst/w_rst_synced                                |               35 |            104 |         2.97 |
|  pll_inst/inst/clk_out2 | student_top_inst/Core_cpu/ex_stage/ex_mem_reg                   | student_top_inst/w_rst_synced                                |               51 |            108 |         2.12 |
|  pll_inst/inst/clk_out2 | student_top_inst/Core_cpu/ex_stage/id_allow_in                  | student_top_inst/w_rst_synced                                |               54 |            110 |         2.04 |
|  pll_inst/inst/clk_out1 | uart_inst/E[0]                                                  | twin_controller_inst/bbstub_locked                           |               34 |            134 |         3.94 |
|  pll_inst/inst/clk_out2 | student_top_inst/Core_cpu/ex_stage/ex_reg0                      | student_top_inst/w_rst_synced                                |               58 |            153 |         2.64 |
|  pll_inst/inst/clk_out2 |                                                                 | student_top_inst/w_rst_synced                                |              124 |            352 |         2.84 |
+-------------------------+-----------------------------------------------------------------+--------------------------------------------------------------+------------------+----------------+--------------+


