INFO: [VRFC 10-2263] Analyzing SystemVerilog file "E:/JYD2025_Contest-rv32i55555/JYD2025_Contest-rv32i/digital_twin.srcs/sources_1/imports/new/ACTL.sv" into library xil_defaultlib
INFO: [VRFC 10-311] analyzing module ACTL
INFO: [VRFC 10-2263] Analyzing SystemVerilog file "E:/JYD2025_Contest-rv32i55555/JYD2025_Contest-rv32i/digital_twin.srcs/sources_1/imports/new/ALU.sv" into library xil_defaultlib
INFO: [VRFC 10-311] analyzing module ALU
INFO: [VRFC 10-2263] Analyzing SystemVerilog file "E:/JYD2025_Contest-rv32i55555/JYD2025_Contest-rv32i/digital_twin.srcs/sources_1/new/CSR.sv" into library xil_defaultlib
INFO: [VRFC 10-311] analyzing module CSR
INFO: [VRFC 10-2263] Analyzing SystemVerilog file "E:/JYD2025_Contest-rv32i55555/JYD2025_Contest-rv32i/digital_twin.srcs/sources_1/imports/new/Control.sv" into library xil_defaultlib
INFO: [VRFC 10-311] analyzing module Control
INFO: [VRFC 10-2263] Analyzing SystemVerilog file "E:/JYD2025_Contest-rv32i55555/JYD2025_Contest-rv32i/digital_twin.srcs/sources_1/imports/new/IMMGEN.sv" into library xil_defaultlib
INFO: [VRFC 10-311] analyzing module IMMGEN
INFO: [VRFC 10-2263] Analyzing SystemVerilog file "E:/JYD2025_Contest-rv32i55555/JYD2025_Contest-rv32i/digital_twin.srcs/sources_1/imports/new/Mask.sv" into library xil_defaultlib
INFO: [VRFC 10-311] analyzing module Mask
INFO: [VRFC 10-2263] Analyzing SystemVerilog file "E:/JYD2025_Contest-rv32i55555/JYD2025_Contest-rv32i/digital_twin.srcs/sources_1/imports/new/PC.sv" into library xil_defaultlib
INFO: [VRFC 10-311] analyzing module PC
INFO: [VRFC 10-2263] Analyzing SystemVerilog file "E:/JYD2025_Contest-rv32i55555/JYD2025_Contest-rv32i/digital_twin.srcs/sources_1/imports/new/RF.sv" into library xil_defaultlib
INFO: [VRFC 10-311] analyzing module RF
INFO: [VRFC 10-2263] Analyzing SystemVerilog file "E:/JYD2025_Contest-rv32i55555/JYD2025_Contest-rv32i/digital_twin.srcs/sources_1/new/counter.sv" into library xil_defaultlib
INFO: [VRFC 10-311] analyzing module counter
INFO: [VRFC 10-2263] Analyzing SystemVerilog file "E:/JYD2025_Contest-rv32i55555/JYD2025_Contest-rv32i/digital_twin.srcs/sources_1/new/display_seg.sv" into library xil_defaultlib
INFO: [VRFC 10-311] analyzing module display_seg
INFO: [VRFC 10-2263] Analyzing SystemVerilog file "E:/JYD2025_Contest-rv32i55555/JYD2025_Contest-rv32i/digital_twin.srcs/sources_1/new/dram_driver.sv" into library xil_defaultlib
INFO: [VRFC 10-311] analyzing module dram_driver
INFO: [VRFC 10-2263] Analyzing SystemVerilog file "E:/JYD2025_Contest-rv32i55555/JYD2025_Contest-rv32i/digital_twin.srcs/sources_1/imports/new/myCPU.sv" into library xil_defaultlib
INFO: [VRFC 10-311] analyzing module myCPU
INFO: [VRFC 10-2263] Analyzing SystemVerilog file "E:/JYD2025_Contest-rv32i55555/JYD2025_Contest-rv32i/digital_twin.srcs/sources_1/new/perip_bridge.sv" into library xil_defaultlib
INFO: [VRFC 10-311] analyzing module perip_bridge
INFO: [VRFC 10-2263] Analyzing SystemVerilog file "E:/JYD2025_Contest-rv32i55555/JYD2025_Contest-rv32i/digital_twin.srcs/sources_1/new/seg7.sv" into library xil_defaultlib
INFO: [VRFC 10-311] analyzing module seg7
INFO: [VRFC 10-2263] Analyzing SystemVerilog file "E:/JYD2025_Contest-rv32i55555/JYD2025_Contest-rv32i/digital_twin.srcs/sources_1/new/stage_EX.sv" into library xil_defaultlib
WARNING: [VRFC 10-9157] macro 'ex_to_mem_bus_WIDTH' is redefined [E:/JYD2025_Contest-rv32i55555/JYD2025_Contest-rv32i/digital_twin.srcs/sources_1/new/defines.sv:19]
WARNING: [VRFC 10-9157] macro 'mem_to_wb_bus_WIDTH' is redefined [E:/JYD2025_Contest-rv32i55555/JYD2025_Contest-rv32i/digital_twin.srcs/sources_1/new/defines.sv:20]
INFO: [VRFC 10-311] analyzing module stage_EX
INFO: [VRFC 10-2263] Analyzing SystemVerilog file "E:/JYD2025_Contest-rv32i55555/JYD2025_Contest-rv32i/digital_twin.srcs/sources_1/new/stage_ID.sv" into library xil_defaultlib
INFO: [VRFC 10-311] analyzing module stage_ID
WARNING: [VRFC 10-3380] identifier 'final_reg_write' is used before its declaration [E:/JYD2025_Contest-rv32i55555/JYD2025_Contest-rv32i/digital_twin.srcs/sources_1/new/stage_ID.sv:193]
INFO: [VRFC 10-2263] Analyzing SystemVerilog file "E:/JYD2025_Contest-rv32i55555/JYD2025_Contest-rv32i/digital_twin.srcs/sources_1/new/stage_IF.sv" into library xil_defaultlib
INFO: [VRFC 10-311] analyzing module stage_IF
INFO: [VRFC 10-2263] Analyzing SystemVerilog file "E:/JYD2025_Contest-rv32i55555/JYD2025_Contest-rv32i/digital_twin.srcs/sources_1/new/stage_MEM.sv" into library xil_defaultlib
INFO: [VRFC 10-311] analyzing module stage_MEM
WARNING: [VRFC 10-3380] identifier 'ex_mem_csr_wen_eff' is used before its declaration [E:/JYD2025_Contest-rv32i55555/JYD2025_Contest-rv32i/digital_twin.srcs/sources_1/new/stage_MEM.sv:178]
INFO: [VRFC 10-2263] Analyzing SystemVerilog file "E:/JYD2025_Contest-rv32i55555/JYD2025_Contest-rv32i/digital_twin.srcs/sources_1/new/stage_WB.sv" into library xil_defaultlib
INFO: [VRFC 10-311] analyzing module stage_WB
INFO: [VRFC 10-2263] Analyzing SystemVerilog file "E:/JYD2025_Contest-rv32i55555/JYD2025_Contest-rv32i/digital_twin.srcs/sources_1/new/student_top.sv" into library xil_defaultlib
INFO: [VRFC 10-311] analyzing module student_top
INFO: [VRFC 10-2263] Analyzing SystemVerilog file "E:/JYD2025_Contest-rv32i55555/JYD2025_Contest-rv32i/digital_twin.srcs/sources_1/new/top.sv" into library xil_defaultlib
INFO: [VRFC 10-311] analyzing module top
INFO: [VRFC 10-2263] Analyzing SystemVerilog file "E:/JYD2025_Contest-rv32i55555/JYD2025_Contest-rv32i/digital_twin.srcs/sources_1/new/twin_controller.sv" into library xil_defaultlib
INFO: [VRFC 10-311] analyzing module twin_controller
INFO: [VRFC 10-2263] Analyzing SystemVerilog file "E:/JYD2025_Contest-rv32i55555/JYD2025_Contest-rv32i/digital_twin.srcs/sources_1/new/uart.sv" into library xil_defaultlib
INFO: [VRFC 10-311] analyzing module uart
INFO: [VRFC 10-2263] Analyzing SystemVerilog file "E:/JYD2025_Contest-rv32i55555/JYD2025_Contest-rv32i/digital_twin.srcs/sim_1/new/tb_myCPU.sv" into library xil_defaultlib
INFO: [VRFC 10-311] analyzing module tb_myCPU
